Archive member included to satisfy reference by file (symbol)

/Applications/Simplicity Studio.app/Contents/Eclipse/developer/toolchains/gnu_arm/10.3_2021.10/bin/../lib/gcc/arm-none-eabi/10.3.1/thumb/v8-m.main+fp/hard/libgcc.a(_arm_muldf3.o)
                              vscode-build/obj/blink.o (__aeabi_dmul)
/Applications/Simplicity Studio.app/Contents/Eclipse/developer/toolchains/gnu_arm/10.3_2021.10/bin/../lib/gcc/arm-none-eabi/10.3.1/thumb/v8-m.main+fp/hard/libgcc.a(_arm_addsubdf3.o)
                              vscode-build/obj/blink.o (__aeabi_ui2d)
/Applications/Simplicity Studio.app/Contents/Eclipse/developer/toolchains/gnu_arm/10.3_2021.10/bin/../lib/gcc/arm-none-eabi/10.3.1/thumb/v8-m.main+fp/hard/libgcc.a(_arm_fixunsdfsi.o)
                              vscode-build/obj/blink.o (__aeabi_d2uiz)
/Applications/Simplicity Studio.app/Contents/Eclipse/developer/toolchains/gnu_arm/10.3_2021.10/bin/../lib/gcc/arm-none-eabi/10.3.1/thumb/v8-m.main+fp/hard/libgcc.a(_aeabi_ldivmod.o)
                              vscode-build/obj/gecko_sdk_4.3.1/platform/emlib/src/em_usart.o (__aeabi_ldivmod)
/Applications/Simplicity Studio.app/Contents/Eclipse/developer/toolchains/gnu_arm/10.3_2021.10/bin/../lib/gcc/arm-none-eabi/10.3.1/thumb/v8-m.main+fp/hard/libgcc.a(_aeabi_uldivmod.o)
                              vscode-build/obj/gecko_sdk_4.3.1/platform/emlib/src/em_usart.o (__aeabi_uldivmod)
/Applications/Simplicity Studio.app/Contents/Eclipse/developer/toolchains/gnu_arm/10.3_2021.10/bin/../lib/gcc/arm-none-eabi/10.3.1/thumb/v8-m.main+fp/hard/libgcc.a(_udivmoddi4.o)
                              /Applications/Simplicity Studio.app/Contents/Eclipse/developer/toolchains/gnu_arm/10.3_2021.10/bin/../lib/gcc/arm-none-eabi/10.3.1/thumb/v8-m.main+fp/hard/libgcc.a(_aeabi_ldivmod.o) (__udivmoddi4)
/Applications/Simplicity Studio.app/Contents/Eclipse/developer/toolchains/gnu_arm/10.3_2021.10/bin/../lib/gcc/arm-none-eabi/10.3.1/thumb/v8-m.main+fp/hard/libgcc.a(_dvmd_tls.o)
                              /Applications/Simplicity Studio.app/Contents/Eclipse/developer/toolchains/gnu_arm/10.3_2021.10/bin/../lib/gcc/arm-none-eabi/10.3.1/thumb/v8-m.main+fp/hard/libgcc.a(_aeabi_ldivmod.o) (__aeabi_ldiv0)
/Applications/Simplicity Studio.app/Contents/Eclipse/developer/toolchains/gnu_arm/10.3_2021.10/bin/../lib/gcc/arm-none-eabi/10.3.1/../../../../arm-none-eabi/lib/thumb/v8-m.main+fp/hard/libc_nano.a(lib_a-exit.o)
                              /Applications/Simplicity Studio.app/Contents/Eclipse/developer/toolchains/gnu_arm/10.3_2021.10/bin/../lib/gcc/arm-none-eabi/10.3.1/../../../../arm-none-eabi/lib/thumb/v8-m.main+fp/hard/crt0.o (exit)
/Applications/Simplicity Studio.app/Contents/Eclipse/developer/toolchains/gnu_arm/10.3_2021.10/bin/../lib/gcc/arm-none-eabi/10.3.1/../../../../arm-none-eabi/lib/thumb/v8-m.main+fp/hard/libc_nano.a(lib_a-impure.o)
                              /Applications/Simplicity Studio.app/Contents/Eclipse/developer/toolchains/gnu_arm/10.3_2021.10/bin/../lib/gcc/arm-none-eabi/10.3.1/../../../../arm-none-eabi/lib/thumb/v8-m.main+fp/hard/libc_nano.a(lib_a-exit.o) (_global_impure_ptr)
/Applications/Simplicity Studio.app/Contents/Eclipse/developer/toolchains/gnu_arm/10.3_2021.10/bin/../lib/gcc/arm-none-eabi/10.3.1/../../../../arm-none-eabi/lib/thumb/v8-m.main+fp/hard/libc_nano.a(lib_a-init.o)
                              /Applications/Simplicity Studio.app/Contents/Eclipse/developer/toolchains/gnu_arm/10.3_2021.10/bin/../lib/gcc/arm-none-eabi/10.3.1/../../../../arm-none-eabi/lib/thumb/v8-m.main+fp/hard/crt0.o (__libc_init_array)
/Applications/Simplicity Studio.app/Contents/Eclipse/developer/toolchains/gnu_arm/10.3_2021.10/bin/../lib/gcc/arm-none-eabi/10.3.1/../../../../arm-none-eabi/lib/thumb/v8-m.main+fp/hard/libc_nano.a(lib_a-memset.o)
                              /Applications/Simplicity Studio.app/Contents/Eclipse/developer/toolchains/gnu_arm/10.3_2021.10/bin/../lib/gcc/arm-none-eabi/10.3.1/../../../../arm-none-eabi/lib/thumb/v8-m.main+fp/hard/crt0.o (memset)
/Applications/Simplicity Studio.app/Contents/Eclipse/developer/toolchains/gnu_arm/10.3_2021.10/bin/../lib/gcc/arm-none-eabi/10.3.1/../../../../arm-none-eabi/lib/thumb/v8-m.main+fp/hard/libnosys.a(_exit.o)
                              /Applications/Simplicity Studio.app/Contents/Eclipse/developer/toolchains/gnu_arm/10.3_2021.10/bin/../lib/gcc/arm-none-eabi/10.3.1/../../../../arm-none-eabi/lib/thumb/v8-m.main+fp/hard/libc_nano.a(lib_a-exit.o) (_exit)

Discarded input sections

 .text          0x0000000000000000        0x0 /Applications/Simplicity Studio.app/Contents/Eclipse/developer/toolchains/gnu_arm/10.3_2021.10/bin/../lib/gcc/arm-none-eabi/10.3.1/thumb/v8-m.main+fp/hard/crti.o
 .data          0x0000000000000000        0x0 /Applications/Simplicity Studio.app/Contents/Eclipse/developer/toolchains/gnu_arm/10.3_2021.10/bin/../lib/gcc/arm-none-eabi/10.3.1/thumb/v8-m.main+fp/hard/crti.o
[...]
Memory Configuration

Name             Origin             Length             Attributes
FLASH            0x0000000008000000 0x000000000007e000 xr
RAM              0x0000000020000000 0x0000000000010000 xrw
*default*        0x0000000000000000 0xffffffffffffffff

Linker script and memory map

LOAD /Applications/Simplicity Studio.app/Contents/Eclipse/developer/toolchains/gnu_arm/10.3_2021.10/bin/../lib/gcc/arm-none-eabi/10.3.1/thumb/v8-m.main+fp/hard/crti.o
LOAD /Applications/Simplicity Studio.app/Contents/Eclipse/developer/toolchains/gnu_arm/10.3_2021.10/bin/../lib/gcc/arm-none-eabi/10.3.1/thumb/v8-m.main+fp/hard/crtbegin.o
LOAD /Applications/Simplicity Studio.app/Contents/Eclipse/developer/toolchains/gnu_arm/10.3_2021.10/bin/../lib/gcc/arm-none-eabi/10.3.1/../../../../arm-none-eabi/lib/thumb/v8-m.main+fp/hard/crt0.o
LOAD vscode-build/obj/gecko_sdk_4.3.1/platform/service/udelay/src/sl_udelay_armv6m_gcc.o
LOAD vscode-build/obj/app.o
LOAD vscode-build/obj/autogen/sl_board_default_init.o
LOAD vscode-build/obj/autogen/sl_device_init_clocks.o
LOAD vscode-build/obj/autogen/sl_event_handler.o
LOAD vscode-build/obj/autogen/sl_power_manager_handler.o
LOAD vscode-build/obj/autogen/sl_simple_button_instances.o
LOAD vscode-build/obj/autogen/sl_simple_led_instances.o
LOAD vscode-build/obj/blink.o
LOAD vscode-build/obj/gecko_sdk_4.3.1/hardware/board/src/sl_board_control_gpio.o
LOAD vscode-build/obj/gecko_sdk_4.3.1/hardware/board/src/sl_board_init.o
LOAD vscode-build/obj/gecko_sdk_4.3.1/hardware/driver/configuration_over_swo/src/sl_cos.o
LOAD vscode-build/obj/gecko_sdk_4.3.1/hardware/driver/mx25_flash_shutdown/src/sl_mx25_flash_shutdown_usart/sl_mx25_flash_shutdown.o
LOAD vscode-build/obj/gecko_sdk_4.3.1/platform/Device/SiliconLabs/EFR32ZG23/Source/startup_efr32zg23.o
LOAD vscode-build/obj/gecko_sdk_4.3.1/platform/Device/SiliconLabs/EFR32ZG23/Source/system_efr32zg23.o
LOAD vscode-build/obj/gecko_sdk_4.3.1/platform/common/src/sl_assert.o
LOAD vscode-build/obj/gecko_sdk_4.3.1/platform/common/src/sl_slist.o
LOAD vscode-build/obj/gecko_sdk_4.3.1/platform/common/toolchain/src/sl_memory.o
LOAD vscode-build/obj/gecko_sdk_4.3.1/platform/driver/button/src/sl_button.o
LOAD vscode-build/obj/gecko_sdk_4.3.1/platform/driver/button/src/sl_simple_button.o
LOAD vscode-build/obj/gecko_sdk_4.3.1/platform/driver/debug/src/sl_debug_swo.o
LOAD vscode-build/obj/gecko_sdk_4.3.1/platform/driver/leddrv/src/sl_led.o
LOAD vscode-build/obj/gecko_sdk_4.3.1/platform/driver/leddrv/src/sl_simple_led.o
LOAD vscode-build/obj/gecko_sdk_4.3.1/platform/emdrv/gpiointerrupt/src/gpiointerrupt.o
LOAD vscode-build/obj/gecko_sdk_4.3.1/platform/emlib/src/em_burtc.o
LOAD vscode-build/obj/gecko_sdk_4.3.1/platform/emlib/src/em_cmu.o
LOAD vscode-build/obj/gecko_sdk_4.3.1/platform/emlib/src/em_core.o
LOAD vscode-build/obj/gecko_sdk_4.3.1/platform/emlib/src/em_emu.o
LOAD vscode-build/obj/gecko_sdk_4.3.1/platform/emlib/src/em_gpio.o
LOAD vscode-build/obj/gecko_sdk_4.3.1/platform/emlib/src/em_msc.o
LOAD vscode-build/obj/gecko_sdk_4.3.1/platform/emlib/src/em_prs.o
LOAD vscode-build/obj/gecko_sdk_4.3.1/platform/emlib/src/em_system.o
LOAD vscode-build/obj/gecko_sdk_4.3.1/platform/emlib/src/em_timer.o
LOAD vscode-build/obj/gecko_sdk_4.3.1/platform/emlib/src/em_usart.o
LOAD vscode-build/obj/gecko_sdk_4.3.1/platform/peripheral/src/peripheral_sysrtc.o
LOAD vscode-build/obj/gecko_sdk_4.3.1/platform/service/device_init/src/sl_device_init_dcdc_s2.o
LOAD vscode-build/obj/gecko_sdk_4.3.1/platform/service/device_init/src/sl_device_init_emu_s2.o
LOAD vscode-build/obj/gecko_sdk_4.3.1/platform/service/device_init/src/sl_device_init_hfxo_s2.o
LOAD vscode-build/obj/gecko_sdk_4.3.1/platform/service/device_init/src/sl_device_init_lfxo_s2.o
LOAD vscode-build/obj/gecko_sdk_4.3.1/platform/service/device_init/src/sl_device_init_nvic.o
LOAD vscode-build/obj/gecko_sdk_4.3.1/platform/service/hfxo_manager/src/sl_hfxo_manager.o
LOAD vscode-build/obj/gecko_sdk_4.3.1/platform/service/hfxo_manager/src/sl_hfxo_manager_hal_s2.o
LOAD vscode-build/obj/gecko_sdk_4.3.1/platform/service/power_manager/src/sl_power_manager.o
LOAD vscode-build/obj/gecko_sdk_4.3.1/platform/service/power_manager/src/sl_power_manager_debug.o
LOAD vscode-build/obj/gecko_sdk_4.3.1/platform/service/power_manager/src/sl_power_manager_hal_s2.o
LOAD vscode-build/obj/gecko_sdk_4.3.1/platform/service/sleeptimer/src/sl_sleeptimer.o
LOAD vscode-build/obj/gecko_sdk_4.3.1/platform/service/sleeptimer/src/sl_sleeptimer_hal_burtc.o
LOAD vscode-build/obj/gecko_sdk_4.3.1/platform/service/sleeptimer/src/sl_sleeptimer_hal_sysrtc.o
LOAD vscode-build/obj/gecko_sdk_4.3.1/platform/service/sleeptimer/src/sl_sleeptimer_hal_timer.o
LOAD vscode-build/obj/gecko_sdk_4.3.1/platform/service/system/src/sl_system_init.o
LOAD vscode-build/obj/gecko_sdk_4.3.1/platform/service/system/src/sl_system_process_action.o
LOAD vscode-build/obj/gecko_sdk_4.3.1/platform/service/udelay/src/sl_udelay.o
LOAD vscode-build/obj/main.o
START GROUP
LOAD /Applications/Simplicity Studio.app/Contents/Eclipse/developer/toolchains/gnu_arm/10.3_2021.10/bin/../lib/gcc/arm-none-eabi/10.3.1/thumb/v8-m.main+fp/hard/libgcc.a
LOAD /Applications/Simplicity Studio.app/Contents/Eclipse/developer/toolchains/gnu_arm/10.3_2021.10/bin/../lib/gcc/arm-none-eabi/10.3.1/../../../../arm-none-eabi/lib/thumb/v8-m.main+fp/hard/libc_nano.a
LOAD /Applications/Simplicity Studio.app/Contents/Eclipse/developer/toolchains/gnu_arm/10.3_2021.10/bin/../lib/gcc/arm-none-eabi/10.3.1/../../../../arm-none-eabi/lib/thumb/v8-m.main+fp/hard/libm.a
LOAD /Applications/Simplicity Studio.app/Contents/Eclipse/developer/toolchains/gnu_arm/10.3_2021.10/bin/../lib/gcc/arm-none-eabi/10.3.1/../../../../arm-none-eabi/lib/thumb/v8-m.main+fp/hard/libnosys.a
END GROUP
START GROUP
LOAD /Applications/Simplicity Studio.app/Contents/Eclipse/developer/toolchains/gnu_arm/10.3_2021.10/bin/../lib/gcc/arm-none-eabi/10.3.1/thumb/v8-m.main+fp/hard/libgcc.a
LOAD /Applications/Simplicity Studio.app/Contents/Eclipse/developer/toolchains/gnu_arm/10.3_2021.10/bin/../lib/gcc/arm-none-eabi/10.3.1/../../../../arm-none-eabi/lib/thumb/v8-m.main+fp/hard/libc_nano.a
END GROUP
START GROUP
LOAD /Applications/Simplicity Studio.app/Contents/Eclipse/developer/toolchains/gnu_arm/10.3_2021.10/bin/../lib/gcc/arm-none-eabi/10.3.1/thumb/v8-m.main+fp/hard/libgcc.a
LOAD /Applications/Simplicity Studio.app/Contents/Eclipse/developer/toolchains/gnu_arm/10.3_2021.10/bin/../lib/gcc/arm-none-eabi/10.3.1/../../../../arm-none-eabi/lib/thumb/v8-m.main+fp/hard/libc_nano.a
END GROUP
LOAD /Applications/Simplicity Studio.app/Contents/Eclipse/developer/toolchains/gnu_arm/10.3_2021.10/bin/../lib/gcc/arm-none-eabi/10.3.1/thumb/v8-m.main+fp/hard/crtend.o
LOAD /Applications/Simplicity Studio.app/Contents/Eclipse/developer/toolchains/gnu_arm/10.3_2021.10/bin/../lib/gcc/arm-none-eabi/10.3.1/thumb/v8-m.main+fp/hard/crtn.o

.text           0x0000000008000000     0x4af0
                0x0000000008000000                linker_vectors_begin = .
 *(.vectors)
 .vectors       0x0000000008000000      0x170 vscode-build/obj/gecko_sdk_4.3.1/platform/Device/SiliconLabs/EFR32ZG23/Source/startup_efr32zg23.o
                0x0000000008000000                __Vectors
                0x0000000008000170                linker_vectors_end = .
                0x0000000008000170                __Vectors_End = .
                0x0000000008000170                __Vectors_Size = (__Vectors_End - __Vectors)
                0x0000000008000170                linker_code_begin = .
 *(SORT_BY_ALIGNMENT(.text*))
 .text          0x0000000008000170        0x8 vscode-build/obj/gecko_sdk_4.3.1/platform/service/udelay/src/sl_udelay_armv6m_gcc.o
                0x0000000008000170                sli_delay_loop
 .text          0x0000000008000178       0x40 /Applications/Simplicity Studio.app/Contents/Eclipse/developer/toolchains/gnu_arm/10.3_2021.10/bin/../lib/gcc/arm-none-eabi/10.3.1/thumb/v8-m.main+fp/hard/crtbegin.o
 .text          0x00000000080001b8       0x7c /Applications/Simplicity Studio.app/Contents/Eclipse/developer/toolchains/gnu_arm/10.3_2021.10/bin/../lib/gcc/arm-none-eabi/10.3.1/../../../../arm-none-eabi/lib/thumb/v8-m.main+fp/hard/crt0.o
                0x00000000080001b8                _stack_init
                0x00000000080001c0                _mainCRTStartup
                0x00000000080001c0                _start
 .text.sl_device_init_clocks
                0x0000000008000234       0xac vscode-build/obj/autogen/sl_device_init_clocks.o
                0x0000000008000234                sl_device_init_clocks
 .text.sl_platform_init
                0x00000000080002e0       0xa0 vscode-build/obj/autogen/sl_event_handler.o
                0x00000000080002e0                sl_platform_init
 .text.sl_simple_button_init_instances
                0x0000000008000380       0x1c vscode-build/obj/autogen/sl_simple_button_instances.o
                0x0000000008000380                sl_simple_button_init_instances
 .text.sl_simple_led_init_instances
                0x000000000800039c       0x1c vscode-build/obj/autogen/sl_simple_led_instances.o
                0x000000000800039c                sl_simple_led_init_instances
 .text.on_timeout_led0
                0x00000000080003b8        0xc vscode-build/obj/blink.o
 .text.on_timeout_led1
                0x00000000080003c4        0xc vscode-build/obj/blink.o
 .text.blink_process_action
                0x00000000080003d0       0x34 vscode-build/obj/blink.o
                0x00000000080003d0                blink_process_action
 .text.blink_init
                0x0000000008000404       0x38 vscode-build/obj/blink.o
                0x0000000008000404                blink_init
 .text.sl_button_on_change
                0x000000000800043c       0x54 vscode-build/obj/blink.o
                0x000000000800043c                sl_button_on_change
 .text.cs_high  0x0000000008000490       0x10 vscode-build/obj/gecko_sdk_4.3.1/hardware/driver/mx25_flash_shutdown/src/sl_mx25_flash_shutdown_usart/sl_mx25_flash_shutdown.o
 .text.cs_low   0x00000000080004a0       0x10 vscode-build/obj/gecko_sdk_4.3.1/hardware/driver/mx25_flash_shutdown/src/sl_mx25_flash_shutdown_usart/sl_mx25_flash_shutdown.o
 .text.sl_mx25_flash_shutdown
                0x00000000080004b0      0x118 vscode-build/obj/gecko_sdk_4.3.1/hardware/driver/mx25_flash_shutdown/src/sl_mx25_flash_shutdown_usart/sl_mx25_flash_shutdown.o
                0x00000000080004b0                sl_mx25_flash_shutdown
 .text.Reset_Handler
                0x00000000080005c8       0x60 vscode-build/obj/gecko_sdk_4.3.1/platform/Device/SiliconLabs/EFR32ZG23/Source/startup_efr32zg23.o
                0x00000000080005c8                Reset_Handler
 .text.SystemInit
                0x0000000008000628       0x68 vscode-build/obj/gecko_sdk_4.3.1/platform/Device/SiliconLabs/EFR32ZG23/Source/system_efr32zg23.o
                0x0000000008000628                SystemInit
 .text.SystemHFRCODPLLClockGet
                0x0000000008000690        0xc vscode-build/obj/gecko_sdk_4.3.1/platform/Device/SiliconLabs/EFR32ZG23/Source/system_efr32zg23.o
                0x0000000008000690                SystemHFRCODPLLClockGet
 .text.SystemSYSCLKGet
                0x000000000800069c       0x34 vscode-build/obj/gecko_sdk_4.3.1/platform/Device/SiliconLabs/EFR32ZG23/Source/system_efr32zg23.o
                0x000000000800069c                SystemSYSCLKGet
 .text.SystemHCLKGet
                0x00000000080006d0       0x24 vscode-build/obj/gecko_sdk_4.3.1/platform/Device/SiliconLabs/EFR32ZG23/Source/system_efr32zg23.o
                0x00000000080006d0                SystemHCLKGet
 .text.SystemMaxCoreClockGet
                0x00000000080006f4        0x8 vscode-build/obj/gecko_sdk_4.3.1/platform/Device/SiliconLabs/EFR32ZG23/Source/system_efr32zg23.o
                0x00000000080006f4                SystemMaxCoreClockGet
 .text.SystemHFXOClockGet
                0x00000000080006fc        0xc vscode-build/obj/gecko_sdk_4.3.1/platform/Device/SiliconLabs/EFR32ZG23/Source/system_efr32zg23.o
                0x00000000080006fc                SystemHFXOClockGet
 .text.SystemHFXOClockSet
                0x0000000008000708       0x20 vscode-build/obj/gecko_sdk_4.3.1/platform/Device/SiliconLabs/EFR32ZG23/Source/system_efr32zg23.o
                0x0000000008000708                SystemHFXOClockSet
 .text.SystemFSRCOClockGet
                0x0000000008000728        0x8 vscode-build/obj/gecko_sdk_4.3.1/platform/Device/SiliconLabs/EFR32ZG23/Source/system_efr32zg23.o
                0x0000000008000728                SystemFSRCOClockGet
 .text.SystemHFRCOEM23ClockGet
                0x0000000008000730       0x84 vscode-build/obj/gecko_sdk_4.3.1/platform/Device/SiliconLabs/EFR32ZG23/Source/system_efr32zg23.o
                0x0000000008000730                SystemHFRCOEM23ClockGet
 .text.SystemLFXOClockGet
                0x00000000080007b4        0xc vscode-build/obj/gecko_sdk_4.3.1/platform/Device/SiliconLabs/EFR32ZG23/Source/system_efr32zg23.o
                0x00000000080007b4                SystemLFXOClockGet
 .text.sl_slist_push
                0x00000000080007c0       0x20 vscode-build/obj/gecko_sdk_4.3.1/platform/common/src/sl_slist.o
                0x00000000080007c0                sl_slist_push
 .text.GPIO_PinInGet
                0x00000000080007e0       0x54 vscode-build/obj/gecko_sdk_4.3.1/platform/driver/button/src/sl_simple_button.o
 .text.sl_simple_button_init
                0x0000000008000834       0x6c vscode-build/obj/gecko_sdk_4.3.1/platform/driver/button/src/sl_simple_button.o
                0x0000000008000834                sl_simple_button_init
 .text.sl_debug_swo_init
                0x00000000080008a0       0xc0 vscode-build/obj/gecko_sdk_4.3.1/platform/driver/debug/src/sl_debug_swo.o
                0x00000000080008a0                sl_debug_swo_init
 .text.GPIO_PinOutClear
                0x0000000008000960       0x50 vscode-build/obj/gecko_sdk_4.3.1/platform/driver/leddrv/src/sl_simple_led.o
 .text.GPIO_PinOutSet
                0x00000000080009b0       0x50 vscode-build/obj/gecko_sdk_4.3.1/platform/driver/leddrv/src/sl_simple_led.o
 .text.sl_simple_led_toggle
                0x0000000008000a00       0x4c vscode-build/obj/gecko_sdk_4.3.1/platform/driver/leddrv/src/sl_simple_led.o
                0x0000000008000a00                sl_simple_led_toggle
 .text.sl_simple_led_get_state
                0x0000000008000a4c       0x5c vscode-build/obj/gecko_sdk_4.3.1/platform/driver/leddrv/src/sl_simple_led.o
                0x0000000008000a4c                sl_simple_led_get_state
 .text.GPIOINT_IRQDispatcher
                0x0000000008000aa8       0x38 vscode-build/obj/gecko_sdk_4.3.1/platform/emdrv/gpiointerrupt/src/gpiointerrupt.o
 .text.GPIOINT_Init
                0x0000000008000ae0       0x30 vscode-build/obj/gecko_sdk_4.3.1/platform/emdrv/gpiointerrupt/src/gpiointerrupt.o
                0x0000000008000ae0                GPIOINT_Init
 .text.GPIOINT_CallbackRegister
                0x0000000008000b10       0x24 vscode-build/obj/gecko_sdk_4.3.1/platform/emdrv/gpiointerrupt/src/gpiointerrupt.o
                0x0000000008000b10                GPIOINT_CallbackRegister
 .text.GPIOINT_CallbackRegisterExt
                0x0000000008000b34       0x58 vscode-build/obj/gecko_sdk_4.3.1/platform/emdrv/gpiointerrupt/src/gpiointerrupt.o
                0x0000000008000b34                GPIOINT_CallbackRegisterExt
 .text.GPIO_EVEN_IRQHandler
                0x0000000008000b8c       0x24 vscode-build/obj/gecko_sdk_4.3.1/platform/emdrv/gpiointerrupt/src/gpiointerrupt.o
                0x0000000008000b8c                GPIO_EVEN_IRQHandler
 .text.GPIO_ODD_IRQHandler
                0x0000000008000bb0       0x24 vscode-build/obj/gecko_sdk_4.3.1/platform/emdrv/gpiointerrupt/src/gpiointerrupt.o
                0x0000000008000bb0                GPIO_ODD_IRQHandler
 .text.EMU_VScaleGet
                0x0000000008000bd4       0x18 vscode-build/obj/gecko_sdk_4.3.1/platform/emlib/src/em_cmu.o
 .text.em01GrpaClkGet
                0x0000000008000bec       0x74 vscode-build/obj/gecko_sdk_4.3.1/platform/emlib/src/em_cmu.o
 .text.em01GrpcClkGet
                0x0000000008000c60       0x70 vscode-build/obj/gecko_sdk_4.3.1/platform/emlib/src/em_cmu.o
 .text.iadcClkGet
                0x0000000008000cd0       0x60 vscode-build/obj/gecko_sdk_4.3.1/platform/emlib/src/em_cmu.o
 .text.lesenseHFClkGet
                0x0000000008000d30       0x48 vscode-build/obj/gecko_sdk_4.3.1/platform/emlib/src/em_cmu.o
 .text.eusart0ClkGet
                0x0000000008000d78       0x74 vscode-build/obj/gecko_sdk_4.3.1/platform/emlib/src/em_cmu.o
 .text.em23GrpaClkGet
                0x0000000008000dec       0x48 vscode-build/obj/gecko_sdk_4.3.1/platform/emlib/src/em_cmu.o
 .text.vdac0ClkGet
                0x0000000008000e34       0x70 vscode-build/obj/gecko_sdk_4.3.1/platform/emlib/src/em_cmu.o
 .text.pcnt0ClkGet
                0x0000000008000ea4       0x4c vscode-build/obj/gecko_sdk_4.3.1/platform/emlib/src/em_cmu.o
 .text.wdog0ClkGet
                0x0000000008000ef0       0x64 vscode-build/obj/gecko_sdk_4.3.1/platform/emlib/src/em_cmu.o
 .text.wdog1ClkGet
                0x0000000008000f54       0x64 vscode-build/obj/gecko_sdk_4.3.1/platform/emlib/src/em_cmu.o
 .text.sysrtcClkGet
                0x0000000008000fb8       0x48 vscode-build/obj/gecko_sdk_4.3.1/platform/emlib/src/em_cmu.o
 .text.lcdClkGet
                0x0000000008001000       0x54 vscode-build/obj/gecko_sdk_4.3.1/platform/emlib/src/em_cmu.o
 .text.em4GrpaClkGet
                0x0000000008001054       0x48 vscode-build/obj/gecko_sdk_4.3.1/platform/emlib/src/em_cmu.o
 .text.CMU_ClockDivGet
                0x000000000800109c       0x84 vscode-build/obj/gecko_sdk_4.3.1/platform/emlib/src/em_cmu.o
                0x000000000800109c                CMU_ClockDivGet
 .text.flashWaitStateControl
                0x0000000008001120       0x58 vscode-build/obj/gecko_sdk_4.3.1/platform/emlib/src/em_cmu.o
 .text.CMU_ClockEnable
                0x0000000008001178       0x58 vscode-build/obj/gecko_sdk_4.3.1/platform/emlib/src/em_cmu.o
                0x0000000008001178                CMU_ClockEnable
 .text.CMU_ClockFreqGet
                0x00000000080011d0      0x270 vscode-build/obj/gecko_sdk_4.3.1/platform/emlib/src/em_cmu.o
                0x00000000080011d0                CMU_ClockFreqGet
 .text.rhclkPrescOptimize
                0x0000000008001440       0x20 vscode-build/obj/gecko_sdk_4.3.1/platform/emlib/src/em_cmu.o
 .text.CMU_ClockSelectGet
                0x0000000008001460      0x268 vscode-build/obj/gecko_sdk_4.3.1/platform/emlib/src/em_cmu.o
                0x0000000008001460                CMU_ClockSelectGet
 .text.sli_em_cmu_HFXOSetForceEnable
                0x00000000080016c8       0x1c vscode-build/obj/gecko_sdk_4.3.1/platform/emlib/src/em_cmu.o
                0x00000000080016c8                sli_em_cmu_HFXOSetForceEnable
 .text.CMU_HFXOInit
                0x00000000080016e4      0x23c vscode-build/obj/gecko_sdk_4.3.1/platform/emlib/src/em_cmu.o
                0x00000000080016e4                CMU_HFXOInit
 .text.CMU_HFXOCTuneDeltaGet
                0x0000000008001920        0xc vscode-build/obj/gecko_sdk_4.3.1/platform/emlib/src/em_cmu.o
                0x0000000008001920                CMU_HFXOCTuneDeltaGet
 .text.CMU_LFXOInit
                0x000000000800192c       0xc4 vscode-build/obj/gecko_sdk_4.3.1/platform/emlib/src/em_cmu.o
                0x000000000800192c                CMU_LFXOInit
 .text.CMU_LFXOPrecisionSet
                0x00000000080019f0        0xc vscode-build/obj/gecko_sdk_4.3.1/platform/emlib/src/em_cmu.o
                0x00000000080019f0                CMU_LFXOPrecisionSet
 .text.CMU_HFXOPrecisionSet
                0x00000000080019fc        0xc vscode-build/obj/gecko_sdk_4.3.1/platform/emlib/src/em_cmu.o
                0x00000000080019fc                CMU_HFXOPrecisionSet
 .text.CMU_ClockDivSet
                0x0000000008001a08      0x104 vscode-build/obj/gecko_sdk_4.3.1/platform/emlib/src/em_cmu.o
                0x0000000008001a08                CMU_ClockDivSet
 .text.sli_em_cmu_SYSCLKInitPreClockSelect
                0x0000000008001b0c       0x20 vscode-build/obj/gecko_sdk_4.3.1/platform/emlib/src/em_cmu.o
                0x0000000008001b0c                sli_em_cmu_SYSCLKInitPreClockSelect
 .text.pclkDivOptimize
                0x0000000008001b2c       0x24 vscode-build/obj/gecko_sdk_4.3.1/platform/emlib/src/em_cmu.o
 .text.CORE_NvicIRQDisabled
                0x0000000008001b50       0x34 vscode-build/obj/gecko_sdk_4.3.1/platform/emlib/src/em_core.o
                0x0000000008001b50                CORE_NvicIRQDisabled
 .text.EMU_DCDCSync
                0x0000000008001b84       0x10 vscode-build/obj/gecko_sdk_4.3.1/platform/emlib/src/em_emu.o
 .text.EMU_EM23Init
                0x0000000008001b94       0x18 vscode-build/obj/gecko_sdk_4.3.1/platform/emlib/src/em_emu.o
                0x0000000008001b94                EMU_EM23Init
 .text.EMU_EnterEM2
                0x0000000008001bac       0x30 vscode-build/obj/gecko_sdk_4.3.1/platform/emlib/src/em_emu.o
                0x0000000008001bac                EMU_EnterEM2
 .text.EMU_EnterEM3
                0x0000000008001bdc       0x28 vscode-build/obj/gecko_sdk_4.3.1/platform/emlib/src/em_emu.o
                0x0000000008001bdc                EMU_EnterEM3
 .text.EMU_EM4Init
                0x0000000008001c04       0x14 vscode-build/obj/gecko_sdk_4.3.1/platform/emlib/src/em_emu.o
                0x0000000008001c04                EMU_EM4Init
 .text.EMU_VScaleEM01
                0x0000000008001c18       0xb0 vscode-build/obj/gecko_sdk_4.3.1/platform/emlib/src/em_emu.o
                0x0000000008001c18                EMU_VScaleEM01
 .text.EMU_VScaleEM01ByClock
                0x0000000008001cc8       0x30 vscode-build/obj/gecko_sdk_4.3.1/platform/emlib/src/em_emu.o
                0x0000000008001cc8                EMU_VScaleEM01ByClock
 .text.EMU_EM01Init
                0x0000000008001cf8       0x14 vscode-build/obj/gecko_sdk_4.3.1/platform/emlib/src/em_emu.o
                0x0000000008001cf8                EMU_EM01Init
 .text.EMU_DCDCModeSet
                0x0000000008001d0c       0xac vscode-build/obj/gecko_sdk_4.3.1/platform/emlib/src/em_emu.o
                0x0000000008001d0c                EMU_DCDCModeSet
 .text.EMU_DCDCInit
                0x0000000008001db8       0x70 vscode-build/obj/gecko_sdk_4.3.1/platform/emlib/src/em_emu.o
                0x0000000008001db8                EMU_DCDCInit
 .text.EMU_DCDCSetPFMXModePeakCurrent
                0x0000000008001e28       0x70 vscode-build/obj/gecko_sdk_4.3.1/platform/emlib/src/em_emu.o
                0x0000000008001e28                EMU_DCDCSetPFMXModePeakCurrent
 .text.BUS_RegBitWrite
                0x0000000008001e98       0x30 vscode-build/obj/gecko_sdk_4.3.1/platform/emlib/src/em_gpio.o
 .text.GPIO_PinOutSet
                0x0000000008001ec8       0x50 vscode-build/obj/gecko_sdk_4.3.1/platform/emlib/src/em_gpio.o
 .text.GPIO_PinOutClear
                0x0000000008001f18       0x50 vscode-build/obj/gecko_sdk_4.3.1/platform/emlib/src/em_gpio.o
 .text.GPIO_ExtIntConfig
                0x0000000008001f68       0xf8 vscode-build/obj/gecko_sdk_4.3.1/platform/emlib/src/em_gpio.o
                0x0000000008001f68                GPIO_ExtIntConfig
 .text.GPIO_PinModeSet
                0x0000000008002060       0xa8 vscode-build/obj/gecko_sdk_4.3.1/platform/emlib/src/em_gpio.o
                0x0000000008002060                GPIO_PinModeSet
 .text.PRS_ConvertToSyncSource
                0x0000000008002108       0x54 vscode-build/obj/gecko_sdk_4.3.1/platform/emlib/src/em_prs.o
                0x0000000008002108                PRS_ConvertToSyncSource
 .text.PRS_ConvertToSyncSignal
                0x000000000800215c       0x54 vscode-build/obj/gecko_sdk_4.3.1/platform/emlib/src/em_prs.o
                0x000000000800215c                PRS_ConvertToSyncSignal
 .text.PRS_ConnectSignal
                0x00000000080021b0       0x64 vscode-build/obj/gecko_sdk_4.3.1/platform/emlib/src/em_prs.o
                0x00000000080021b0                PRS_ConnectSignal
 .text.PRS_ConnectConsumer
                0x0000000008002214       0x38 vscode-build/obj/gecko_sdk_4.3.1/platform/emlib/src/em_prs.o
                0x0000000008002214                PRS_ConnectConsumer
 .text.USART_BaudrateSyncSet
                0x000000000800224c       0x48 vscode-build/obj/gecko_sdk_4.3.1/platform/emlib/src/em_usart.o
                0x000000000800224c                USART_BaudrateSyncSet
 .text.USART_Reset
                0x0000000008002294       0x58 vscode-build/obj/gecko_sdk_4.3.1/platform/emlib/src/em_usart.o
                0x0000000008002294                USART_Reset
 .text.USART_InitSync
                0x00000000080022ec       0xc0 vscode-build/obj/gecko_sdk_4.3.1/platform/emlib/src/em_usart.o
                0x00000000080022ec                USART_InitSync
 .text.sl_sysrtc_wait_ready
                0x00000000080023ac       0x1c vscode-build/obj/gecko_sdk_4.3.1/platform/peripheral/src/peripheral_sysrtc.o
 .text.sl_sysrtc_enable
                0x00000000080023c8       0x18 vscode-build/obj/gecko_sdk_4.3.1/platform/peripheral/src/peripheral_sysrtc.o
                0x00000000080023c8                sl_sysrtc_enable
 .text.sl_sysrtc_disable
                0x00000000080023e0       0x28 vscode-build/obj/gecko_sdk_4.3.1/platform/peripheral/src/peripheral_sysrtc.o
                0x00000000080023e0                sl_sysrtc_disable
 .text.sl_sysrtc_init
                0x0000000008002408       0x20 vscode-build/obj/gecko_sdk_4.3.1/platform/peripheral/src/peripheral_sysrtc.o
                0x0000000008002408                sl_sysrtc_init
 .text.sl_sysrtc_init_group
                0x0000000008002428       0x50 vscode-build/obj/gecko_sdk_4.3.1/platform/peripheral/src/peripheral_sysrtc.o
                0x0000000008002428                sl_sysrtc_init_group
 .text.sl_sysrtc_enable_group_interrupts
                0x0000000008002478       0x1c vscode-build/obj/gecko_sdk_4.3.1/platform/peripheral/src/peripheral_sysrtc.o
                0x0000000008002478                sl_sysrtc_enable_group_interrupts
 .text.sl_sysrtc_disable_group_interrupts
                0x0000000008002494       0x1c vscode-build/obj/gecko_sdk_4.3.1/platform/peripheral/src/peripheral_sysrtc.o
                0x0000000008002494                sl_sysrtc_disable_group_interrupts
 .text.sl_sysrtc_clear_group_interrupts
                0x00000000080024b0       0x1c vscode-build/obj/gecko_sdk_4.3.1/platform/peripheral/src/peripheral_sysrtc.o
                0x00000000080024b0                sl_sysrtc_clear_group_interrupts
 .text.sl_sysrtc_get_group_interrupts
                0x00000000080024cc       0x20 vscode-build/obj/gecko_sdk_4.3.1/platform/peripheral/src/peripheral_sysrtc.o
                0x00000000080024cc                sl_sysrtc_get_group_interrupts
 .text.sl_sysrtc_get_group_compare_channel_value
                0x00000000080024ec       0x30 vscode-build/obj/gecko_sdk_4.3.1/platform/peripheral/src/peripheral_sysrtc.o
                0x00000000080024ec                sl_sysrtc_get_group_compare_channel_value
 .text.sl_sysrtc_set_group_compare_channel_value
                0x000000000800251c       0x2c vscode-build/obj/gecko_sdk_4.3.1/platform/peripheral/src/peripheral_sysrtc.o
                0x000000000800251c                sl_sysrtc_set_group_compare_channel_value
 .text.sl_device_init_dcdc
                0x0000000008002548       0x2c vscode-build/obj/gecko_sdk_4.3.1/platform/service/device_init/src/sl_device_init_dcdc_s2.o
                0x0000000008002548                sl_device_init_dcdc
 .text.sl_device_init_emu
                0x0000000008002574       0x24 vscode-build/obj/gecko_sdk_4.3.1/platform/service/device_init/src/sl_device_init_emu_s2.o
                0x0000000008002574                sl_device_init_emu
 .text.sl_device_init_hfxo
                0x0000000008002598       0x74 vscode-build/obj/gecko_sdk_4.3.1/platform/service/device_init/src/sl_device_init_hfxo_s2.o
                0x0000000008002598                sl_device_init_hfxo
 .text.sl_device_init_lfxo
                0x000000000800260c       0x28 vscode-build/obj/gecko_sdk_4.3.1/platform/service/device_init/src/sl_device_init_lfxo_s2.o
                0x000000000800260c                sl_device_init_lfxo
 .text.sl_device_init_nvic
                0x0000000008002634       0x3c vscode-build/obj/gecko_sdk_4.3.1/platform/service/device_init/src/sl_device_init_nvic.o
                0x0000000008002634                sl_device_init_nvic
 .text.sl_hfxo_manager_init
                0x0000000008002670       0x58 vscode-build/obj/gecko_sdk_4.3.1/platform/service/hfxo_manager/src/sl_hfxo_manager.o
                0x0000000008002670                sl_hfxo_manager_init
 .text.sli_hfxo_manager_begin_startup_measurement
                0x00000000080026c8       0x1c vscode-build/obj/gecko_sdk_4.3.1/platform/service/hfxo_manager/src/sl_hfxo_manager.o
                0x00000000080026c8                sli_hfxo_manager_begin_startup_measurement
 .text.sli_hfxo_prs_manager_begin_startup_measurement
                0x00000000080026e4       0x14 vscode-build/obj/gecko_sdk_4.3.1/platform/service/hfxo_manager/src/sl_hfxo_manager.o
                0x00000000080026e4                sli_hfxo_prs_manager_begin_startup_measurement
 .text.sli_hfxo_manager_end_startup_measurement
                0x00000000080026f8       0xb4 vscode-build/obj/gecko_sdk_4.3.1/platform/service/hfxo_manager/src/sl_hfxo_manager.o
                0x00000000080026f8                sli_hfxo_manager_end_startup_measurement
 .text.sli_hfxo_manager_get_startup_time
                0x00000000080027ac        0xc vscode-build/obj/gecko_sdk_4.3.1/platform/service/hfxo_manager/src/sl_hfxo_manager.o
                0x00000000080027ac                sli_hfxo_manager_get_startup_time
 .text.sli_hfxo_manager_init_hardware
                0x00000000080027b8       0x58 vscode-build/obj/gecko_sdk_4.3.1/platform/service/hfxo_manager/src/sl_hfxo_manager_hal_s2.o
                0x00000000080027b8                sli_hfxo_manager_init_hardware
 .text.sli_hfxo_manager_is_hfxo_ready
                0x0000000008002810       0x18 vscode-build/obj/gecko_sdk_4.3.1/platform/service/hfxo_manager/src/sl_hfxo_manager_hal_s2.o
                0x0000000008002810                sli_hfxo_manager_is_hfxo_ready
 .text.sl_hfxo_manager_irq_handler
                0x0000000008002828       0x64 vscode-build/obj/gecko_sdk_4.3.1/platform/service/hfxo_manager/src/sl_hfxo_manager_hal_s2.o
                0x0000000008002828                sl_hfxo_manager_irq_handler
 .text.get_lowest_em
                0x000000000800288c       0x1c vscode-build/obj/gecko_sdk_4.3.1/platform/service/power_manager/src/sl_power_manager.o
 .text.power_manager_notify_em_transition
                0x00000000080028a8       0x74 vscode-build/obj/gecko_sdk_4.3.1/platform/service/power_manager/src/sl_power_manager.o
 .text.clock_restore
                0x000000000800291c       0x58 vscode-build/obj/gecko_sdk_4.3.1/platform/service/power_manager/src/sl_power_manager.o
 .text.on_clock_wakeup_timeout
                0x0000000008002974       0x24 vscode-build/obj/gecko_sdk_4.3.1/platform/service/power_manager/src/sl_power_manager.o
 .text.update_em1_requirement
                0x0000000008002998       0x60 vscode-build/obj/gecko_sdk_4.3.1/platform/service/power_manager/src/sl_power_manager.o
 .text.sl_power_manager_init
                0x00000000080029f8       0x64 vscode-build/obj/gecko_sdk_4.3.1/platform/service/power_manager/src/sl_power_manager.o
                0x00000000080029f8                sl_power_manager_init
 .text.sli_power_manager_update_em_requirement
                0x0000000008002a5c       0xf4 vscode-build/obj/gecko_sdk_4.3.1/platform/service/power_manager/src/sl_power_manager.o
                0x0000000008002a5c                sli_power_manager_update_em_requirement
 .text.sli_power_manager_get_restore_delay
                0x0000000008002b50       0x34 vscode-build/obj/gecko_sdk_4.3.1/platform/service/power_manager/src/sl_power_manager.o
                0x0000000008002b50                sli_power_manager_get_restore_delay
 .text.sl_power_manager_subscribe_em_transition_event
                0x0000000008002b84       0x24 vscode-build/obj/gecko_sdk_4.3.1/platform/service/power_manager/src/sl_power_manager.o
                0x0000000008002b84                sl_power_manager_subscribe_em_transition_event
 .text.sli_power_manager_convert_delay_us_to_tick
                0x0000000008002ba8       0x20 vscode-build/obj/gecko_sdk_4.3.1/platform/service/power_manager/src/sl_power_manager.o
                0x0000000008002ba8                sli_power_manager_convert_delay_us_to_tick
 .text.sl_power_manager_sleep
                0x0000000008002bc8      0x224 vscode-build/obj/gecko_sdk_4.3.1/platform/service/power_manager/src/sl_power_manager.o
                0x0000000008002bc8                sl_power_manager_sleep
 .text.sl_power_manager_is_latest_wakeup_internal
                0x0000000008002dec       0x20 vscode-build/obj/gecko_sdk_4.3.1/platform/service/power_manager/src/sl_power_manager.o
                0x0000000008002dec                sl_power_manager_is_latest_wakeup_internal
 .text.sli_hfxo_manager_notify_ready_for_power_manager
                0x0000000008002e0c       0x3c vscode-build/obj/gecko_sdk_4.3.1/platform/service/power_manager/src/sl_power_manager.o
                0x0000000008002e0c                sli_hfxo_manager_notify_ready_for_power_manager
 .text.sli_hfxo_notify_ready_for_power_manager_from_prs
                0x0000000008002e48       0x18 vscode-build/obj/gecko_sdk_4.3.1/platform/service/power_manager/src/sl_power_manager.o
                0x0000000008002e48                sli_hfxo_notify_ready_for_power_manager_from_prs
 .text.sli_power_manager_em23_voltage_scaling_enable_fast_wakeup
                0x0000000008002e60       0x50 vscode-build/obj/gecko_sdk_4.3.1/platform/service/power_manager/src/sl_power_manager_hal_s2.o
                0x0000000008002e60                sli_power_manager_em23_voltage_scaling_enable_fast_wakeup
 .text.sli_power_manager_init_hardware
                0x0000000008002eb0       0xf8 vscode-build/obj/gecko_sdk_4.3.1/platform/service/power_manager/src/sl_power_manager_hal_s2.o
                0x0000000008002eb0                sli_power_manager_init_hardware
 .text.EMU_EM23PresleepHook
                0x0000000008002fa8       0x28 vscode-build/obj/gecko_sdk_4.3.1/platform/service/power_manager/src/sl_power_manager_hal_s2.o
                0x0000000008002fa8                EMU_EM23PresleepHook
 .text.EMU_EM23PostsleepHook
                0x0000000008002fd0       0x4c vscode-build/obj/gecko_sdk_4.3.1/platform/service/power_manager/src/sl_power_manager_hal_s2.o
                0x0000000008002fd0                EMU_EM23PostsleepHook
 .text.sli_power_manager_handle_pre_deepsleep_operations
                0x000000000800301c        0xc vscode-build/obj/gecko_sdk_4.3.1/platform/service/power_manager/src/sl_power_manager_hal_s2.o
                0x000000000800301c                sli_power_manager_handle_pre_deepsleep_operations
 .text.sli_power_manager_restore_high_freq_accuracy_clk
                0x0000000008003028       0x48 vscode-build/obj/gecko_sdk_4.3.1/platform/service/power_manager/src/sl_power_manager_hal_s2.o
                0x0000000008003028                sli_power_manager_restore_high_freq_accuracy_clk
 .text.sli_power_manager_is_high_freq_accuracy_clk_ready
                0x0000000008003070       0x14 vscode-build/obj/gecko_sdk_4.3.1/platform/service/power_manager/src/sl_power_manager_hal_s2.o
                0x0000000008003070                sli_power_manager_is_high_freq_accuracy_clk_ready
 .text.sli_power_manager_restore_states
                0x0000000008003084       0x3c vscode-build/obj/gecko_sdk_4.3.1/platform/service/power_manager/src/sl_power_manager_hal_s2.o
                0x0000000008003084                sli_power_manager_restore_states
 .text.sli_power_manager_apply_em
                0x00000000080030c0       0x38 vscode-build/obj/gecko_sdk_4.3.1/platform/service/power_manager/src/sl_power_manager_hal_s2.o
                0x00000000080030c0                sli_power_manager_apply_em
 .text.sli_power_manager_get_wakeup_process_time_overhead
                0x00000000080030f8       0x20 vscode-build/obj/gecko_sdk_4.3.1/platform/service/power_manager/src/sl_power_manager_hal_s2.o
                0x00000000080030f8                sli_power_manager_get_wakeup_process_time_overhead
 .text.sli_power_manager_is_high_freq_accuracy_clk_used
                0x0000000008003118        0xc vscode-build/obj/gecko_sdk_4.3.1/platform/service/power_manager/src/sl_power_manager_hal_s2.o
                0x0000000008003118                sli_power_manager_is_high_freq_accuracy_clk_used
 .text.update_delta_list
                0x0000000008003124       0x38 vscode-build/obj/gecko_sdk_4.3.1/platform/service/sleeptimer/src/sl_sleeptimer.o
 .text.delta_list_insert_timer
                0x000000000800315c       0x5c vscode-build/obj/gecko_sdk_4.3.1/platform/service/sleeptimer/src/sl_sleeptimer.o
 .text.set_comparator_for_next_timer
                0x00000000080031b8       0x5c vscode-build/obj/gecko_sdk_4.3.1/platform/service/sleeptimer/src/sl_sleeptimer.o
 .text.create_timer
                0x0000000008003214       0x8c vscode-build/obj/gecko_sdk_4.3.1/platform/service/sleeptimer/src/sl_sleeptimer.o
 .text.delta_list_remove_timer
                0x00000000080032a0       0x38 vscode-build/obj/gecko_sdk_4.3.1/platform/service/sleeptimer/src/sl_sleeptimer.o
 .text.sl_sleeptimer_init
                0x00000000080032d8       0x74 vscode-build/obj/gecko_sdk_4.3.1/platform/service/sleeptimer/src/sl_sleeptimer.o
                0x00000000080032d8                sl_sleeptimer_init
 .text.sl_sleeptimer_stop_timer
                0x000000000800334c       0x50 vscode-build/obj/gecko_sdk_4.3.1/platform/service/sleeptimer/src/sl_sleeptimer.o
                0x000000000800334c                sl_sleeptimer_stop_timer
 .text.sl_sleeptimer_is_timer_running
                0x000000000800339c       0x38 vscode-build/obj/gecko_sdk_4.3.1/platform/service/sleeptimer/src/sl_sleeptimer.o
                0x000000000800339c                sl_sleeptimer_is_timer_running
 .text.sl_sleeptimer_get_remaining_time_of_first_timer
                0x00000000080033d4       0x64 vscode-build/obj/gecko_sdk_4.3.1/platform/service/sleeptimer/src/sl_sleeptimer.o
                0x00000000080033d4                sl_sleeptimer_get_remaining_time_of_first_timer
 .text.sli_sleeptimer_is_power_manager_timer_next_to_expire
                0x0000000008003438       0x28 vscode-build/obj/gecko_sdk_4.3.1/platform/service/sleeptimer/src/sl_sleeptimer.o
                0x0000000008003438                sli_sleeptimer_is_power_manager_timer_next_to_expire
 .text.sl_sleeptimer_get_timer_frequency
                0x0000000008003460        0xc vscode-build/obj/gecko_sdk_4.3.1/platform/service/sleeptimer/src/sl_sleeptimer.o
                0x0000000008003460                sl_sleeptimer_get_timer_frequency
 .text.sl_sleeptimer_ms32_to_tick
                0x000000000800346c       0x3c vscode-build/obj/gecko_sdk_4.3.1/platform/service/sleeptimer/src/sl_sleeptimer.o
                0x000000000800346c                sl_sleeptimer_ms32_to_tick
 .text.sl_sleeptimer_start_periodic_timer_ms
                0x00000000080034a8       0x78 vscode-build/obj/gecko_sdk_4.3.1/platform/service/sleeptimer/src/sl_sleeptimer.o
                0x00000000080034a8                sl_sleeptimer_start_periodic_timer_ms
 .text.process_timer_irq
                0x0000000008003520      0x158 vscode-build/obj/gecko_sdk_4.3.1/platform/service/sleeptimer/src/sl_sleeptimer.o
                0x0000000008003520                process_timer_irq
 .text.sl_sleeptimer_is_power_manager_early_restore_timer_latest_to_expire
                0x0000000008003678       0x18 vscode-build/obj/gecko_sdk_4.3.1/platform/service/sleeptimer/src/sl_sleeptimer.o
                0x0000000008003678                sl_sleeptimer_is_power_manager_early_restore_timer_latest_to_expire
 .text.sli_sleeptimer_update_sleep_on_isr_exit
                0x0000000008003690        0xc vscode-build/obj/gecko_sdk_4.3.1/platform/service/sleeptimer/src/sl_sleeptimer.o
                0x0000000008003690                sli_sleeptimer_update_sleep_on_isr_exit
 .text.sl_sysrtc_wait_sync
                0x000000000800369c       0x14 vscode-build/obj/gecko_sdk_4.3.1/platform/service/sleeptimer/src/sl_sleeptimer_hal_sysrtc.o
 .text.sleeptimer_hal_init_timer
                0x00000000080036b0       0x90 vscode-build/obj/gecko_sdk_4.3.1/platform/service/sleeptimer/src/sl_sleeptimer_hal_sysrtc.o
                0x00000000080036b0                sleeptimer_hal_init_timer
 .text.sleeptimer_hal_get_counter
                0x0000000008003740       0x10 vscode-build/obj/gecko_sdk_4.3.1/platform/service/sleeptimer/src/sl_sleeptimer_hal_sysrtc.o
                0x0000000008003740                sleeptimer_hal_get_counter
 .text.sleeptimer_hal_set_compare_prs_hfxo_startup
                0x0000000008003750       0x58 vscode-build/obj/gecko_sdk_4.3.1/platform/service/sleeptimer/src/sl_sleeptimer_hal_sysrtc.o
                0x0000000008003750                sleeptimer_hal_set_compare_prs_hfxo_startup
 .text.sleeptimer_hal_set_compare
                0x00000000080037a8       0x70 vscode-build/obj/gecko_sdk_4.3.1/platform/service/sleeptimer/src/sl_sleeptimer_hal_sysrtc.o
                0x00000000080037a8                sleeptimer_hal_set_compare
 .text.sleeptimer_hal_disable_int
                0x0000000008003818       0x2c vscode-build/obj/gecko_sdk_4.3.1/platform/service/sleeptimer/src/sl_sleeptimer_hal_sysrtc.o
                0x0000000008003818                sleeptimer_hal_disable_int
 .text.sleeptimer_hal_set_int
                0x0000000008003844       0x10 vscode-build/obj/gecko_sdk_4.3.1/platform/service/sleeptimer/src/sl_sleeptimer_hal_sysrtc.o
                0x0000000008003844                sleeptimer_hal_set_int
 .text.sli_sleeptimer_set_pm_em_requirement
                0x0000000008003854       0x30 vscode-build/obj/gecko_sdk_4.3.1/platform/service/sleeptimer/src/sl_sleeptimer_hal_sysrtc.o
                0x0000000008003854                sli_sleeptimer_set_pm_em_requirement
 .text.sl_udelay_wait
                0x0000000008003884       0x58 vscode-build/obj/gecko_sdk_4.3.1/platform/service/udelay/src/sl_udelay.o
                0x0000000008003884                sl_udelay_wait
 .text.startup.main
                0x00000000080038dc       0x28 vscode-build/obj/main.o
                0x00000000080038dc                main
 .text          0x0000000008003904      0x254 /Applications/Simplicity Studio.app/Contents/Eclipse/developer/toolchains/gnu_arm/10.3_2021.10/bin/../lib/gcc/arm-none-eabi/10.3.1/thumb/v8-m.main+fp/hard/libgcc.a(_arm_muldf3.o)
                0x0000000008003904                __aeabi_dmul
                0x0000000008003904                __muldf3
 .text          0x0000000008003b58      0x378 /Applications/Simplicity Studio.app/Contents/Eclipse/developer/toolchains/gnu_arm/10.3_2021.10/bin/../lib/gcc/arm-none-eabi/10.3.1/thumb/v8-m.main+fp/hard/libgcc.a(_arm_addsubdf3.o)
                0x0000000008003b58                __aeabi_drsub
                0x0000000008003b60                __subdf3
                0x0000000008003b60                __aeabi_dsub
                0x0000000008003b64                __aeabi_dadd
                0x0000000008003b64                __adddf3
                0x0000000008003ddc                __aeabi_ui2d
                0x0000000008003ddc                __floatunsidf
                0x0000000008003dfc                __floatsidf
                0x0000000008003dfc                __aeabi_i2d
                0x0000000008003e20                __extendsfdf2
                0x0000000008003e20                __aeabi_f2d
                0x0000000008003e64                __aeabi_ul2d
                0x0000000008003e64                __floatundidf
                0x0000000008003e74                __aeabi_l2d
                0x0000000008003e74                __floatdidf
 .text          0x0000000008003ed0       0x40 /Applications/Simplicity Studio.app/Contents/Eclipse/developer/toolchains/gnu_arm/10.3_2021.10/bin/../lib/gcc/arm-none-eabi/10.3.1/thumb/v8-m.main+fp/hard/libgcc.a(_arm_fixunsdfsi.o)
                0x0000000008003ed0                __fixunsdfsi
                0x0000000008003ed0                __aeabi_d2uiz
 .text          0x0000000008003f10       0x30 /Applications/Simplicity Studio.app/Contents/Eclipse/developer/toolchains/gnu_arm/10.3_2021.10/bin/../lib/gcc/arm-none-eabi/10.3.1/thumb/v8-m.main+fp/hard/libgcc.a(_aeabi_uldivmod.o)
                0x0000000008003f10                __aeabi_uldivmod
 .text          0x0000000008003f40      0x2ec /Applications/Simplicity Studio.app/Contents/Eclipse/developer/toolchains/gnu_arm/10.3_2021.10/bin/../lib/gcc/arm-none-eabi/10.3.1/thumb/v8-m.main+fp/hard/libgcc.a(_udivmoddi4.o)
                0x0000000008003f40                __udivmoddi4
 .text          0x000000000800422c        0x4 /Applications/Simplicity Studio.app/Contents/Eclipse/developer/toolchains/gnu_arm/10.3_2021.10/bin/../lib/gcc/arm-none-eabi/10.3.1/thumb/v8-m.main+fp/hard/libgcc.a(_dvmd_tls.o)
                0x000000000800422c                __aeabi_ldiv0
                0x000000000800422c                __aeabi_idiv0
 .text.exit     0x0000000008004230       0x28 /Applications/Simplicity Studio.app/Contents/Eclipse/developer/toolchains/gnu_arm/10.3_2021.10/bin/../lib/gcc/arm-none-eabi/10.3.1/../../../../arm-none-eabi/lib/thumb/v8-m.main+fp/hard/libc_nano.a(lib_a-exit.o)
                0x0000000008004230                exit
 .text.__libc_init_array
                0x0000000008004258       0x48 /Applications/Simplicity Studio.app/Contents/Eclipse/developer/toolchains/gnu_arm/10.3_2021.10/bin/../lib/gcc/arm-none-eabi/10.3.1/../../../../arm-none-eabi/lib/thumb/v8-m.main+fp/hard/libc_nano.a(lib_a-init.o)
                0x0000000008004258                __libc_init_array
 .text._exit    0x00000000080042a0        0x4 /Applications/Simplicity Studio.app/Contents/Eclipse/developer/toolchains/gnu_arm/10.3_2021.10/bin/../lib/gcc/arm-none-eabi/10.3.1/../../../../arm-none-eabi/lib/thumb/v8-m.main+fp/hard/libnosys.a(_exit.o)
                0x00000000080042a0                _exit
 .text.app_init
                0x00000000080042a4        0x4 vscode-build/obj/app.o
                0x00000000080042a4                app_init
 .text.app_process_action
                0x00000000080042a8        0x4 vscode-build/obj/app.o
                0x00000000080042a8                app_process_action
 .text.sl_board_default_init
                0x00000000080042ac        0x4 vscode-build/obj/autogen/sl_board_default_init.o
                0x00000000080042ac                sl_board_default_init
 .text.sl_driver_init
                0x00000000080042b0       0x1a vscode-build/obj/autogen/sl_event_handler.o
                0x00000000080042b0                sl_driver_init
 .text.sl_service_init
                0x00000000080042ca       0x12 vscode-build/obj/autogen/sl_event_handler.o
                0x00000000080042ca                sl_service_init
 .text.sl_stack_init
                0x00000000080042dc        0x2 vscode-build/obj/autogen/sl_event_handler.o
                0x00000000080042dc                sl_stack_init
 .text.sl_internal_app_init
                0x00000000080042de        0x2 vscode-build/obj/autogen/sl_event_handler.o
                0x00000000080042de                sl_internal_app_init
 .text.sl_platform_process_action
                0x00000000080042e0        0x2 vscode-build/obj/autogen/sl_event_handler.o
                0x00000000080042e0                sl_platform_process_action
 .text.sl_service_process_action
                0x00000000080042e2        0x2 vscode-build/obj/autogen/sl_event_handler.o
                0x00000000080042e2                sl_service_process_action
 .text.sl_stack_process_action
                0x00000000080042e4        0x2 vscode-build/obj/autogen/sl_event_handler.o
                0x00000000080042e4                sl_stack_process_action
 .text.sl_internal_app_process_action
                0x00000000080042e6        0x2 vscode-build/obj/autogen/sl_event_handler.o
                0x00000000080042e6                sl_internal_app_process_action
 .text.app_is_ok_to_sleep
                0x00000000080042e8        0x4 vscode-build/obj/autogen/sl_power_manager_handler.o
                0x00000000080042e8                app_is_ok_to_sleep
 .text.app_sleep_on_isr_exit
                0x00000000080042ec        0x4 vscode-build/obj/autogen/sl_power_manager_handler.o
                0x00000000080042ec                app_sleep_on_isr_exit
 .text.sl_power_manager_is_ok_to_sleep
                0x00000000080042f0        0x8 vscode-build/obj/autogen/sl_power_manager_handler.o
                0x00000000080042f0                sl_power_manager_is_ok_to_sleep
 .text.sl_power_manager_sleep_on_isr_exit
                0x00000000080042f8       0x1e vscode-build/obj/autogen/sl_power_manager_handler.o
                0x00000000080042f8                sl_power_manager_sleep_on_isr_exit
 .text.start_timer
                0x0000000008004316       0x16 vscode-build/obj/blink.o
                0x0000000008004316                start_timer
 .text.sl_board_configure_vcom
                0x000000000800432c        0x4 vscode-build/obj/gecko_sdk_4.3.1/hardware/board/src/sl_board_control_gpio.o
                0x000000000800432c                sl_board_configure_vcom
 .text.sl_board_disable_vcom
                0x0000000008004330       0x12 vscode-build/obj/gecko_sdk_4.3.1/hardware/board/src/sl_board_control_gpio.o
                0x0000000008004330                sl_board_disable_vcom
 .text.sl_board_init
                0x0000000008004342       0x16 vscode-build/obj/gecko_sdk_4.3.1/hardware/board/src/sl_board_init.o
                0x0000000008004342                sl_board_init
 .text.sl_board_preinit
                0x0000000008004358        0x8 vscode-build/obj/gecko_sdk_4.3.1/hardware/board/src/sl_board_init.o
                0x0000000008004358                sl_board_preinit
 .text.sl_cos_send_config
                0x0000000008004360       0x12 vscode-build/obj/gecko_sdk_4.3.1/hardware/driver/configuration_over_swo/src/sl_cos.o
                0x0000000008004360                sl_cos_send_config
 .text.Default_Handler
                0x0000000008004372        0x2 vscode-build/obj/gecko_sdk_4.3.1/platform/Device/SiliconLabs/EFR32ZG23/Source/startup_efr32zg23.o
                0x0000000008004372                MPAHBRAM_IRQHandler
                0x0000000008004372                SW2_IRQHandler
                0x0000000008004372                TIMER2_IRQHandler
                0x0000000008004372                DebugMon_Handler
                0x0000000008004372                USART0_TX_IRQHandler
                0x0000000008004372                IADC_IRQHandler
                0x0000000008004372                EUSART0_TX_IRQHandler
                0x0000000008004372                I2C0_IRQHandler
                0x0000000008004372                LFXO_IRQHandler
                0x0000000008004372                VDAC_IRQHandler
                0x0000000008004372                HardFault_Handler
                0x0000000008004372                SMU_SECURE_IRQHandler
                0x0000000008004372                SysTick_Handler
                0x0000000008004372                SYSRTC_SEQ_IRQHandler
                0x0000000008004372                EMUEFP_IRQHandler
                0x0000000008004372                EUSART2_TX_IRQHandler
                0x0000000008004372                PendSV_Handler
                0x0000000008004372                NMI_Handler
                0x0000000008004372                SYNTH_IRQHandler
                0x0000000008004372                HOSTMAILBOX_IRQHandler
                0x0000000008004372                I2C1_IRQHandler
                0x0000000008004372                WDOG0_IRQHandler
                0x0000000008004372                TIMER3_IRQHandler
                0x0000000008004372                SYSCFG_IRQHandler
                0x0000000008004372                RFECA1_IRQHandler
                0x0000000008004372                EMUDG_IRQHandler
                0x0000000008004372                MSC_IRQHandler
                0x0000000008004372                DPLL0_IRQHandler
                0x0000000008004372                UsageFault_Handler
                0x0000000008004372                WDOG1_IRQHandler
                0x0000000008004372                M33CTI1_IRQHandler
                0x0000000008004372                TIMER4_IRQHandler
                0x0000000008004372                LDMA_IRQHandler
                0x0000000008004372                SEMBTX_IRQHandler
                0x0000000008004372                SW0_IRQHandler
                0x0000000008004372                TIMER0_IRQHandler
                0x0000000008004372                LCD_IRQHandler
                0x0000000008004372                LETIMER0_IRQHandler
                0x0000000008004372                EUSART1_RX_IRQHandler
                0x0000000008004372                TIMER1_IRQHandler
                0x0000000008004372                HFRCO0_IRQHandler
                0x0000000008004372                SecureFault_Handler
                0x0000000008004372                BUFC_IRQHandler
                0x0000000008004372                DCDC_IRQHandler
                0x0000000008004372                MODEM_IRQHandler
                0x0000000008004372                Default_Handler
                0x0000000008004372                RAC_SEQ_IRQHandler
                0x0000000008004372                FRC_PRI_IRQHandler
                0x0000000008004372                EMU_IRQHandler
                0x0000000008004372                SW3_IRQHandler
                0x0000000008004372                KERNEL0_IRQHandler
                0x0000000008004372                FRC_IRQHandler
                0x0000000008004372                PCNT0_IRQHandler
                0x0000000008004372                KERNEL1_IRQHandler
                0x0000000008004372                AGC_IRQHandler
                0x0000000008004372                EUSART1_TX_IRQHandler
                0x0000000008004372                KEYSCAN_IRQHandler
                0x0000000008004372                sl_app_properties
                0x0000000008004372                HFRCOEM23_IRQHandler
                0x0000000008004372                BURTC_IRQHandler
                0x0000000008004372                SEMBRX_IRQHandler
                0x0000000008004372                RFECA0_IRQHandler
                0x0000000008004372                LFRCO_IRQHandler
                0x0000000008004372                ACMP0_IRQHandler
                0x0000000008004372                USART0_RX_IRQHandler
                0x0000000008004372                MemManage_Handler
                0x0000000008004372                SVC_Handler
                0x0000000008004372                EUSART2_RX_IRQHandler
                0x0000000008004372                SMU_S_PRIVILEGED_IRQHandler
                0x0000000008004372                SW1_IRQHandler
                0x0000000008004372                CMU_IRQHandler
                0x0000000008004372                EUSART0_RX_IRQHandler
                0x0000000008004372                RAC_RSM_IRQHandler
                0x0000000008004372                SETAMPERHOST_IRQHandler
                0x0000000008004372                LESENSE_IRQHandler
                0x0000000008004372                AES_IRQHandler
                0x0000000008004372                M33CTI0_IRQHandler
                0x0000000008004372                ICACHE0_IRQHandler
                0x0000000008004372                SMU_NS_PRIVILEGED_IRQHandler
                0x0000000008004372                FPUEXH_IRQHandler
                0x0000000008004372                PROTIMER_IRQHandler
                0x0000000008004372                ACMP1_IRQHandler
                0x0000000008004372                BusFault_Handler
                0x0000000008004372                ULFRCO_IRQHandler
 .text.SystemCLKIN0Get
                0x0000000008004374        0x4 vscode-build/obj/gecko_sdk_4.3.1/platform/Device/SiliconLabs/EFR32ZG23/Source/system_efr32zg23.o
                0x0000000008004374                SystemCLKIN0Get
 .text.SystemLFRCOClockGet
                0x0000000008004378        0x6 vscode-build/obj/gecko_sdk_4.3.1/platform/Device/SiliconLabs/EFR32ZG23/Source/system_efr32zg23.o
                0x0000000008004378                SystemLFRCOClockGet
 .text.SystemULFRCOClockGet
                0x000000000800437e        0x6 vscode-build/obj/gecko_sdk_4.3.1/platform/Device/SiliconLabs/EFR32ZG23/Source/system_efr32zg23.o
                0x000000000800437e                SystemULFRCOClockGet
 .text.assertEFM
                0x0000000008004384        0x2 vscode-build/obj/gecko_sdk_4.3.1/platform/common/src/sl_assert.o
                0x0000000008004384                assertEFM
 .text.sl_slist_init
                0x0000000008004386        0x6 vscode-build/obj/gecko_sdk_4.3.1/platform/common/src/sl_slist.o
                0x0000000008004386                sl_slist_init
 .text.sl_button_init
                0x000000000800438c        0xa vscode-build/obj/gecko_sdk_4.3.1/platform/driver/button/src/sl_button.o
                0x000000000800438c                sl_button_init
 .text.sl_button_get_state
                0x0000000008004396        0xa vscode-build/obj/gecko_sdk_4.3.1/platform/driver/button/src/sl_button.o
                0x0000000008004396                sl_button_get_state
 .text.sli_simple_button_on_change
                0x00000000080043a0       0x28 vscode-build/obj/gecko_sdk_4.3.1/platform/driver/button/src/sl_simple_button.o
 .text.sl_simple_button_get_state
                0x00000000080043c8        0x6 vscode-build/obj/gecko_sdk_4.3.1/platform/driver/button/src/sl_simple_button.o
                0x00000000080043c8                sl_simple_button_get_state
 .text.sl_simple_button_poll_step
                0x00000000080043ce       0x52 vscode-build/obj/gecko_sdk_4.3.1/platform/driver/button/src/sl_simple_button.o
                0x00000000080043ce                sl_simple_button_poll_step
 .text.sl_simple_button_enable
                0x0000000008004420       0x12 vscode-build/obj/gecko_sdk_4.3.1/platform/driver/button/src/sl_simple_button.o
                0x0000000008004420                sl_simple_button_enable
 .text.sl_simple_button_disable
                0x0000000008004432       0x30 vscode-build/obj/gecko_sdk_4.3.1/platform/driver/button/src/sl_simple_button.o
                0x0000000008004432                sl_simple_button_disable
 .text.sl_debug_swo_enable_itm
                0x0000000008004462       0x18 vscode-build/obj/gecko_sdk_4.3.1/platform/driver/debug/src/sl_debug_swo.o
                0x0000000008004462                sl_debug_swo_enable_itm
 .text.sl_debug_swo_disable_itm
                0x000000000800447a       0x1a vscode-build/obj/gecko_sdk_4.3.1/platform/driver/debug/src/sl_debug_swo.o
                0x000000000800447a                sl_debug_swo_disable_itm
 .text.sl_led_init
                0x0000000008004494        0x6 vscode-build/obj/gecko_sdk_4.3.1/platform/driver/leddrv/src/sl_led.o
                0x0000000008004494                sl_led_init
 .text.sl_led_toggle
                0x000000000800449a        0x6 vscode-build/obj/gecko_sdk_4.3.1/platform/driver/leddrv/src/sl_led.o
                0x000000000800449a                sl_led_toggle
 .text.sl_simple_led_init
                0x00000000080044a0       0x22 vscode-build/obj/gecko_sdk_4.3.1/platform/driver/leddrv/src/sl_simple_led.o
                0x00000000080044a0                sl_simple_led_init
 .text.sl_simple_led_turn_on
                0x00000000080044c2       0x12 vscode-build/obj/gecko_sdk_4.3.1/platform/driver/leddrv/src/sl_simple_led.o
                0x00000000080044c2                sl_simple_led_turn_on
 .text.sl_simple_led_turn_off
                0x00000000080044d4       0x12 vscode-build/obj/gecko_sdk_4.3.1/platform/driver/leddrv/src/sl_simple_led.o
                0x00000000080044d4                sl_simple_led_turn_off
 .text.BUS_RegMaskedWrite
                0x00000000080044e6       0x22 vscode-build/obj/gecko_sdk_4.3.1/platform/emlib/src/em_cmu.o
 .text.waitStateMax
                0x0000000008004508       0x10 vscode-build/obj/gecko_sdk_4.3.1/platform/emlib/src/em_cmu.o
 .text.CMU_UpdateWaitStates
                0x0000000008004518        0xc vscode-build/obj/gecko_sdk_4.3.1/platform/emlib/src/em_cmu.o
                0x0000000008004518                CMU_UpdateWaitStates
 .text.pclkDivMax
                0x0000000008004524        0xa vscode-build/obj/gecko_sdk_4.3.1/platform/emlib/src/em_cmu.o
 .text.sli_em_cmu_SYSCLKInitPostClockSelect
                0x000000000800452e       0x2a vscode-build/obj/gecko_sdk_4.3.1/platform/emlib/src/em_cmu.o
                0x000000000800452e                sli_em_cmu_SYSCLKInitPostClockSelect
 .text.CORE_EnterCritical
                0x0000000008004558        0x8 vscode-build/obj/gecko_sdk_4.3.1/platform/emlib/src/em_core.o
                0x0000000008004558                CORE_EnterCritical
 .text.CORE_ExitCritical
                0x0000000008004560        0x6 vscode-build/obj/gecko_sdk_4.3.1/platform/emlib/src/em_core.o
                0x0000000008004560                CORE_ExitCritical
 .text.CORE_EnterAtomic
                0x0000000008004566        0xc vscode-build/obj/gecko_sdk_4.3.1/platform/emlib/src/em_core.o
                0x0000000008004566                CORE_EnterAtomic
 .text.CORE_ExitAtomic
                0x0000000008004572        0x6 vscode-build/obj/gecko_sdk_4.3.1/platform/emlib/src/em_core.o
                0x0000000008004572                CORE_ExitAtomic
 .text.EMU_EFPEM23PresleepHook
                0x0000000008004578        0x2 vscode-build/obj/gecko_sdk_4.3.1/platform/emlib/src/em_emu.o
                0x0000000008004578                EMU_EFPEM23PresleepHook
 .text.EMU_EFPEM23PostsleepHook
                0x000000000800457a        0x2 vscode-build/obj/gecko_sdk_4.3.1/platform/emlib/src/em_emu.o
                0x000000000800457a                EMU_EFPEM23PostsleepHook
 .text.EMU_Save
                0x000000000800457c        0x2 vscode-build/obj/gecko_sdk_4.3.1/platform/emlib/src/em_emu.o
                0x000000000800457c                EMU_Save
 .text.EMU_Restore
                0x000000000800457e        0x2 vscode-build/obj/gecko_sdk_4.3.1/platform/emlib/src/em_emu.o
                0x000000000800457e                EMU_Restore
 .text.EMU_EFPEM01VScale
                0x0000000008004580        0x2 vscode-build/obj/gecko_sdk_4.3.1/platform/emlib/src/em_emu.o
                0x0000000008004580                EMU_EFPEM01VScale
 .text.EMU_DCDCUpdatedHook
                0x0000000008004582        0x2 vscode-build/obj/gecko_sdk_4.3.1/platform/emlib/src/em_emu.o
                0x0000000008004582                EMU_DCDCUpdatedHook
 .text.BUS_RegMaskedWrite
                0x0000000008004584       0x22 vscode-build/obj/gecko_sdk_4.3.1/platform/emlib/src/em_gpio.o
 .text.GPIO_DbgLocationSet
                0x00000000080045a6        0x2 vscode-build/obj/gecko_sdk_4.3.1/platform/emlib/src/em_gpio.o
                0x00000000080045a6                GPIO_DbgLocationSet
 .text.USART_SpiTransfer
                0x00000000080045a8       0x14 vscode-build/obj/gecko_sdk_4.3.1/platform/emlib/src/em_usart.o
                0x00000000080045a8                USART_SpiTransfer
 .text.sl_hfxo_manager_init_hardware
                0x00000000080045bc        0x4 vscode-build/obj/gecko_sdk_4.3.1/platform/service/hfxo_manager/src/sl_hfxo_manager.o
                0x00000000080045bc                sl_hfxo_manager_init_hardware
 .text.HFXO0_IRQHandler
                0x00000000080045c0        0x4 vscode-build/obj/gecko_sdk_4.3.1/platform/service/hfxo_manager/src/sl_hfxo_manager_hal_s2.o
                0x00000000080045c0                HFXO0_IRQHandler
 .text.sli_power_manager_initiate_restore
                0x00000000080045c4       0x18 vscode-build/obj/gecko_sdk_4.3.1/platform/service/power_manager/src/sl_power_manager.o
                0x00000000080045c4                sli_power_manager_initiate_restore
 .text.sli_power_manager_save_states
                0x00000000080045dc        0x4 vscode-build/obj/gecko_sdk_4.3.1/platform/service/power_manager/src/sl_power_manager_hal_s2.o
                0x00000000080045dc                sli_power_manager_save_states
 .text.sli_power_manager_get_default_high_frequency_minimum_offtime
                0x00000000080045e0        0x8 vscode-build/obj/gecko_sdk_4.3.1/platform/service/power_manager/src/sl_power_manager_hal_s2.o
                0x00000000080045e0                sli_power_manager_get_default_high_frequency_minimum_offtime
 .text.sli_power_manager_low_frequency_restore
                0x00000000080045e8        0x2 vscode-build/obj/gecko_sdk_4.3.1/platform/service/power_manager/src/sl_power_manager_hal_s2.o
                0x00000000080045e8                sli_power_manager_low_frequency_restore
 .text.sl_sleeptimer_restart_timer
                0x00000000080045ea       0x38 vscode-build/obj/gecko_sdk_4.3.1/platform/service/sleeptimer/src/sl_sleeptimer.o
                0x00000000080045ea                sl_sleeptimer_restart_timer
 .text.sl_sleeptimer_get_tick_count
                0x0000000008004622       0x18 vscode-build/obj/gecko_sdk_4.3.1/platform/service/sleeptimer/src/sl_sleeptimer.o
                0x0000000008004622                sl_sleeptimer_get_tick_count
 .text.sleeptimer_hal_get_compare
                0x000000000800463a        0x8 vscode-build/obj/gecko_sdk_4.3.1/platform/service/sleeptimer/src/sl_sleeptimer_hal_sysrtc.o
                0x000000000800463a                sleeptimer_hal_get_compare
 .text.sleeptimer_hal_enable_int
                0x0000000008004642       0x12 vscode-build/obj/gecko_sdk_4.3.1/platform/service/sleeptimer/src/sl_sleeptimer_hal_sysrtc.o
                0x0000000008004642                sleeptimer_hal_enable_int
 .text.sli_sleeptimer_hal_is_int_status_set
                0x0000000008004654       0x22 vscode-build/obj/gecko_sdk_4.3.1/platform/service/sleeptimer/src/sl_sleeptimer_hal_sysrtc.o
                0x0000000008004654                sli_sleeptimer_hal_is_int_status_set
 .text.SYSRTC_APP_IRQHandler
                0x0000000008004676       0x34 vscode-build/obj/gecko_sdk_4.3.1/platform/service/sleeptimer/src/sl_sleeptimer_hal_sysrtc.o
                0x0000000008004676                SYSRTC_APP_IRQHandler
 .text.sleeptimer_hal_get_timer_frequency
                0x00000000080046aa        0x6 vscode-build/obj/gecko_sdk_4.3.1/platform/service/sleeptimer/src/sl_sleeptimer_hal_sysrtc.o
                0x00000000080046aa                sleeptimer_hal_get_timer_frequency
 .text.sl_system_init
                0x00000000080046b0       0x1a vscode-build/obj/gecko_sdk_4.3.1/platform/service/system/src/sl_system_init.o
                0x00000000080046b0                sl_system_init
 .text.sl_system_process_action
                0x00000000080046ca       0x16 vscode-build/obj/gecko_sdk_4.3.1/platform/service/system/src/sl_system_process_action.o
                0x00000000080046ca                sl_system_process_action
 .text.my_callback
                0x00000000080046e0        0x2 vscode-build/obj/main.o
                0x00000000080046e0                my_callback
 .text.memset   0x00000000080046e2       0x10 /Applications/Simplicity Studio.app/Contents/Eclipse/developer/toolchains/gnu_arm/10.3_2021.10/bin/../lib/gcc/arm-none-eabi/10.3.1/../../../../arm-none-eabi/lib/thumb/v8-m.main+fp/hard/libc_nano.a(lib_a-memset.o)
                0x00000000080046e2                memset
                0x00000000080046f2                linker_code_end = .
 *(.init)
 *fill*         0x00000000080046f2        0x2 
 .init          0x00000000080046f4        0x4 /Applications/Simplicity Studio.app/Contents/Eclipse/developer/toolchains/gnu_arm/10.3_2021.10/bin/../lib/gcc/arm-none-eabi/10.3.1/thumb/v8-m.main+fp/hard/crti.o
                0x00000000080046f4                _init
 .init          0x00000000080046f8        0x8 /Applications/Simplicity Studio.app/Contents/Eclipse/developer/toolchains/gnu_arm/10.3_2021.10/bin/../lib/gcc/arm-none-eabi/10.3.1/thumb/v8-m.main+fp/hard/crtn.o
 *(.fini)
 .fini          0x0000000008004700        0x4 /Applications/Simplicity Studio.app/Contents/Eclipse/developer/toolchains/gnu_arm/10.3_2021.10/bin/../lib/gcc/arm-none-eabi/10.3.1/thumb/v8-m.main+fp/hard/crti.o
                0x0000000008004700                _fini
 .fini          0x0000000008004704        0x8 /Applications/Simplicity Studio.app/Contents/Eclipse/developer/toolchains/gnu_arm/10.3_2021.10/bin/../lib/gcc/arm-none-eabi/10.3.1/thumb/v8-m.main+fp/hard/crtn.o
 *crtbegin.o(.ctors)
 *crtbegin?.o(.ctors)
 *(EXCLUDE_FILE(*crtend.o *crtend?.o) .ctors)
 *(SORT_BY_NAME(.ctors.*))
 *(.ctors)
 *crtbegin.o(.dtors)
 *crtbegin?.o(.dtors)
 *(EXCLUDE_FILE(*crtend.o *crtend?.o) .dtors)
 *(SORT_BY_NAME(.dtors.*))
 *(.dtors)
 *(.rodata*)
 .rodata.sl_button_btn0
                0x000000000800470c       0x18 vscode-build/obj/autogen/sl_simple_button_instances.o
                0x000000000800470c                sl_button_btn0
 .rodata.sl_button_btn1
                0x0000000008004724       0x18 vscode-build/obj/autogen/sl_simple_button_instances.o
                0x0000000008004724                sl_button_btn1
 .rodata.sl_led_led0
                0x000000000800473c       0x18 vscode-build/obj/autogen/sl_simple_led_instances.o
                0x000000000800473c                sl_led_led0
 .rodata.sl_led_led1
                0x0000000008004754       0x18 vscode-build/obj/autogen/sl_simple_led_instances.o
                0x0000000008004754                sl_led_led1
 .rodata        0x000000000800476c       0x1c vscode-build/obj/gecko_sdk_4.3.1/hardware/driver/mx25_flash_shutdown/src/sl_mx25_flash_shutdown_usart/sl_mx25_flash_shutdown.o
 .rodata.sl_slist_push.str1.1
                0x0000000008004788       0x2f vscode-build/obj/gecko_sdk_4.3.1/platform/common/src/sl_slist.o
 .rodata.GPIO_PinInGet.str1.1
                0x00000000080047b7       0x2d vscode-build/obj/gecko_sdk_4.3.1/platform/driver/button/src/sl_simple_button.o
 .rodata.sl_simple_button_init.str1.1
                0x00000000080047e4       0x3e vscode-build/obj/gecko_sdk_4.3.1/platform/driver/button/src/sl_simple_button.o
 .rodata.GPIO_PinOutClear.str1.1
                0x0000000008004822       0x2d vscode-build/obj/gecko_sdk_4.3.1/platform/driver/leddrv/src/sl_simple_led.o
 .rodata.HFRCODPLLDevinfoGet.str1.1
                0x0000000008004822       0x2c vscode-build/obj/gecko_sdk_4.3.1/platform/emlib/src/em_cmu.o
 .rodata.CORE_NvicMaskSetIRQ.str1.1
                0x000000000800484e       0x2d vscode-build/obj/gecko_sdk_4.3.1/platform/emlib/src/em_core.o
 .rodata.EMU_VScaleEM01.str1.1
                0x000000000800487b       0x2c vscode-build/obj/gecko_sdk_4.3.1/platform/emlib/src/em_emu.o
 .rodata.BUS_RegBitWrite.str1.1
                0x00000000080048a7       0x2c vscode-build/obj/gecko_sdk_4.3.1/platform/emlib/src/em_gpio.o
 .rodata.GPIO_PinOutSet.str1.1
                0x00000000080048d3       0x2d vscode-build/obj/gecko_sdk_4.3.1/platform/emlib/src/em_gpio.o
 .rodata.GPIO_ExtIntConfig.str1.1
                0x00000000080048d3       0x2d vscode-build/obj/gecko_sdk_4.3.1/platform/emlib/src/em_gpio.o
 .rodata.PRS_ConvertToSyncSource.str1.1
                0x0000000008004900       0x2c vscode-build/obj/gecko_sdk_4.3.1/platform/emlib/src/em_prs.o
 .rodata.USART_BaudrateAsyncSet.str1.1
                0x000000000800492c       0x2e vscode-build/obj/gecko_sdk_4.3.1/platform/emlib/src/em_usart.o
 .rodata.sl_sysrtc_init_group.str1.1
                0x000000000800495a       0x3c vscode-build/obj/gecko_sdk_4.3.1/platform/peripheral/src/peripheral_sysrtc.o
 .rodata        0x0000000008004996        0x7 vscode-build/obj/gecko_sdk_4.3.1/platform/service/device_init/src/sl_device_init_dcdc_s2.o
 *fill*         0x000000000800499d        0x3 
 .rodata        0x00000000080049a0       0x28 vscode-build/obj/gecko_sdk_4.3.1/platform/service/device_init/src/sl_device_init_hfxo_s2.o
 .rodata        0x00000000080049c8       0x14 vscode-build/obj/gecko_sdk_4.3.1/platform/service/device_init/src/sl_device_init_lfxo_s2.o
 .rodata.power_manager_notify_em_transition.str1.1
                0x00000000080049dc       0x46 vscode-build/obj/gecko_sdk_4.3.1/platform/service/power_manager/src/sl_power_manager.o
 .rodata.CSWTCH.64
                0x0000000008004a22        0x4 vscode-build/obj/gecko_sdk_4.3.1/platform/service/power_manager/src/sl_power_manager.o
 .rodata.sli_power_manager_init_hardware.str1.1
                0x0000000008004a26       0x4d vscode-build/obj/gecko_sdk_4.3.1/platform/service/power_manager/src/sl_power_manager_hal_s2.o
 .rodata.process_timer_irq.str1.1
                0x0000000008004a73       0x40 vscode-build/obj/gecko_sdk_4.3.1/platform/service/sleeptimer/src/sl_sleeptimer.o
 .rodata.sl_udelay_wait.str1.1
                0x0000000008004ab3       0x38 vscode-build/obj/gecko_sdk_4.3.1/platform/service/udelay/src/sl_udelay.o
 *fill*         0x0000000008004aeb        0x1 
 .rodata._global_impure_ptr
                0x0000000008004aec        0x4 /Applications/Simplicity Studio.app/Contents/Eclipse/developer/toolchains/gnu_arm/10.3_2021.10/bin/../lib/gcc/arm-none-eabi/10.3.1/../../../../arm-none-eabi/lib/thumb/v8-m.main+fp/hard/libc_nano.a(lib_a-impure.o)
                0x0000000008004aec                _global_impure_ptr
 *(.eh_frame*)
 .eh_frame      0x0000000008004af0        0x0 /Applications/Simplicity Studio.app/Contents/Eclipse/developer/toolchains/gnu_arm/10.3_2021.10/bin/../lib/gcc/arm-none-eabi/10.3.1/thumb/v8-m.main+fp/hard/crtbegin.o

.glue_7         0x0000000008004af0        0x0
 .glue_7        0x0000000008004af0        0x0 linker stubs

.glue_7t        0x0000000008004af0        0x0
 .glue_7t       0x0000000008004af0        0x0 linker stubs

.vfp11_veneer   0x0000000008004af0        0x0
 .vfp11_veneer  0x0000000008004af0        0x0 linker stubs

.v4_bx          0x0000000008004af0        0x0
 .v4_bx         0x0000000008004af0        0x0 linker stubs

.iplt           0x0000000008004af0        0x0
 .iplt          0x0000000008004af0        0x0 /Applications/Simplicity Studio.app/Contents/Eclipse/developer/toolchains/gnu_arm/10.3_2021.10/bin/../lib/gcc/arm-none-eabi/10.3.1/thumb/v8-m.main+fp/hard/crtbegin.o

.ARM.extab
 *(.ARM.extab* .gnu.linkonce.armextab.*)
                0x0000000008004af0                __exidx_start = .

.ARM.exidx      0x0000000008004af0        0x8
 *(.ARM.exidx* .gnu.linkonce.armexidx.*)
 .ARM.exidx     0x0000000008004af0        0x8 /Applications/Simplicity Studio.app/Contents/Eclipse/developer/toolchains/gnu_arm/10.3_2021.10/bin/../lib/gcc/arm-none-eabi/10.3.1/../../../../arm-none-eabi/lib/thumb/v8-m.main+fp/hard/crt0.o
                                         0x10 (size before relaxing)
 .ARM.exidx     0x0000000008004af8        0x0 /Applications/Simplicity Studio.app/Contents/Eclipse/developer/toolchains/gnu_arm/10.3_2021.10/bin/../lib/gcc/arm-none-eabi/10.3.1/thumb/v8-m.main+fp/hard/libgcc.a(_udivmoddi4.o)
                                          0x8 (size before relaxing)
                0x0000000008004af8                __exidx_end = .

.rel.dyn        0x0000000008004af8        0x0
 .rel.iplt      0x0000000008004af8        0x0 /Applications/Simplicity Studio.app/Contents/Eclipse/developer/toolchains/gnu_arm/10.3_2021.10/bin/../lib/gcc/arm-none-eabi/10.3.1/thumb/v8-m.main+fp/hard/crtbegin.o

.copy.table     0x0000000008004af8        0xc
                0x0000000008004af8                . = ALIGN (0x4)
                0x0000000008004af8                __copy_table_start__ = .
                0x0000000008004af8        0x4 LONG 0x8004b04 __etext
                0x0000000008004afc        0x4 LONG 0x20001000 __data_start__
                0x0000000008004b00        0x4 LONG 0x2a ((__data_end__ - __data_start__) / 0x4)
                0x0000000008004b04                __copy_table_end__ = .

.zero.table     0x0000000008004b04        0x0
                0x0000000008004b04                . = ALIGN (0x4)
                0x0000000008004b04                __zero_table_start__ = .
                0x0000000008004b04                __zero_table_end__ = .
                0x0000000008004b04                __etext = .
                0x0000000020000000                . = ORIGIN (RAM)

.stack          0x0000000020000000     0x1000
                0x0000000020000000                __StackLimit = .
 *(.stack*)
 .stack         0x0000000020000000     0x1000 vscode-build/obj/gecko_sdk_4.3.1/platform/common/toolchain/src/sl_memory.o
                0x0000000020001000                . = ALIGN (0x4)
                0x0000000020001000                __StackTop = .
                0x0000000020001000                PROVIDE (__stack = __StackTop)

.noinit
 *(.noinit*)

.data           0x0000000020001000       0xa8 load address 0x0000000008004b04
                0x0000000020001000                . = ALIGN (0x4)
                0x0000000020001000                __data_start__ = .
 *(vtable)
 *(SORT_BY_ALIGNMENT(.data*))
 .data.toggle_delay_ms_led0
                0x0000000020001000        0x4 vscode-build/obj/blink.o
                0x0000000020001000                toggle_delay_ms_led0
 .data.toggle_delay_ms_led1
                0x0000000020001004        0x4 vscode-build/obj/blink.o
                0x0000000020001004                toggle_delay_ms_led1
 .data.SystemCoreClock
                0x0000000020001008        0x4 vscode-build/obj/gecko_sdk_4.3.1/platform/Device/SiliconLabs/EFR32ZG23/Source/system_efr32zg23.o
                0x0000000020001008                SystemCoreClock
 .data.SystemHFRCODPLLClock
                0x000000002000100c        0x4 vscode-build/obj/gecko_sdk_4.3.1/platform/Device/SiliconLabs/EFR32ZG23/Source/system_efr32zg23.o
 .data.SystemHFXOClock
                0x0000000020001010        0x4 vscode-build/obj/gecko_sdk_4.3.1/platform/Device/SiliconLabs/EFR32ZG23/Source/system_efr32zg23.o
 .data.SystemLFXOClock
                0x0000000020001014        0x4 vscode-build/obj/gecko_sdk_4.3.1/platform/Device/SiliconLabs/EFR32ZG23/Source/system_efr32zg23.o
 .data.event_info
                0x0000000020001018        0x8 vscode-build/obj/main.o
                0x0000000020001018                event_info
 .data.impure_data
                0x0000000020001020       0x60 /Applications/Simplicity Studio.app/Contents/Eclipse/developer/toolchains/gnu_arm/10.3_2021.10/bin/../lib/gcc/arm-none-eabi/10.3.1/../../../../arm-none-eabi/lib/thumb/v8-m.main+fp/hard/libc_nano.a(lib_a-impure.o)
 .data.simple_btn0_context
                0x0000000020001080        0x8 vscode-build/obj/autogen/sl_simple_button_instances.o
                0x0000000020001080                simple_btn0_context
 .data.simple_btn1_context
                0x0000000020001088        0x8 vscode-build/obj/autogen/sl_simple_button_instances.o
                0x0000000020001088                simple_btn1_context
 .data.hfxo_precision
                0x0000000020001090        0x2 vscode-build/obj/gecko_sdk_4.3.1/platform/emlib/src/em_cmu.o
 .data.lfxo_precision
                0x0000000020001092        0x2 vscode-build/obj/gecko_sdk_4.3.1/platform/emlib/src/em_cmu.o
 .data.simple_led0_context
                0x0000000020001094        0x3 vscode-build/obj/autogen/sl_simple_led_instances.o
                0x0000000020001094                simple_led0_context
 .data.simple_led1_context
                0x0000000020001097        0x3 vscode-build/obj/autogen/sl_simple_led_instances.o
                0x0000000020001097                simple_led1_context
 .data.ctuneDelta
                0x000000002000109a        0x1 vscode-build/obj/gecko_sdk_4.3.1/platform/emlib/src/em_cmu.o
 .data.is_fast_wakeup_enabled
                0x000000002000109b        0x1 vscode-build/obj/gecko_sdk_4.3.1/platform/service/power_manager/src/sl_power_manager_hal_s2.o
 .data.cc1_disabled
                0x000000002000109c        0x1 vscode-build/obj/gecko_sdk_4.3.1/platform/service/sleeptimer/src/sl_sleeptimer_hal_sysrtc.o
 .data.cc_disabled
                0x000000002000109d        0x1 vscode-build/obj/gecko_sdk_4.3.1/platform/service/sleeptimer/src/sl_sleeptimer_hal_sysrtc.o
                0x00000000200010a0                . = ALIGN (0x4)
 *fill*         0x000000002000109e        0x2 
                [!provide]                        PROVIDE (__ram_func_section_start = .)
 *(.ram)
                [!provide]                        PROVIDE (__ram_func_section_end = .)
                0x00000000200010a0                . = ALIGN (0x4)
                0x00000000200010a0                PROVIDE (__preinit_array_start = .)
 *(.preinit_array)
                0x00000000200010a0                PROVIDE (__preinit_array_end = .)
                0x00000000200010a0                . = ALIGN (0x4)
                0x00000000200010a0                PROVIDE (__init_array_start = .)
 *(SORT_BY_NAME(.init_array.*))
 *(.init_array)
 .init_array    0x00000000200010a0        0x4 /Applications/Simplicity Studio.app/Contents/Eclipse/developer/toolchains/gnu_arm/10.3_2021.10/bin/../lib/gcc/arm-none-eabi/10.3.1/thumb/v8-m.main+fp/hard/crtbegin.o
                0x00000000200010a4                PROVIDE (__init_array_end = .)
                0x00000000200010a4                . = ALIGN (0x4)
                [!provide]                        PROVIDE (__fini_array_start = .)
 *(SORT_BY_NAME(.fini_array.*))
 *(.fini_array)
 .fini_array    0x00000000200010a4        0x4 /Applications/Simplicity Studio.app/Contents/Eclipse/developer/toolchains/gnu_arm/10.3_2021.10/bin/../lib/gcc/arm-none-eabi/10.3.1/thumb/v8-m.main+fp/hard/crtbegin.o
                [!provide]                        PROVIDE (__fini_array_end = .)
                0x00000000200010a8                . = ALIGN (0x4)
                0x00000000200010a8                __data_end__ = .

.igot.plt       0x00000000200010a8        0x0 load address 0x0000000008004bac
 .igot.plt      0x00000000200010a8        0x0 /Applications/Simplicity Studio.app/Contents/Eclipse/developer/toolchains/gnu_arm/10.3_2021.10/bin/../lib/gcc/arm-none-eabi/10.3.1/thumb/v8-m.main+fp/hard/crtbegin.o

.bss            0x00000000200010a8      0x304 load address 0x0000000008004bac
                0x00000000200010a8                . = ALIGN (0x4)
                0x00000000200010a8                __bss_start__ = .
 *(SORT_BY_ALIGNMENT(.bss*))
 .bss           0x00000000200010a8       0x1c /Applications/Simplicity Studio.app/Contents/Eclipse/developer/toolchains/gnu_arm/10.3_2021.10/bin/../lib/gcc/arm-none-eabi/10.3.1/thumb/v8-m.main+fp/hard/crtbegin.o
 .bss.timer_led0
                0x00000000200010c4       0x20 vscode-build/obj/blink.o
                0x00000000200010c4                timer_led0
 .bss.timer_led1
                0x00000000200010e4       0x20 vscode-build/obj/blink.o
                0x00000000200010e4                timer_led1
 .bss.gpioCallbacks
                0x0000000020001104      0x200 vscode-build/obj/gecko_sdk_4.3.1/platform/emdrv/gpiointerrupt/src/gpiointerrupt.o
 .bss.hfxo_last_startup_time
                0x0000000020001304        0x4 vscode-build/obj/gecko_sdk_4.3.1/platform/service/hfxo_manager/src/sl_hfxo_manager.o
 .bss.hfxo_prs_startup_time_tc_initial
                0x0000000020001308        0x4 vscode-build/obj/gecko_sdk_4.3.1/platform/service/hfxo_manager/src/sl_hfxo_manager.o
 .bss.hfxo_startup_time_sum_average
                0x000000002000130c        0x4 vscode-build/obj/gecko_sdk_4.3.1/platform/service/hfxo_manager/src/sl_hfxo_manager.o
 .bss.hfxo_startup_time_table
                0x0000000020001310       0x28 vscode-build/obj/gecko_sdk_4.3.1/platform/service/hfxo_manager/src/sl_hfxo_manager.o
 .bss.hfxo_startup_time_tc_initial
                0x0000000020001338        0x4 vscode-build/obj/gecko_sdk_4.3.1/platform/service/hfxo_manager/src/sl_hfxo_manager.o
 .bss.hfxo_startup_time_tick
                0x000000002000133c        0x4 vscode-build/obj/gecko_sdk_4.3.1/platform/service/hfxo_manager/src/sl_hfxo_manager.o
 .bss.clock_wakeup_timer_handle
                0x0000000020001340       0x20 vscode-build/obj/gecko_sdk_4.3.1/platform/service/power_manager/src/sl_power_manager.o
 .bss.high_frequency_min_offtime_tick
                0x0000000020001360        0x4 vscode-build/obj/gecko_sdk_4.3.1/platform/service/power_manager/src/sl_power_manager.o
                0x0000000020001360                high_frequency_min_offtime_tick
 .bss.power_manager_em_transition_event_list
                0x0000000020001364        0x4 vscode-build/obj/gecko_sdk_4.3.1/platform/service/power_manager/src/sl_power_manager.o
 .bss.sleeptimer_frequency
                0x0000000020001368        0x4 vscode-build/obj/gecko_sdk_4.3.1/platform/service/power_manager/src/sl_power_manager.o
 .bss.wakeup_time_config_overhead_tick
                0x000000002000136c        0x4 vscode-build/obj/gecko_sdk_4.3.1/platform/service/power_manager/src/sl_power_manager.o
                0x000000002000136c                wakeup_time_config_overhead_tick
 .bss.cmu_sys_clock_register
                0x0000000020001370        0x4 vscode-build/obj/gecko_sdk_4.3.1/platform/service/power_manager/src/sl_power_manager_hal_s2.o
                0x0000000020001370                cmu_sys_clock_register
 .bss.process_wakeup_overhead_tick
                0x0000000020001374        0x4 vscode-build/obj/gecko_sdk_4.3.1/platform/service/power_manager/src/sl_power_manager_hal_s2.o
 .bss.last_delta_update_count
                0x0000000020001378        0x4 vscode-build/obj/gecko_sdk_4.3.1/platform/service/sleeptimer/src/sl_sleeptimer.o
 .bss.max_millisecond_conversion
                0x000000002000137c        0x4 vscode-build/obj/gecko_sdk_4.3.1/platform/service/sleeptimer/src/sl_sleeptimer.o
 .bss.timer_frequency
                0x0000000020001380        0x4 vscode-build/obj/gecko_sdk_4.3.1/platform/service/sleeptimer/src/sl_sleeptimer.o
 .bss.timer_head
                0x0000000020001384        0x4 vscode-build/obj/gecko_sdk_4.3.1/platform/service/sleeptimer/src/sl_sleeptimer.o
 .bss.event_handle
                0x0000000020001388        0x8 vscode-build/obj/main.o
                0x0000000020001388                event_handle
 .bss.overflow_counter
                0x0000000020001390        0x2 vscode-build/obj/gecko_sdk_4.3.1/platform/service/sleeptimer/src/sl_sleeptimer.o
 .bss.toggle_timeout_led0
                0x0000000020001392        0x1 vscode-build/obj/blink.o
                0x0000000020001392                toggle_timeout_led0
 .bss.toggle_timeout_led1
                0x0000000020001393        0x1 vscode-build/obj/blink.o
                0x0000000020001393                toggle_timeout_led1
 .bss.vScaleEM01Config
                0x0000000020001394        0x1 vscode-build/obj/gecko_sdk_4.3.1/platform/emlib/src/em_emu.o
 .bss.hfxo_measurement_on
                0x0000000020001395        0x1 vscode-build/obj/gecko_sdk_4.3.1/platform/service/hfxo_manager/src/sl_hfxo_manager.o
 .bss.hfxo_prs_measurement_on
                0x0000000020001396        0x1 vscode-build/obj/gecko_sdk_4.3.1/platform/service/hfxo_manager/src/sl_hfxo_manager.o
 .bss.hfxo_startup_time_table_index
                0x0000000020001397        0x1 vscode-build/obj/gecko_sdk_4.3.1/platform/service/hfxo_manager/src/sl_hfxo_manager.o
 .bss.current_em
                0x0000000020001398        0x1 vscode-build/obj/gecko_sdk_4.3.1/platform/service/power_manager/src/sl_power_manager.o
 .bss.is_actively_waiting_for_clock_restore
                0x0000000020001399        0x1 vscode-build/obj/gecko_sdk_4.3.1/platform/service/power_manager/src/sl_power_manager.o
 .bss.is_hf_x_oscillator_not_preserved
                0x000000002000139a        0x1 vscode-build/obj/gecko_sdk_4.3.1/platform/service/power_manager/src/sl_power_manager.o
 .bss.is_initialized
                0x000000002000139b        0x1 vscode-build/obj/gecko_sdk_4.3.1/platform/service/power_manager/src/sl_power_manager.o
 .bss.is_restored_from_hfxo_isr
                0x000000002000139c        0x1 vscode-build/obj/gecko_sdk_4.3.1/platform/service/power_manager/src/sl_power_manager.o
 .bss.is_restored_from_hfxo_isr_internal
                0x000000002000139d        0x1 vscode-build/obj/gecko_sdk_4.3.1/platform/service/power_manager/src/sl_power_manager.o
 .bss.is_sleeping_waiting_for_clock_restore
                0x000000002000139e        0x1 vscode-build/obj/gecko_sdk_4.3.1/platform/service/power_manager/src/sl_power_manager.o
 .bss.is_states_saved
                0x000000002000139f        0x1 vscode-build/obj/gecko_sdk_4.3.1/platform/service/power_manager/src/sl_power_manager.o
 .bss.requirement_em_table
                0x00000000200013a0        0x2 vscode-build/obj/gecko_sdk_4.3.1/platform/service/power_manager/src/sl_power_manager.o
 .bss.requirement_high_accuracy_hf_clock_back_to_zero
                0x00000000200013a2        0x1 vscode-build/obj/gecko_sdk_4.3.1/platform/service/power_manager/src/sl_power_manager.o
                0x00000000200013a2                requirement_high_accuracy_hf_clock_back_to_zero
 .bss.requirement_high_accuracy_hf_clock_counter
                0x00000000200013a3        0x1 vscode-build/obj/gecko_sdk_4.3.1/platform/service/power_manager/src/sl_power_manager.o
                0x00000000200013a3                requirement_high_accuracy_hf_clock_counter
 .bss.requirement_on_em1_added
                0x00000000200013a4        0x1 vscode-build/obj/gecko_sdk_4.3.1/platform/service/power_manager/src/sl_power_manager.o
 .bss.waiting_clock_restore_from_em
                0x00000000200013a5        0x1 vscode-build/obj/gecko_sdk_4.3.1/platform/service/power_manager/src/sl_power_manager.o
 .bss.is_entering_deepsleep
                0x00000000200013a6        0x1 vscode-build/obj/gecko_sdk_4.3.1/platform/service/power_manager/src/sl_power_manager_hal_s2.o
 .bss.is_hf_x_oscillator_already_started
                0x00000000200013a7        0x1 vscode-build/obj/gecko_sdk_4.3.1/platform/service/power_manager/src/sl_power_manager_hal_s2.o
 .bss.is_hf_x_oscillator_used
                0x00000000200013a8        0x1 vscode-build/obj/gecko_sdk_4.3.1/platform/service/power_manager/src/sl_power_manager_hal_s2.o
 .bss.is_sleeptimer_initialized
                0x00000000200013a9        0x1 vscode-build/obj/gecko_sdk_4.3.1/platform/service/sleeptimer/src/sl_sleeptimer.o
 .bss.next_timer_to_expire_is_power_manager
                0x00000000200013aa        0x1 vscode-build/obj/gecko_sdk_4.3.1/platform/service/sleeptimer/src/sl_sleeptimer.o
 .bss.sleep_on_isr_exit
                0x00000000200013ab        0x1 vscode-build/obj/gecko_sdk_4.3.1/platform/service/sleeptimer/src/sl_sleeptimer.o
 *(COMMON)
                0x00000000200013ac                . = ALIGN (0x4)
                0x00000000200013ac                __bss_end__ = .

.heap           0x00000000200013b0      0x800
                0x00000000200013b0                __HeapBase = .
                0x00000000200013b0                __end__ = .
                0x00000000200013b0                end = __end__
                0x00000000200013b0                _end = __end__
 *(.heap*)
 .heap          0x00000000200013b0      0x800 vscode-build/obj/gecko_sdk_4.3.1/platform/common/toolchain/src/sl_memory.o
                0x0000000020010000                __HeapLimit = (ORIGIN (RAM) + LENGTH (RAM))
                0x000000000000ec50                __heap_size = (__HeapLimit - __HeapBase)
                0x0000000020010000                __ram_end__ = 0x20010000
                0x000000000807e000                __main_flash_end__ = 0x807e000

.internal_storage
                0x0000000008004b04        0x0
 *(.internal_storage*)

.nvm            0x0000000008004b04        0x0
 *(.simee*)
                0x000000000807e000                linker_nvm_end = __main_flash_end__
                0x000000000807e000                linker_nvm_begin = (linker_nvm_end - SIZEOF (.nvm))
                0x0000000000000000                linker_nvm_size = SIZEOF (.nvm)
                0x000000000807e000                linker_storage_end = linker_nvm_begin
                0x000000000807e000                __nvm3Base = linker_nvm_begin
                0x000000000807e000                linker_storage_begin = (linker_storage_end - SIZEOF (.internal_storage))
                0x0000000000000000                linker_storage_size = SIZEOF (.internal_storage)
                0x0000000000000001                ASSERT ((linker_storage_begin >= (__etext + SIZEOF (.data))), FLASH memory overflowed !)
                0x000000000807e000                app_flash_end = 0x807e000
                0x0000000000000001                ASSERT (((linker_nvm_begin + SIZEOF (.nvm)) <= app_flash_end), NVM3 is excessing the flash size !)
OUTPUT(vscode-build/blink_baremetal_devBoard.out elf32-littlearm)
LOAD linker stubs

.ARM.attributes
                0x0000000000000000       0x36
 .ARM.attributes
                0x0000000000000000       0x22 /Applications/Simplicity Studio.app/Contents/Eclipse/developer/toolchains/gnu_arm/10.3_2021.10/bin/../lib/gcc/arm-none-eabi/10.3.1/thumb/v8-m.main+fp/hard/crti.o
 .ARM.attributes
                0x0000000000000022       0x38 /Applications/Simplicity Studio.app/Contents/Eclipse/developer/toolchains/gnu_arm/10.3_2021.10/bin/../lib/gcc/arm-none-eabi/10.3.1/thumb/v8-m.main+fp/hard/crtbegin.o
 .ARM.attributes
                0x000000000000005a       0x20 /Applications/Simplicity Studio.app/Contents/Eclipse/developer/toolchains/gnu_arm/10.3_2021.10/bin/../lib/gcc/arm-none-eabi/10.3.1/../../../../arm-none-eabi/lib/thumb/v8-m.main+fp/hard/crt0.o
 .ARM.attributes
                0x000000000000007a       0x26 vscode-build/obj/gecko_sdk_4.3.1/platform/service/udelay/src/sl_udelay_armv6m_gcc.o
 .ARM.attributes
                0x00000000000000a0       0x3a vscode-build/obj/app.o
 .ARM.attributes
                0x00000000000000da       0x3a vscode-build/obj/autogen/sl_board_default_init.o