Archive member included to satisfy reference by file (symbol)

/Applications/Simplicity Studio.app/Contents/Eclipse/developer/toolchains/gnu_arm/10.3_2021.10/bin/../lib/gcc/arm-none-eabi/10.3.1/thumb/v8-m.main+fp/hard/libgcc.a(_arm_muldf3.o)
                              vscode-build/obj/blink.o (__aeabi_dmul)
/Applications/Simplicity Studio.app/Contents/Eclipse/developer/toolchains/gnu_arm/10.3_2021.10/bin/../lib/gcc/arm-none-eabi/10.3.1/thumb/v8-m.main+fp/hard/libgcc.a(_arm_addsubdf3.o)
                              vscode-build/obj/blink.o (__aeabi_ui2d)
/Applications/Simplicity Studio.app/Contents/Eclipse/developer/toolchains/gnu_arm/10.3_2021.10/bin/../lib/gcc/arm-none-eabi/10.3.1/thumb/v8-m.main+fp/hard/libgcc.a(_arm_fixunsdfsi.o)
                              vscode-build/obj/blink.o (__aeabi_d2uiz)
/Applications/Simplicity Studio.app/Contents/Eclipse/developer/toolchains/gnu_arm/10.3_2021.10/bin/../lib/gcc/arm-none-eabi/10.3.1/thumb/v8-m.main+fp/hard/libgcc.a(_aeabi_ldivmod.o)
                              vscode-build/obj/gecko_sdk_4.3.1/platform/emlib/src/em_usart.o (__aeabi_ldivmod)
/Applications/Simplicity Studio.app/Contents/Eclipse/developer/toolchains/gnu_arm/10.3_2021.10/bin/../lib/gcc/arm-none-eabi/10.3.1/thumb/v8-m.main+fp/hard/libgcc.a(_aeabi_uldivmod.o)
                              vscode-build/obj/gecko_sdk_4.3.1/platform/emlib/src/em_usart.o (__aeabi_uldivmod)
/Applications/Simplicity Studio.app/Contents/Eclipse/developer/toolchains/gnu_arm/10.3_2021.10/bin/../lib/gcc/arm-none-eabi/10.3.1/thumb/v8-m.main+fp/hard/libgcc.a(_udivmoddi4.o)
                              /Applications/Simplicity Studio.app/Contents/Eclipse/developer/toolchains/gnu_arm/10.3_2021.10/bin/../lib/gcc/arm-none-eabi/10.3.1/thumb/v8-m.main+fp/hard/libgcc.a(_aeabi_ldivmod.o) (__udivmoddi4)
/Applications/Simplicity Studio.app/Contents/Eclipse/developer/toolchains/gnu_arm/10.3_2021.10/bin/../lib/gcc/arm-none-eabi/10.3.1/thumb/v8-m.main+fp/hard/libgcc.a(_dvmd_tls.o)
                              /Applications/Simplicity Studio.app/Contents/Eclipse/developer/toolchains/gnu_arm/10.3_2021.10/bin/../lib/gcc/arm-none-eabi/10.3.1/thumb/v8-m.main+fp/hard/libgcc.a(_aeabi_ldivmod.o) (__aeabi_ldiv0)
/Applications/Simplicity Studio.app/Contents/Eclipse/developer/toolchains/gnu_arm/10.3_2021.10/bin/../lib/gcc/arm-none-eabi/10.3.1/../../../../arm-none-eabi/lib/thumb/v8-m.main+fp/hard/libc_nano.a(lib_a-exit.o)
                              /Applications/Simplicity Studio.app/Contents/Eclipse/developer/toolchains/gnu_arm/10.3_2021.10/bin/../lib/gcc/arm-none-eabi/10.3.1/../../../../arm-none-eabi/lib/thumb/v8-m.main+fp/hard/crt0.o (exit)
/Applications/Simplicity Studio.app/Contents/Eclipse/developer/toolchains/gnu_arm/10.3_2021.10/bin/../lib/gcc/arm-none-eabi/10.3.1/../../../../arm-none-eabi/lib/thumb/v8-m.main+fp/hard/libc_nano.a(lib_a-impure.o)
                              /Applications/Simplicity Studio.app/Contents/Eclipse/developer/toolchains/gnu_arm/10.3_2021.10/bin/../lib/gcc/arm-none-eabi/10.3.1/../../../../arm-none-eabi/lib/thumb/v8-m.main+fp/hard/libc_nano.a(lib_a-exit.o) (_global_impure_ptr)
/Applications/Simplicity Studio.app/Contents/Eclipse/developer/toolchains/gnu_arm/10.3_2021.10/bin/../lib/gcc/arm-none-eabi/10.3.1/../../../../arm-none-eabi/lib/thumb/v8-m.main+fp/hard/libc_nano.a(lib_a-init.o)
                              /Applications/Simplicity Studio.app/Contents/Eclipse/developer/toolchains/gnu_arm/10.3_2021.10/bin/../lib/gcc/arm-none-eabi/10.3.1/../../../../arm-none-eabi/lib/thumb/v8-m.main+fp/hard/crt0.o (__libc_init_array)
/Applications/Simplicity Studio.app/Contents/Eclipse/developer/toolchains/gnu_arm/10.3_2021.10/bin/../lib/gcc/arm-none-eabi/10.3.1/../../../../arm-none-eabi/lib/thumb/v8-m.main+fp/hard/libc_nano.a(lib_a-memset.o)
                              /Applications/Simplicity Studio.app/Contents/Eclipse/developer/toolchains/gnu_arm/10.3_2021.10/bin/../lib/gcc/arm-none-eabi/10.3.1/../../../../arm-none-eabi/lib/thumb/v8-m.main+fp/hard/crt0.o (memset)
/Applications/Simplicity Studio.app/Contents/Eclipse/developer/toolchains/gnu_arm/10.3_2021.10/bin/../lib/gcc/arm-none-eabi/10.3.1/../../../../arm-none-eabi/lib/thumb/v8-m.main+fp/hard/libnosys.a(_exit.o)
                              /Applications/Simplicity Studio.app/Contents/Eclipse/developer/toolchains/gnu_arm/10.3_2021.10/bin/../lib/gcc/arm-none-eabi/10.3.1/../../../../arm-none-eabi/lib/thumb/v8-m.main+fp/hard/libc_nano.a(lib_a-exit.o) (_exit)

Discarded input sections

 .text          0x0000000000000000        0x0 /Applications/Simplicity Studio.app/Contents/Eclipse/developer/toolchains/gnu_arm/10.3_2021.10/bin/../lib/gcc/arm-none-eabi/10.3.1/thumb/v8-m.main+fp/hard/crti.o
 .data          0x0000000000000000        0x0 /Applications/Simplicity Studio.app/Contents/Eclipse/developer/toolchains/gnu_arm/10.3_2021.10/bin/../lib/gcc/arm-none-eabi/10.3.1/thumb/v8-m.main+fp/hard/crti.o
[...]
Memory Configuration

Name             Origin             Length             Attributes
FLASH            0x0000000008000000 0x000000000007e000 xr
RAM              0x0000000020000000 0x0000000000010000 xrw
*default*        0x0000000000000000 0xffffffffffffffff

Linker script and memory map

LOAD /Applications/Simplicity Studio.app/Contents/Eclipse/developer/toolchains/gnu_arm/10.3_2021.10/bin/../lib/gcc/arm-none-eabi/10.3.1/thumb/v8-m.main+fp/hard/crti.o
LOAD /Applications/Simplicity Studio.app/Contents/Eclipse/developer/toolchains/gnu_arm/10.3_2021.10/bin/../lib/gcc/arm-none-eabi/10.3.1/thumb/v8-m.main+fp/hard/crtbegin.o
LOAD /Applications/Simplicity Studio.app/Contents/Eclipse/developer/toolchains/gnu_arm/10.3_2021.10/bin/../lib/gcc/arm-none-eabi/10.3.1/../../../../arm-none-eabi/lib/thumb/v8-m.main+fp/hard/crt0.o
LOAD vscode-build/obj/gecko_sdk_4.3.1/platform/service/udelay/src/sl_udelay_armv6m_gcc.o
LOAD vscode-build/obj/app.o
LOAD vscode-build/obj/autogen/sl_board_default_init.o
LOAD vscode-build/obj/autogen/sl_device_init_clocks.o
LOAD vscode-build/obj/autogen/sl_event_handler.o
LOAD vscode-build/obj/autogen/sl_power_manager_handler.o
LOAD vscode-build/obj/autogen/sl_simple_button_instances.o
LOAD vscode-build/obj/autogen/sl_simple_led_instances.o
LOAD vscode-build/obj/blink.o
LOAD vscode-build/obj/gecko_sdk_4.3.1/hardware/board/src/sl_board_control_gpio.o
LOAD vscode-build/obj/gecko_sdk_4.3.1/hardware/board/src/sl_board_init.o
LOAD vscode-build/obj/gecko_sdk_4.3.1/hardware/driver/configuration_over_swo/src/sl_cos.o
LOAD vscode-build/obj/gecko_sdk_4.3.1/hardware/driver/mx25_flash_shutdown/src/sl_mx25_flash_shutdown_usart/sl_mx25_flash_shutdown.o
LOAD vscode-build/obj/gecko_sdk_4.3.1/platform/Device/SiliconLabs/EFR32ZG23/Source/startup_efr32zg23.o
LOAD vscode-build/obj/gecko_sdk_4.3.1/platform/Device/SiliconLabs/EFR32ZG23/Source/system_efr32zg23.o
LOAD vscode-build/obj/gecko_sdk_4.3.1/platform/common/src/sl_assert.o
LOAD vscode-build/obj/gecko_sdk_4.3.1/platform/common/src/sl_slist.o
LOAD vscode-build/obj/gecko_sdk_4.3.1/platform/common/toolchain/src/sl_memory.o
LOAD vscode-build/obj/gecko_sdk_4.3.1/platform/driver/button/src/sl_button.o
LOAD vscode-build/obj/gecko_sdk_4.3.1/platform/driver/button/src/sl_simple_button.o
LOAD vscode-build/obj/gecko_sdk_4.3.1/platform/driver/debug/src/sl_debug_swo.o
LOAD vscode-build/obj/gecko_sdk_4.3.1/platform/driver/leddrv/src/sl_led.o
LOAD vscode-build/obj/gecko_sdk_4.3.1/platform/driver/leddrv/src/sl_simple_led.o
LOAD vscode-build/obj/gecko_sdk_4.3.1/platform/emdrv/gpiointerrupt/src/gpiointerrupt.o
LOAD vscode-build/obj/gecko_sdk_4.3.1/platform/emlib/src/em_burtc.o
LOAD vscode-build/obj/gecko_sdk_4.3.1/platform/emlib/src/em_cmu.o
LOAD vscode-build/obj/gecko_sdk_4.3.1/platform/emlib/src/em_core.o
LOAD vscode-build/obj/gecko_sdk_4.3.1/platform/emlib/src/em_emu.o
LOAD vscode-build/obj/gecko_sdk_4.3.1/platform/emlib/src/em_gpio.o
LOAD vscode-build/obj/gecko_sdk_4.3.1/platform/emlib/src/em_msc.o
LOAD vscode-build/obj/gecko_sdk_4.3.1/platform/emlib/src/em_prs.o
LOAD vscode-build/obj/gecko_sdk_4.3.1/platform/emlib/src/em_system.o
LOAD vscode-build/obj/gecko_sdk_4.3.1/platform/emlib/src/em_timer.o
LOAD vscode-build/obj/gecko_sdk_4.3.1/platform/emlib/src/em_usart.o
LOAD vscode-build/obj/gecko_sdk_4.3.1/platform/peripheral/src/peripheral_sysrtc.o
LOAD vscode-build/obj/gecko_sdk_4.3.1/platform/service/device_init/src/sl_device_init_dcdc_s2.o
LOAD vscode-build/obj/gecko_sdk_4.3.1/platform/service/device_init/src/sl_device_init_emu_s2.o
LOAD vscode-build/obj/gecko_sdk_4.3.1/platform/service/device_init/src/sl_device_init_hfxo_s2.o
LOAD vscode-build/obj/gecko_sdk_4.3.1/platform/service/device_init/src/sl_device_init_lfxo_s2.o
LOAD vscode-build/obj/gecko_sdk_4.3.1/platform/service/device_init/src/sl_device_init_nvic.o
LOAD vscode-build/obj/gecko_sdk_4.3.1/platform/service/hfxo_manager/src/sl_hfxo_manager.o
LOAD vscode-build/obj/gecko_sdk_4.3.1/platform/service/hfxo_manager/src/sl_hfxo_manager_hal_s2.o
LOAD vscode-build/obj/gecko_sdk_4.3.1/platform/service/power_manager/src/sl_power_manager.o
LOAD vscode-build/obj/gecko_sdk_4.3.1/platform/service/power_manager/src/sl_power_manager_debug.o
LOAD vscode-build/obj/gecko_sdk_4.3.1/platform/service/power_manager/src/sl_power_manager_hal_s2.o
LOAD vscode-build/obj/gecko_sdk_4.3.1/platform/service/sleeptimer/src/sl_sleeptimer.o
LOAD vscode-build/obj/gecko_sdk_4.3.1/platform/service/sleeptimer/src/sl_sleeptimer_hal_burtc.o
LOAD vscode-build/obj/gecko_sdk_4.3.1/platform/service/sleeptimer/src/sl_sleeptimer_hal_sysrtc.o
LOAD vscode-build/obj/gecko_sdk_4.3.1/platform/service/sleeptimer/src/sl_sleeptimer_hal_timer.o
LOAD vscode-build/obj/gecko_sdk_4.3.1/platform/service/system/src/sl_system_init.o
LOAD vscode-build/obj/gecko_sdk_4.3.1/platform/service/system/src/sl_system_process_action.o
LOAD vscode-build/obj/gecko_sdk_4.3.1/platform/service/udelay/src/sl_udelay.o
LOAD vscode-build/obj/main.o
START GROUP
LOAD /Applications/Simplicity Studio.app/Contents/Eclipse/developer/toolchains/gnu_arm/10.3_2021.10/bin/../lib/gcc/arm-none-eabi/10.3.1/thumb/v8-m.main+fp/hard/libgcc.a
LOAD /Applications/Simplicity Studio.app/Contents/Eclipse/developer/toolchains/gnu_arm/10.3_2021.10/bin/../lib/gcc/arm-none-eabi/10.3.1/../../../../arm-none-eabi/lib/thumb/v8-m.main+fp/hard/libc_nano.a
LOAD /Applications/Simplicity Studio.app/Contents/Eclipse/developer/toolchains/gnu_arm/10.3_2021.10/bin/../lib/gcc/arm-none-eabi/10.3.1/../../../../arm-none-eabi/lib/thumb/v8-m.main+fp/hard/libm.a
LOAD /Applications/Simplicity Studio.app/Contents/Eclipse/developer/toolchains/gnu_arm/10.3_2021.10/bin/../lib/gcc/arm-none-eabi/10.3.1/../../../../arm-none-eabi/lib/thumb/v8-m.main+fp/hard/libnosys.a
END GROUP
START GROUP
LOAD /Applications/Simplicity Studio.app/Contents/Eclipse/developer/toolchains/gnu_arm/10.3_2021.10/bin/../lib/gcc/arm-none-eabi/10.3.1/thumb/v8-m.main+fp/hard/libgcc.a
LOAD /Applications/Simplicity Studio.app/Contents/Eclipse/developer/toolchains/gnu_arm/10.3_2021.10/bin/../lib/gcc/arm-none-eabi/10.3.1/../../../../arm-none-eabi/lib/thumb/v8-m.main+fp/hard/libc_nano.a
END GROUP
START GROUP
LOAD /Applications/Simplicity Studio.app/Contents/Eclipse/developer/toolchains/gnu_arm/10.3_2021.10/bin/../lib/gcc/arm-none-eabi/10.3.1/thumb/v8-m.main+fp/hard/libgcc.a
LOAD /Applications/Simplicity Studio.app/Contents/Eclipse/developer/toolchains/gnu_arm/10.3_2021.10/bin/../lib/gcc/arm-none-eabi/10.3.1/../../../../arm-none-eabi/lib/thumb/v8-m.main+fp/hard/libc_nano.a
END GROUP
LOAD /Applications/Simplicity Studio.app/Contents/Eclipse/developer/toolchains/gnu_arm/10.3_2021.10/bin/../lib/gcc/arm-none-eabi/10.3.1/thumb/v8-m.main+fp/hard/crtend.o
LOAD /Applications/Simplicity Studio.app/Contents/Eclipse/developer/toolchains/gnu_arm/10.3_2021.10/bin/../lib/gcc/arm-none-eabi/10.3.1/thumb/v8-m.main+fp/hard/crtn.o

.text           0x0000000008000000     0x4a68
                0x0000000008000000                linker_vectors_begin = .
 *(.vectors)
 .vectors       0x0000000008000000      0x170 vscode-build/obj/gecko_sdk_4.3.1/platform/Device/SiliconLabs/EFR32ZG23/Source/startup_efr32zg23.o
                0x0000000008000000                __Vectors
                0x0000000008000170                linker_vectors_end = .
                0x0000000008000170                __Vectors_End = .
                0x0000000008000170                __Vectors_Size = (__Vectors_End - __Vectors)
                0x0000000008000170                linker_code_begin = .
 *(SORT_BY_ALIGNMENT(.text*))
 .text          0x0000000008000170        0x8 vscode-build/obj/gecko_sdk_4.3.1/platform/service/udelay/src/sl_udelay_armv6m_gcc.o
                0x0000000008000170                sli_delay_loop
 .text          0x0000000008000178       0x40 /Applications/Simplicity Studio.app/Contents/Eclipse/developer/toolchains/gnu_arm/10.3_2021.10/bin/../lib/gcc/arm-none-eabi/10.3.1/thumb/v8-m.main+fp/hard/crtbegin.o
 .text          0x00000000080001b8       0x7c /Applications/Simplicity Studio.app/Contents/Eclipse/developer/toolchains/gnu_arm/10.3_2021.10/bin/../lib/gcc/arm-none-eabi/10.3.1/../../../../arm-none-eabi/lib/thumb/v8-m.main+fp/hard/crt0.o
                0x00000000080001b8                _stack_init
                0x00000000080001c0                _mainCRTStartup
                0x00000000080001c0                _start
 .text.sl_device_init_clocks
                0x0000000008000234       0xac vscode-build/obj/autogen/sl_device_init_clocks.o
                0x0000000008000234                sl_device_init_clocks
 .text.sl_platform_init
                0x00000000080002e0       0xa0 vscode-build/obj/autogen/sl_event_handler.o
                0x00000000080002e0                sl_platform_init
 .text.sl_simple_button_init_instances
                0x0000000008000380       0x1c vscode-build/obj/autogen/sl_simple_button_instances.o
                0x0000000008000380                sl_simple_button_init_instances
 .text.sl_simple_led_init_instances
                0x000000000800039c       0x1c vscode-build/obj/autogen/sl_simple_led_instances.o
                0x000000000800039c                sl_simple_led_init_instances
 .text.on_timeout_led0
                0x00000000080003b8        0xc vscode-build/obj/blink.o
 .text.on_timeout_led1
                0x00000000080003c4        0xc vscode-build/obj/blink.o
 .text.blink_process_action
                0x00000000080003d0       0x34 vscode-build/obj/blink.o
                0x00000000080003d0                blink_process_action
 .text.blink_init
                0x0000000008000404       0x38 vscode-build/obj/blink.o
                0x0000000008000404                blink_init
 .text.sl_button_on_change
                0x000000000800043c       0x54 vscode-build/obj/blink.o
                0x000000000800043c                sl_button_on_change
 .text.cs_high  0x0000000008000490       0x10 vscode-build/obj/gecko_sdk_4.3.1/hardware/driver/mx25_flash_shutdown/src/sl_mx25_flash_shutdown_usart/sl_mx25_flash_shutdown.o
 .text.cs_low   0x00000000080004a0       0x10 vscode-build/obj/gecko_sdk_4.3.1/hardware/driver/mx25_flash_shutdown/src/sl_mx25_flash_shutdown_usart/sl_mx25_flash_shutdown.o
 .text.sl_mx25_flash_shutdown
                0x00000000080004b0      0x118 vscode-build/obj/gecko_sdk_4.3.1/hardware/driver/mx25_flash_shutdown/src/sl_mx25_flash_shutdown_usart/sl_mx25_flash_shutdown.o
                0x00000000080004b0                sl_mx25_flash_shutdown
 .text.Reset_Handler
                0x00000000080005c8       0x60 vscode-build/obj/gecko_sdk_4.3.1/platform/Device/SiliconLabs/EFR32ZG23/Source/startup_efr32zg23.o
                0x00000000080005c8                Reset_Handler
 .text.SystemInit
                0x0000000008000628       0x68 vscode-build/obj/gecko_sdk_4.3.1/platform/Device/SiliconLabs/EFR32ZG23/Source/system_efr32zg23.o
                0x0000000008000628                SystemInit
 .text.SystemHFRCODPLLClockGet
                0x0000000008000690        0xc vscode-build/obj/gecko_sdk_4.3.1/platform/Device/SiliconLabs/EFR32ZG23/Source/system_efr32zg23.o
                0x0000000008000690                SystemHFRCODPLLClockGet
 .text.SystemSYSCLKGet
                0x000000000800069c       0x34 vscode-build/obj/gecko_sdk_4.3.1/platform/Device/SiliconLabs/EFR32ZG23/Source/system_efr32zg23.o
                0x000000000800069c                SystemSYSCLKGet
 .text.SystemHCLKGet
                0x00000000080006d0       0x24 vscode-build/obj/gecko_sdk_4.3.1/platform/Device/SiliconLabs/EFR32ZG23/Source/system_efr32zg23.o
                0x00000000080006d0                SystemHCLKGet
 .text.SystemMaxCoreClockGet
                0x00000000080006f4        0x8 vscode-build/obj/gecko_sdk_4.3.1/platform/Device/SiliconLabs/EFR32ZG23/Source/system_efr32zg23.o
                0x00000000080006f4                SystemMaxCoreClockGet
 .text.SystemHFXOClockGet
                0x00000000080006fc        0xc vscode-build/obj/gecko_sdk_4.3.1/platform/Device/SiliconLabs/EFR32ZG23/Source/system_efr32zg23.o
                0x00000000080006fc                SystemHFXOClockGet
 .text.SystemHFXOClockSet
                0x0000000008000708       0x20 vscode-build/obj/gecko_sdk_4.3.1/platform/Device/SiliconLabs/EFR32ZG23/Source/system_efr32zg23.o
                0x0000000008000708                SystemHFXOClockSet
 .text.SystemFSRCOClockGet
                0x0000000008000728        0x8 vscode-build/obj/gecko_sdk_4.3.1/platform/Device/SiliconLabs/EFR32ZG23/Source/system_efr32zg23.o
                0x0000000008000728                SystemFSRCOClockGet
 .text.SystemHFRCOEM23ClockGet
                0x0000000008000730       0x84 vscode-build/obj/gecko_sdk_4.3.1/platform/Device/SiliconLabs/EFR32ZG23/Source/system_efr32zg23.o
                0x0000000008000730                SystemHFRCOEM23ClockGet
 .text.SystemLFXOClockGet
                0x00000000080007b4        0xc vscode-build/obj/gecko_sdk_4.3.1/platform/Device/SiliconLabs/EFR32ZG23/Source/system_efr32zg23.o
                0x00000000080007b4                SystemLFXOClockGet
 .text.GPIO_PinInGet
                0x00000000080007c0       0x54 vscode-build/obj/gecko_sdk_4.3.1/platform/driver/button/src/sl_simple_button.o
 .text.sl_simple_button_init
                0x0000000008000814       0x6c vscode-build/obj/gecko_sdk_4.3.1/platform/driver/button/src/sl_simple_button.o
                0x0000000008000814                sl_simple_button_init
 .text.sl_debug_swo_init
                0x0000000008000880       0xc0 vscode-build/obj/gecko_sdk_4.3.1/platform/driver/debug/src/sl_debug_swo.o
                0x0000000008000880                sl_debug_swo_init
 .text.GPIO_PinOutClear
                0x0000000008000940       0x50 vscode-build/obj/gecko_sdk_4.3.1/platform/driver/leddrv/src/sl_simple_led.o
 .text.GPIO_PinOutSet
                0x0000000008000990       0x50 vscode-build/obj/gecko_sdk_4.3.1/platform/driver/leddrv/src/sl_simple_led.o
 .text.sl_simple_led_toggle
                0x00000000080009e0       0x4c vscode-build/obj/gecko_sdk_4.3.1/platform/driver/leddrv/src/sl_simple_led.o
                0x00000000080009e0                sl_simple_led_toggle
 .text.sl_simple_led_get_state
                0x0000000008000a2c       0x5c vscode-build/obj/gecko_sdk_4.3.1/platform/driver/leddrv/src/sl_simple_led.o
                0x0000000008000a2c                sl_simple_led_get_state
 .text.GPIOINT_IRQDispatcher
                0x0000000008000a88       0x38 vscode-build/obj/gecko_sdk_4.3.1/platform/emdrv/gpiointerrupt/src/gpiointerrupt.o
 .text.GPIOINT_Init
                0x0000000008000ac0       0x30 vscode-build/obj/gecko_sdk_4.3.1/platform/emdrv/gpiointerrupt/src/gpiointerrupt.o
                0x0000000008000ac0                GPIOINT_Init
 .text.GPIOINT_CallbackRegister
                0x0000000008000af0       0x24 vscode-build/obj/gecko_sdk_4.3.1/platform/emdrv/gpiointerrupt/src/gpiointerrupt.o
                0x0000000008000af0                GPIOINT_CallbackRegister
 .text.GPIOINT_CallbackRegisterExt
                0x0000000008000b14       0x58 vscode-build/obj/gecko_sdk_4.3.1/platform/emdrv/gpiointerrupt/src/gpiointerrupt.o
                0x0000000008000b14                GPIOINT_CallbackRegisterExt
 .text.GPIO_EVEN_IRQHandler
                0x0000000008000b6c       0x24 vscode-build/obj/gecko_sdk_4.3.1/platform/emdrv/gpiointerrupt/src/gpiointerrupt.o
                0x0000000008000b6c                GPIO_EVEN_IRQHandler
 .text.GPIO_ODD_IRQHandler
                0x0000000008000b90       0x24 vscode-build/obj/gecko_sdk_4.3.1/platform/emdrv/gpiointerrupt/src/gpiointerrupt.o
                0x0000000008000b90                GPIO_ODD_IRQHandler
 .text.EMU_VScaleGet
                0x0000000008000bb4       0x18 vscode-build/obj/gecko_sdk_4.3.1/platform/emlib/src/em_cmu.o
 .text.em01GrpaClkGet
                0x0000000008000bcc       0x74 vscode-build/obj/gecko_sdk_4.3.1/platform/emlib/src/em_cmu.o
 .text.em01GrpcClkGet
                0x0000000008000c40       0x70 vscode-build/obj/gecko_sdk_4.3.1/platform/emlib/src/em_cmu.o
 .text.iadcClkGet
                0x0000000008000cb0       0x60 vscode-build/obj/gecko_sdk_4.3.1/platform/emlib/src/em_cmu.o
 .text.lesenseHFClkGet
                0x0000000008000d10       0x48 vscode-build/obj/gecko_sdk_4.3.1/platform/emlib/src/em_cmu.o
 .text.eusart0ClkGet
                0x0000000008000d58       0x74 vscode-build/obj/gecko_sdk_4.3.1/platform/emlib/src/em_cmu.o
 .text.em23GrpaClkGet
                0x0000000008000dcc       0x48 vscode-build/obj/gecko_sdk_4.3.1/platform/emlib/src/em_cmu.o
 .text.vdac0ClkGet
                0x0000000008000e14       0x70 vscode-build/obj/gecko_sdk_4.3.1/platform/emlib/src/em_cmu.o
 .text.pcnt0ClkGet
                0x0000000008000e84       0x4c vscode-build/obj/gecko_sdk_4.3.1/platform/emlib/src/em_cmu.o
 .text.wdog0ClkGet
                0x0000000008000ed0       0x64 vscode-build/obj/gecko_sdk_4.3.1/platform/emlib/src/em_cmu.o
 .text.wdog1ClkGet
                0x0000000008000f34       0x64 vscode-build/obj/gecko_sdk_4.3.1/platform/emlib/src/em_cmu.o
 .text.sysrtcClkGet
                0x0000000008000f98       0x48 vscode-build/obj/gecko_sdk_4.3.1/platform/emlib/src/em_cmu.o
 .text.lcdClkGet
                0x0000000008000fe0       0x54 vscode-build/obj/gecko_sdk_4.3.1/platform/emlib/src/em_cmu.o
 .text.em4GrpaClkGet
                0x0000000008001034       0x48 vscode-build/obj/gecko_sdk_4.3.1/platform/emlib/src/em_cmu.o
 .text.CMU_ClockDivGet
                0x000000000800107c       0x84 vscode-build/obj/gecko_sdk_4.3.1/platform/emlib/src/em_cmu.o
                0x000000000800107c                CMU_ClockDivGet
 .text.flashWaitStateControl
                0x0000000008001100       0x58 vscode-build/obj/gecko_sdk_4.3.1/platform/emlib/src/em_cmu.o
 .text.CMU_ClockEnable
                0x0000000008001158       0x58 vscode-build/obj/gecko_sdk_4.3.1/platform/emlib/src/em_cmu.o
                0x0000000008001158                CMU_ClockEnable
 .text.CMU_ClockFreqGet
                0x00000000080011b0      0x270 vscode-build/obj/gecko_sdk_4.3.1/platform/emlib/src/em_cmu.o
                0x00000000080011b0                CMU_ClockFreqGet
 .text.rhclkPrescOptimize
                0x0000000008001420       0x20 vscode-build/obj/gecko_sdk_4.3.1/platform/emlib/src/em_cmu.o
 .text.CMU_ClockSelectGet
                0x0000000008001440      0x268 vscode-build/obj/gecko_sdk_4.3.1/platform/emlib/src/em_cmu.o
                0x0000000008001440                CMU_ClockSelectGet
 .text.sli_em_cmu_HFXOSetForceEnable
                0x00000000080016a8       0x1c vscode-build/obj/gecko_sdk_4.3.1/platform/emlib/src/em_cmu.o
                0x00000000080016a8                sli_em_cmu_HFXOSetForceEnable
 .text.CMU_HFXOInit
                0x00000000080016c4      0x23c vscode-build/obj/gecko_sdk_4.3.1/platform/emlib/src/em_cmu.o
                0x00000000080016c4                CMU_HFXOInit
 .text.CMU_HFXOCTuneDeltaGet
                0x0000000008001900        0xc vscode-build/obj/gecko_sdk_4.3.1/platform/emlib/src/em_cmu.o
                0x0000000008001900                CMU_HFXOCTuneDeltaGet
 .text.CMU_LFXOInit
                0x000000000800190c       0xc4 vscode-build/obj/gecko_sdk_4.3.1/platform/emlib/src/em_cmu.o
                0x000000000800190c                CMU_LFXOInit
 .text.CMU_LFXOPrecisionSet
                0x00000000080019d0        0xc vscode-build/obj/gecko_sdk_4.3.1/platform/emlib/src/em_cmu.o
                0x00000000080019d0                CMU_LFXOPrecisionSet
 .text.CMU_HFXOPrecisionSet
                0x00000000080019dc        0xc vscode-build/obj/gecko_sdk_4.3.1/platform/emlib/src/em_cmu.o
                0x00000000080019dc                CMU_HFXOPrecisionSet
 .text.CMU_ClockDivSet
                0x00000000080019e8      0x104 vscode-build/obj/gecko_sdk_4.3.1/platform/emlib/src/em_cmu.o
                0x00000000080019e8                CMU_ClockDivSet
 .text.sli_em_cmu_SYSCLKInitPreClockSelect
                0x0000000008001aec       0x20 vscode-build/obj/gecko_sdk_4.3.1/platform/emlib/src/em_cmu.o
                0x0000000008001aec                sli_em_cmu_SYSCLKInitPreClockSelect
 .text.pclkDivOptimize
                0x0000000008001b0c       0x24 vscode-build/obj/gecko_sdk_4.3.1/platform/emlib/src/em_cmu.o
 .text.CORE_NvicIRQDisabled
                0x0000000008001b30       0x34 vscode-build/obj/gecko_sdk_4.3.1/platform/emlib/src/em_core.o
                0x0000000008001b30                CORE_NvicIRQDisabled
 .text.EMU_DCDCSync
                0x0000000008001b64       0x10 vscode-build/obj/gecko_sdk_4.3.1/platform/emlib/src/em_emu.o
 .text.EMU_EM23Init
                0x0000000008001b74       0x18 vscode-build/obj/gecko_sdk_4.3.1/platform/emlib/src/em_emu.o
                0x0000000008001b74                EMU_EM23Init
 .text.EMU_EnterEM2
                0x0000000008001b8c       0x30 vscode-build/obj/gecko_sdk_4.3.1/platform/emlib/src/em_emu.o
                0x0000000008001b8c                EMU_EnterEM2
 .text.EMU_EnterEM3
                0x0000000008001bbc       0x28 vscode-build/obj/gecko_sdk_4.3.1/platform/emlib/src/em_emu.o
                0x0000000008001bbc                EMU_EnterEM3
 .text.EMU_EM4Init
                0x0000000008001be4       0x14 vscode-build/obj/gecko_sdk_4.3.1/platform/emlib/src/em_emu.o
                0x0000000008001be4                EMU_EM4Init
 .text.EMU_VScaleEM01
                0x0000000008001bf8       0xb0 vscode-build/obj/gecko_sdk_4.3.1/platform/emlib/src/em_emu.o
                0x0000000008001bf8                EMU_VScaleEM01
 .text.EMU_VScaleEM01ByClock
                0x0000000008001ca8       0x30 vscode-build/obj/gecko_sdk_4.3.1/platform/emlib/src/em_emu.o
                0x0000000008001ca8                EMU_VScaleEM01ByClock
 .text.EMU_EM01Init
                0x0000000008001cd8       0x14 vscode-build/obj/gecko_sdk_4.3.1/platform/emlib/src/em_emu.o
                0x0000000008001cd8                EMU_EM01Init
 .text.EMU_DCDCModeSet
                0x0000000008001cec       0xac vscode-build/obj/gecko_sdk_4.3.1/platform/emlib/src/em_emu.o
                0x0000000008001cec                EMU_DCDCModeSet
 .text.EMU_DCDCInit
                0x0000000008001d98       0x70 vscode-build/obj/gecko_sdk_4.3.1/platform/emlib/src/em_emu.o
                0x0000000008001d98                EMU_DCDCInit
 .text.EMU_DCDCSetPFMXModePeakCurrent
                0x0000000008001e08       0x70 vscode-build/obj/gecko_sdk_4.3.1/platform/emlib/src/em_emu.o
                0x0000000008001e08                EMU_DCDCSetPFMXModePeakCurrent
 .text.BUS_RegBitWrite
                0x0000000008001e78       0x30 vscode-build/obj/gecko_sdk_4.3.1/platform/emlib/src/em_gpio.o
 .text.GPIO_PinOutSet
                0x0000000008001ea8       0x50 vscode-build/obj/gecko_sdk_4.3.1/platform/emlib/src/em_gpio.o
 .text.GPIO_PinOutClear
                0x0000000008001ef8       0x50 vscode-build/obj/gecko_sdk_4.3.1/platform/emlib/src/em_gpio.o
 .text.GPIO_ExtIntConfig
                0x0000000008001f48       0xf8 vscode-build/obj/gecko_sdk_4.3.1/platform/emlib/src/em_gpio.o
                0x0000000008001f48                GPIO_ExtIntConfig
 .text.GPIO_PinModeSet
                0x0000000008002040       0xa8 vscode-build/obj/gecko_sdk_4.3.1/platform/emlib/src/em_gpio.o
                0x0000000008002040                GPIO_PinModeSet
 .text.PRS_ConvertToSyncSource
                0x00000000080020e8       0x54 vscode-build/obj/gecko_sdk_4.3.1/platform/emlib/src/em_prs.o
                0x00000000080020e8                PRS_ConvertToSyncSource
 .text.PRS_ConvertToSyncSignal
                0x000000000800213c       0x54 vscode-build/obj/gecko_sdk_4.3.1/platform/emlib/src/em_prs.o
                0x000000000800213c                PRS_ConvertToSyncSignal
 .text.PRS_ConnectSignal
                0x0000000008002190       0x64 vscode-build/obj/gecko_sdk_4.3.1/platform/emlib/src/em_prs.o
                0x0000000008002190                PRS_ConnectSignal
 .text.PRS_ConnectConsumer
                0x00000000080021f4       0x38 vscode-build/obj/gecko_sdk_4.3.1/platform/emlib/src/em_prs.o
                0x00000000080021f4                PRS_ConnectConsumer
 .text.USART_BaudrateSyncSet
                0x000000000800222c       0x48 vscode-build/obj/gecko_sdk_4.3.1/platform/emlib/src/em_usart.o
                0x000000000800222c                USART_BaudrateSyncSet
 .text.USART_Reset
                0x0000000008002274       0x58 vscode-build/obj/gecko_sdk_4.3.1/platform/emlib/src/em_usart.o
                0x0000000008002274                USART_Reset
 .text.USART_InitSync
                0x00000000080022cc       0xc0 vscode-build/obj/gecko_sdk_4.3.1/platform/emlib/src/em_usart.o
                0x00000000080022cc                USART_InitSync
 .text.sl_sysrtc_wait_ready
                0x000000000800238c       0x1c vscode-build/obj/gecko_sdk_4.3.1/platform/peripheral/src/peripheral_sysrtc.o
 .text.sl_sysrtc_enable
                0x00000000080023a8       0x18 vscode-build/obj/gecko_sdk_4.3.1/platform/peripheral/src/peripheral_sysrtc.o
                0x00000000080023a8                sl_sysrtc_enable
 .text.sl_sysrtc_disable
                0x00000000080023c0       0x28 vscode-build/obj/gecko_sdk_4.3.1/platform/peripheral/src/peripheral_sysrtc.o
                0x00000000080023c0                sl_sysrtc_disable
 .text.sl_sysrtc_init
                0x00000000080023e8       0x20 vscode-build/obj/gecko_sdk_4.3.1/platform/peripheral/src/peripheral_sysrtc.o
                0x00000000080023e8                sl_sysrtc_init
 .text.sl_sysrtc_init_group
                0x0000000008002408       0x50 vscode-build/obj/gecko_sdk_4.3.1/platform/peripheral/src/peripheral_sysrtc.o
                0x0000000008002408                sl_sysrtc_init_group
 .text.sl_sysrtc_enable_group_interrupts
                0x0000000008002458       0x1c vscode-build/obj/gecko_sdk_4.3.1/platform/peripheral/src/peripheral_sysrtc.o
                0x0000000008002458                sl_sysrtc_enable_group_interrupts
 .text.sl_sysrtc_disable_group_interrupts
                0x0000000008002474       0x1c vscode-build/obj/gecko_sdk_4.3.1/platform/peripheral/src/peripheral_sysrtc.o
                0x0000000008002474                sl_sysrtc_disable_group_interrupts
 .text.sl_sysrtc_clear_group_interrupts
                0x0000000008002490       0x1c vscode-build/obj/gecko_sdk_4.3.1/platform/peripheral/src/peripheral_sysrtc.o
                0x0000000008002490                sl_sysrtc_clear_group_interrupts
 .text.sl_sysrtc_get_group_interrupts
                0x00000000080024ac       0x20 vscode-build/obj/gecko_sdk_4.3.1/platform/peripheral/src/peripheral_sysrtc.o
                0x00000000080024ac                sl_sysrtc_get_group_interrupts
 .text.sl_sysrtc_get_group_compare_channel_value
                0x00000000080024cc       0x30 vscode-build/obj/gecko_sdk_4.3.1/platform/peripheral/src/peripheral_sysrtc.o
                0x00000000080024cc                sl_sysrtc_get_group_compare_channel_value
 .text.sl_sysrtc_set_group_compare_channel_value
                0x00000000080024fc       0x2c vscode-build/obj/gecko_sdk_4.3.1/platform/peripheral/src/peripheral_sysrtc.o
                0x00000000080024fc                sl_sysrtc_set_group_compare_channel_value
 .text.sl_device_init_dcdc
                0x0000000008002528       0x2c vscode-build/obj/gecko_sdk_4.3.1/platform/service/device_init/src/sl_device_init_dcdc_s2.o
                0x0000000008002528                sl_device_init_dcdc
 .text.sl_device_init_emu
                0x0000000008002554       0x24 vscode-build/obj/gecko_sdk_4.3.1/platform/service/device_init/src/sl_device_init_emu_s2.o
                0x0000000008002554                sl_device_init_emu
 .text.sl_device_init_hfxo
                0x0000000008002578       0x74 vscode-build/obj/gecko_sdk_4.3.1/platform/service/device_init/src/sl_device_init_hfxo_s2.o
                0x0000000008002578                sl_device_init_hfxo
 .text.sl_device_init_lfxo
                0x00000000080025ec       0x28 vscode-build/obj/gecko_sdk_4.3.1/platform/service/device_init/src/sl_device_init_lfxo_s2.o
                0x00000000080025ec                sl_device_init_lfxo
 .text.sl_device_init_nvic
                0x0000000008002614       0x3c vscode-build/obj/gecko_sdk_4.3.1/platform/service/device_init/src/sl_device_init_nvic.o
                0x0000000008002614                sl_device_init_nvic
 .text.sl_hfxo_manager_init
                0x0000000008002650       0x58 vscode-build/obj/gecko_sdk_4.3.1/platform/service/hfxo_manager/src/sl_hfxo_manager.o
                0x0000000008002650                sl_hfxo_manager_init
 .text.sli_hfxo_manager_begin_startup_measurement
                0x00000000080026a8       0x1c vscode-build/obj/gecko_sdk_4.3.1/platform/service/hfxo_manager/src/sl_hfxo_manager.o
                0x00000000080026a8                sli_hfxo_manager_begin_startup_measurement
 .text.sli_hfxo_prs_manager_begin_startup_measurement
                0x00000000080026c4       0x14 vscode-build/obj/gecko_sdk_4.3.1/platform/service/hfxo_manager/src/sl_hfxo_manager.o
                0x00000000080026c4                sli_hfxo_prs_manager_begin_startup_measurement
 .text.sli_hfxo_manager_end_startup_measurement
                0x00000000080026d8       0xb4 vscode-build/obj/gecko_sdk_4.3.1/platform/service/hfxo_manager/src/sl_hfxo_manager.o
                0x00000000080026d8                sli_hfxo_manager_end_startup_measurement
 .text.sli_hfxo_manager_get_startup_time
                0x000000000800278c        0xc vscode-build/obj/gecko_sdk_4.3.1/platform/service/hfxo_manager/src/sl_hfxo_manager.o
                0x000000000800278c                sli_hfxo_manager_get_startup_time
 .text.sli_hfxo_manager_init_hardware
                0x0000000008002798       0x58 vscode-build/obj/gecko_sdk_4.3.1/platform/service/hfxo_manager/src/sl_hfxo_manager_hal_s2.o
                0x0000000008002798                sli_hfxo_manager_init_hardware
 .text.sli_hfxo_manager_is_hfxo_ready
                0x00000000080027f0       0x18 vscode-build/obj/gecko_sdk_4.3.1/platform/service/hfxo_manager/src/sl_hfxo_manager_hal_s2.o
                0x00000000080027f0                sli_hfxo_manager_is_hfxo_ready
 .text.sl_hfxo_manager_irq_handler
                0x0000000008002808       0x64 vscode-build/obj/gecko_sdk_4.3.1/platform/service/hfxo_manager/src/sl_hfxo_manager_hal_s2.o
                0x0000000008002808                sl_hfxo_manager_irq_handler
 .text.get_lowest_em
                0x000000000800286c       0x1c vscode-build/obj/gecko_sdk_4.3.1/platform/service/power_manager/src/sl_power_manager.o
 .text.power_manager_notify_em_transition
                0x0000000008002888       0x74 vscode-build/obj/gecko_sdk_4.3.1/platform/service/power_manager/src/sl_power_manager.o
 .text.clock_restore
                0x00000000080028fc       0x58 vscode-build/obj/gecko_sdk_4.3.1/platform/service/power_manager/src/sl_power_manager.o
 .text.on_clock_wakeup_timeout
                0x0000000008002954       0x24 vscode-build/obj/gecko_sdk_4.3.1/platform/service/power_manager/src/sl_power_manager.o
 .text.update_em1_requirement
                0x0000000008002978       0x60 vscode-build/obj/gecko_sdk_4.3.1/platform/service/power_manager/src/sl_power_manager.o
 .text.sl_power_manager_init
                0x00000000080029d8       0x64 vscode-build/obj/gecko_sdk_4.3.1/platform/service/power_manager/src/sl_power_manager.o
                0x00000000080029d8                sl_power_manager_init
 .text.sli_power_manager_update_em_requirement
                0x0000000008002a3c       0xf4 vscode-build/obj/gecko_sdk_4.3.1/platform/service/power_manager/src/sl_power_manager.o
                0x0000000008002a3c                sli_power_manager_update_em_requirement
 .text.sli_power_manager_get_restore_delay
                0x0000000008002b30       0x34 vscode-build/obj/gecko_sdk_4.3.1/platform/service/power_manager/src/sl_power_manager.o
                0x0000000008002b30                sli_power_manager_get_restore_delay
 .text.sli_power_manager_convert_delay_us_to_tick
                0x0000000008002b64       0x20 vscode-build/obj/gecko_sdk_4.3.1/platform/service/power_manager/src/sl_power_manager.o
                0x0000000008002b64                sli_power_manager_convert_delay_us_to_tick
 .text.sl_power_manager_sleep
                0x0000000008002b84      0x224 vscode-build/obj/gecko_sdk_4.3.1/platform/service/power_manager/src/sl_power_manager.o
                0x0000000008002b84                sl_power_manager_sleep
 .text.sl_power_manager_is_latest_wakeup_internal
                0x0000000008002da8       0x20 vscode-build/obj/gecko_sdk_4.3.1/platform/service/power_manager/src/sl_power_manager.o
                0x0000000008002da8                sl_power_manager_is_latest_wakeup_internal
 .text.sli_hfxo_manager_notify_ready_for_power_manager
                0x0000000008002dc8       0x3c vscode-build/obj/gecko_sdk_4.3.1/platform/service/power_manager/src/sl_power_manager.o
                0x0000000008002dc8                sli_hfxo_manager_notify_ready_for_power_manager
 .text.sli_hfxo_notify_ready_for_power_manager_from_prs
                0x0000000008002e04       0x18 vscode-build/obj/gecko_sdk_4.3.1/platform/service/power_manager/src/sl_power_manager.o
                0x0000000008002e04                sli_hfxo_notify_ready_for_power_manager_from_prs
 .text.sli_power_manager_em23_voltage_scaling_enable_fast_wakeup
                0x0000000008002e1c       0x50 vscode-build/obj/gecko_sdk_4.3.1/platform/service/power_manager/src/sl_power_manager_hal_s2.o
                0x0000000008002e1c                sli_power_manager_em23_voltage_scaling_enable_fast_wakeup
 .text.sli_power_manager_init_hardware
                0x0000000008002e6c       0xf8 vscode-build/obj/gecko_sdk_4.3.1/platform/service/power_manager/src/sl_power_manager_hal_s2.o
                0x0000000008002e6c                sli_power_manager_init_hardware
 .text.EMU_EM23PresleepHook
                0x0000000008002f64       0x28 vscode-build/obj/gecko_sdk_4.3.1/platform/service/power_manager/src/sl_power_manager_hal_s2.o
                0x0000000008002f64                EMU_EM23PresleepHook
 .text.EMU_EM23PostsleepHook
                0x0000000008002f8c       0x4c vscode-build/obj/gecko_sdk_4.3.1/platform/service/power_manager/src/sl_power_manager_hal_s2.o
                0x0000000008002f8c                EMU_EM23PostsleepHook
 .text.sli_power_manager_handle_pre_deepsleep_operations
                0x0000000008002fd8        0xc vscode-build/obj/gecko_sdk_4.3.1/platform/service/power_manager/src/sl_power_manager_hal_s2.o
                0x0000000008002fd8                sli_power_manager_handle_pre_deepsleep_operations
 .text.sli_power_manager_restore_high_freq_accuracy_clk
                0x0000000008002fe4       0x48 vscode-build/obj/gecko_sdk_4.3.1/platform/service/power_manager/src/sl_power_manager_hal_s2.o
                0x0000000008002fe4                sli_power_manager_restore_high_freq_accuracy_clk
 .text.sli_power_manager_is_high_freq_accuracy_clk_ready
                0x000000000800302c       0x14 vscode-build/obj/gecko_sdk_4.3.1/platform/service/power_manager/src/sl_power_manager_hal_s2.o
                0x000000000800302c                sli_power_manager_is_high_freq_accuracy_clk_ready
 .text.sli_power_manager_restore_states
                0x0000000008003040       0x3c vscode-build/obj/gecko_sdk_4.3.1/platform/service/power_manager/src/sl_power_manager_hal_s2.o
                0x0000000008003040                sli_power_manager_restore_states
 .text.sli_power_manager_apply_em
                0x000000000800307c       0x38 vscode-build/obj/gecko_sdk_4.3.1/platform/service/power_manager/src/sl_power_manager_hal_s2.o
                0x000000000800307c                sli_power_manager_apply_em
 .text.sli_power_manager_get_wakeup_process_time_overhead
                0x00000000080030b4       0x20 vscode-build/obj/gecko_sdk_4.3.1/platform/service/power_manager/src/sl_power_manager_hal_s2.o
                0x00000000080030b4                sli_power_manager_get_wakeup_process_time_overhead
 .text.sli_power_manager_is_high_freq_accuracy_clk_used
                0x00000000080030d4        0xc vscode-build/obj/gecko_sdk_4.3.1/platform/service/power_manager/src/sl_power_manager_hal_s2.o
                0x00000000080030d4                sli_power_manager_is_high_freq_accuracy_clk_used
 .text.update_delta_list
                0x00000000080030e0       0x38 vscode-build/obj/gecko_sdk_4.3.1/platform/service/sleeptimer/src/sl_sleeptimer.o
 .text.delta_list_insert_timer
                0x0000000008003118       0x5c vscode-build/obj/gecko_sdk_4.3.1/platform/service/sleeptimer/src/sl_sleeptimer.o
 .text.set_comparator_for_next_timer
                0x0000000008003174       0x5c vscode-build/obj/gecko_sdk_4.3.1/platform/service/sleeptimer/src/sl_sleeptimer.o
 .text.create_timer
                0x00000000080031d0       0x8c vscode-build/obj/gecko_sdk_4.3.1/platform/service/sleeptimer/src/sl_sleeptimer.o
 .text.delta_list_remove_timer
                0x000000000800325c       0x38 vscode-build/obj/gecko_sdk_4.3.1/platform/service/sleeptimer/src/sl_sleeptimer.o
 .text.sl_sleeptimer_init
                0x0000000008003294       0x74 vscode-build/obj/gecko_sdk_4.3.1/platform/service/sleeptimer/src/sl_sleeptimer.o
                0x0000000008003294                sl_sleeptimer_init
 .text.sl_sleeptimer_stop_timer
                0x0000000008003308       0x50 vscode-build/obj/gecko_sdk_4.3.1/platform/service/sleeptimer/src/sl_sleeptimer.o
                0x0000000008003308                sl_sleeptimer_stop_timer
 .text.sl_sleeptimer_is_timer_running
                0x0000000008003358       0x38 vscode-build/obj/gecko_sdk_4.3.1/platform/service/sleeptimer/src/sl_sleeptimer.o
                0x0000000008003358                sl_sleeptimer_is_timer_running
 .text.sl_sleeptimer_get_remaining_time_of_first_timer
                0x0000000008003390       0x64 vscode-build/obj/gecko_sdk_4.3.1/platform/service/sleeptimer/src/sl_sleeptimer.o
                0x0000000008003390                sl_sleeptimer_get_remaining_time_of_first_timer
 .text.sli_sleeptimer_is_power_manager_timer_next_to_expire
                0x00000000080033f4       0x28 vscode-build/obj/gecko_sdk_4.3.1/platform/service/sleeptimer/src/sl_sleeptimer.o
                0x00000000080033f4                sli_sleeptimer_is_power_manager_timer_next_to_expire
 .text.sl_sleeptimer_get_timer_frequency
                0x000000000800341c        0xc vscode-build/obj/gecko_sdk_4.3.1/platform/service/sleeptimer/src/sl_sleeptimer.o
                0x000000000800341c                sl_sleeptimer_get_timer_frequency
 .text.sl_sleeptimer_ms32_to_tick
                0x0000000008003428       0x3c vscode-build/obj/gecko_sdk_4.3.1/platform/service/sleeptimer/src/sl_sleeptimer.o
                0x0000000008003428                sl_sleeptimer_ms32_to_tick
 .text.sl_sleeptimer_start_periodic_timer_ms
                0x0000000008003464       0x78 vscode-build/obj/gecko_sdk_4.3.1/platform/service/sleeptimer/src/sl_sleeptimer.o
                0x0000000008003464                sl_sleeptimer_start_periodic_timer_ms
 .text.process_timer_irq
                0x00000000080034dc      0x158 vscode-build/obj/gecko_sdk_4.3.1/platform/service/sleeptimer/src/sl_sleeptimer.o
                0x00000000080034dc                process_timer_irq
 .text.sl_sleeptimer_is_power_manager_early_restore_timer_latest_to_expire
                0x0000000008003634       0x18 vscode-build/obj/gecko_sdk_4.3.1/platform/service/sleeptimer/src/sl_sleeptimer.o
                0x0000000008003634                sl_sleeptimer_is_power_manager_early_restore_timer_latest_to_expire
 .text.sli_sleeptimer_update_sleep_on_isr_exit
                0x000000000800364c        0xc vscode-build/obj/gecko_sdk_4.3.1/platform/service/sleeptimer/src/sl_sleeptimer.o
                0x000000000800364c                sli_sleeptimer_update_sleep_on_isr_exit
 .text.sl_sysrtc_wait_sync
                0x0000000008003658       0x14 vscode-build/obj/gecko_sdk_4.3.1/platform/service/sleeptimer/src/sl_sleeptimer_hal_sysrtc.o
 .text.sleeptimer_hal_init_timer
                0x000000000800366c       0x90 vscode-build/obj/gecko_sdk_4.3.1/platform/service/sleeptimer/src/sl_sleeptimer_hal_sysrtc.o
                0x000000000800366c                sleeptimer_hal_init_timer
 .text.sleeptimer_hal_get_counter
                0x00000000080036fc       0x10 vscode-build/obj/gecko_sdk_4.3.1/platform/service/sleeptimer/src/sl_sleeptimer_hal_sysrtc.o
                0x00000000080036fc                sleeptimer_hal_get_counter
 .text.sleeptimer_hal_set_compare_prs_hfxo_startup
                0x000000000800370c       0x58 vscode-build/obj/gecko_sdk_4.3.1/platform/service/sleeptimer/src/sl_sleeptimer_hal_sysrtc.o
                0x000000000800370c                sleeptimer_hal_set_compare_prs_hfxo_startup
 .text.sleeptimer_hal_set_compare
                0x0000000008003764       0x70 vscode-build/obj/gecko_sdk_4.3.1/platform/service/sleeptimer/src/sl_sleeptimer_hal_sysrtc.o
                0x0000000008003764                sleeptimer_hal_set_compare
 .text.sleeptimer_hal_disable_int
                0x00000000080037d4       0x2c vscode-build/obj/gecko_sdk_4.3.1/platform/service/sleeptimer/src/sl_sleeptimer_hal_sysrtc.o
                0x00000000080037d4                sleeptimer_hal_disable_int
 .text.sleeptimer_hal_set_int
                0x0000000008003800       0x10 vscode-build/obj/gecko_sdk_4.3.1/platform/service/sleeptimer/src/sl_sleeptimer_hal_sysrtc.o
                0x0000000008003800                sleeptimer_hal_set_int
 .text.sli_sleeptimer_set_pm_em_requirement
                0x0000000008003810       0x30 vscode-build/obj/gecko_sdk_4.3.1/platform/service/sleeptimer/src/sl_sleeptimer_hal_sysrtc.o
                0x0000000008003810                sli_sleeptimer_set_pm_em_requirement
 .text.sl_udelay_wait
                0x0000000008003840       0x58 vscode-build/obj/gecko_sdk_4.3.1/platform/service/udelay/src/sl_udelay.o
                0x0000000008003840                sl_udelay_wait
 .text          0x0000000008003898      0x254 /Applications/Simplicity Studio.app/Contents/Eclipse/developer/toolchains/gnu_arm/10.3_2021.10/bin/../lib/gcc/arm-none-eabi/10.3.1/thumb/v8-m.main+fp/hard/libgcc.a(_arm_muldf3.o)
                0x0000000008003898                __aeabi_dmul
                0x0000000008003898                __muldf3
 .text          0x0000000008003aec      0x378 /Applications/Simplicity Studio.app/Contents/Eclipse/developer/toolchains/gnu_arm/10.3_2021.10/bin/../lib/gcc/arm-none-eabi/10.3.1/thumb/v8-m.main+fp/hard/libgcc.a(_arm_addsubdf3.o)
                0x0000000008003aec                __aeabi_drsub
                0x0000000008003af4                __subdf3
                0x0000000008003af4                __aeabi_dsub
                0x0000000008003af8                __aeabi_dadd
                0x0000000008003af8                __adddf3
                0x0000000008003d70                __aeabi_ui2d
                0x0000000008003d70                __floatunsidf
                0x0000000008003d90                __floatsidf
                0x0000000008003d90                __aeabi_i2d
                0x0000000008003db4                __extendsfdf2
                0x0000000008003db4                __aeabi_f2d
                0x0000000008003df8                __aeabi_ul2d
                0x0000000008003df8                __floatundidf
                0x0000000008003e08                __aeabi_l2d
                0x0000000008003e08                __floatdidf
 .text          0x0000000008003e64       0x40 /Applications/Simplicity Studio.app/Contents/Eclipse/developer/toolchains/gnu_arm/10.3_2021.10/bin/../lib/gcc/arm-none-eabi/10.3.1/thumb/v8-m.main+fp/hard/libgcc.a(_arm_fixunsdfsi.o)
                0x0000000008003e64                __fixunsdfsi
                0x0000000008003e64                __aeabi_d2uiz
 .text          0x0000000008003ea4       0x30 /Applications/Simplicity Studio.app/Contents/Eclipse/developer/toolchains/gnu_arm/10.3_2021.10/bin/../lib/gcc/arm-none-eabi/10.3.1/thumb/v8-m.main+fp/hard/libgcc.a(_aeabi_uldivmod.o)
                0x0000000008003ea4                __aeabi_uldivmod
 .text          0x0000000008003ed4      0x2ec /Applications/Simplicity Studio.app/Contents/Eclipse/developer/toolchains/gnu_arm/10.3_2021.10/bin/../lib/gcc/arm-none-eabi/10.3.1/thumb/v8-m.main+fp/hard/libgcc.a(_udivmoddi4.o)
                0x0000000008003ed4                __udivmoddi4
 .text          0x00000000080041c0        0x4 /Applications/Simplicity Studio.app/Contents/Eclipse/developer/toolchains/gnu_arm/10.3_2021.10/bin/../lib/gcc/arm-none-eabi/10.3.1/thumb/v8-m.main+fp/hard/libgcc.a(_dvmd_tls.o)
                0x00000000080041c0                __aeabi_ldiv0
                0x00000000080041c0                __aeabi_idiv0
 .text.exit     0x00000000080041c4       0x28 /Applications/Simplicity Studio.app/Contents/Eclipse/developer/toolchains/gnu_arm/10.3_2021.10/bin/../lib/gcc/arm-none-eabi/10.3.1/../../../../arm-none-eabi/lib/thumb/v8-m.main+fp/hard/libc_nano.a(lib_a-exit.o)
                0x00000000080041c4                exit
 .text.__libc_init_array
                0x00000000080041ec       0x48 /Applications/Simplicity Studio.app/Contents/Eclipse/developer/toolchains/gnu_arm/10.3_2021.10/bin/../lib/gcc/arm-none-eabi/10.3.1/../../../../arm-none-eabi/lib/thumb/v8-m.main+fp/hard/libc_nano.a(lib_a-init.o)
                0x00000000080041ec                __libc_init_array
 .text._exit    0x0000000008004234        0x4 /Applications/Simplicity Studio.app/Contents/Eclipse/developer/toolchains/gnu_arm/10.3_2021.10/bin/../lib/gcc/arm-none-eabi/10.3.1/../../../../arm-none-eabi/lib/thumb/v8-m.main+fp/hard/libnosys.a(_exit.o)
                0x0000000008004234                _exit
 .text.app_init
                0x0000000008004238        0x4 vscode-build/obj/app.o
                0x0000000008004238                app_init
 .text.app_process_action
                0x000000000800423c        0x4 vscode-build/obj/app.o
                0x000000000800423c                app_process_action
 .text.sl_board_default_init
                0x0000000008004240        0x4 vscode-build/obj/autogen/sl_board_default_init.o
                0x0000000008004240                sl_board_default_init
 .text.sl_driver_init
                0x0000000008004244       0x1a vscode-build/obj/autogen/sl_event_handler.o
                0x0000000008004244                sl_driver_init
 .text.sl_service_init
                0x000000000800425e       0x12 vscode-build/obj/autogen/sl_event_handler.o
                0x000000000800425e                sl_service_init
 .text.sl_stack_init
                0x0000000008004270        0x2 vscode-build/obj/autogen/sl_event_handler.o
                0x0000000008004270                sl_stack_init
 .text.sl_internal_app_init
                0x0000000008004272        0x2 vscode-build/obj/autogen/sl_event_handler.o
                0x0000000008004272                sl_internal_app_init
 .text.sl_platform_process_action
                0x0000000008004274        0x2 vscode-build/obj/autogen/sl_event_handler.o
                0x0000000008004274                sl_platform_process_action
 .text.sl_service_process_action
                0x0000000008004276        0x2 vscode-build/obj/autogen/sl_event_handler.o
                0x0000000008004276                sl_service_process_action
 .text.sl_stack_process_action
                0x0000000008004278        0x2 vscode-build/obj/autogen/sl_event_handler.o
                0x0000000008004278                sl_stack_process_action
 .text.sl_internal_app_process_action
                0x000000000800427a        0x2 vscode-build/obj/autogen/sl_event_handler.o
                0x000000000800427a                sl_internal_app_process_action
 .text.app_is_ok_to_sleep
                0x000000000800427c        0x4 vscode-build/obj/autogen/sl_power_manager_handler.o
                0x000000000800427c                app_is_ok_to_sleep
 .text.app_sleep_on_isr_exit
                0x0000000008004280        0x4 vscode-build/obj/autogen/sl_power_manager_handler.o
                0x0000000008004280                app_sleep_on_isr_exit
 .text.sl_power_manager_is_ok_to_sleep
                0x0000000008004284        0x8 vscode-build/obj/autogen/sl_power_manager_handler.o
                0x0000000008004284                sl_power_manager_is_ok_to_sleep
 .text.sl_power_manager_sleep_on_isr_exit
                0x000000000800428c       0x1e vscode-build/obj/autogen/sl_power_manager_handler.o
                0x000000000800428c                sl_power_manager_sleep_on_isr_exit
 .text.start_timer
                0x00000000080042aa       0x16 vscode-build/obj/blink.o
                0x00000000080042aa                start_timer
 .text.sl_board_configure_vcom
                0x00000000080042c0        0x4 vscode-build/obj/gecko_sdk_4.3.1/hardware/board/src/sl_board_control_gpio.o
                0x00000000080042c0                sl_board_configure_vcom
 .text.sl_board_disable_vcom
                0x00000000080042c4       0x12 vscode-build/obj/gecko_sdk_4.3.1/hardware/board/src/sl_board_control_gpio.o
                0x00000000080042c4                sl_board_disable_vcom
 .text.sl_board_init
                0x00000000080042d6       0x16 vscode-build/obj/gecko_sdk_4.3.1/hardware/board/src/sl_board_init.o
                0x00000000080042d6                sl_board_init
 .text.sl_board_preinit
                0x00000000080042ec        0x8 vscode-build/obj/gecko_sdk_4.3.1/hardware/board/src/sl_board_init.o
                0x00000000080042ec                sl_board_preinit
 .text.sl_cos_send_config
                0x00000000080042f4       0x12 vscode-build/obj/gecko_sdk_4.3.1/hardware/driver/configuration_over_swo/src/sl_cos.o
                0x00000000080042f4                sl_cos_send_config
 .text.Default_Handler
                0x0000000008004306        0x2 vscode-build/obj/gecko_sdk_4.3.1/platform/Device/SiliconLabs/EFR32ZG23/Source/startup_efr32zg23.o
                0x0000000008004306                MPAHBRAM_IRQHandler
                0x0000000008004306                SW2_IRQHandler
                0x0000000008004306                TIMER2_IRQHandler
                0x0000000008004306                DebugMon_Handler
                0x0000000008004306                USART0_TX_IRQHandler
                0x0000000008004306                IADC_IRQHandler
                0x0000000008004306                EUSART0_TX_IRQHandler
                0x0000000008004306                I2C0_IRQHandler
                0x0000000008004306                LFXO_IRQHandler
                0x0000000008004306                VDAC_IRQHandler
                0x0000000008004306                HardFault_Handler
                0x0000000008004306                SMU_SECURE_IRQHandler
                0x0000000008004306                SysTick_Handler
                0x0000000008004306                SYSRTC_SEQ_IRQHandler
                0x0000000008004306                EMUEFP_IRQHandler
                0x0000000008004306                EUSART2_TX_IRQHandler
                0x0000000008004306                PendSV_Handler
                0x0000000008004306                NMI_Handler
                0x0000000008004306                SYNTH_IRQHandler
                0x0000000008004306                HOSTMAILBOX_IRQHandler
                0x0000000008004306                I2C1_IRQHandler
                0x0000000008004306                WDOG0_IRQHandler
                0x0000000008004306                TIMER3_IRQHandler
                0x0000000008004306                SYSCFG_IRQHandler
                0x0000000008004306                RFECA1_IRQHandler
                0x0000000008004306                EMUDG_IRQHandler
                0x0000000008004306                MSC_IRQHandler
                0x0000000008004306                DPLL0_IRQHandler
                0x0000000008004306                UsageFault_Handler
                0x0000000008004306                WDOG1_IRQHandler
                0x0000000008004306                M33CTI1_IRQHandler
                0x0000000008004306                TIMER4_IRQHandler
                0x0000000008004306                LDMA_IRQHandler
                0x0000000008004306                SEMBTX_IRQHandler
                0x0000000008004306                SW0_IRQHandler
                0x0000000008004306                TIMER0_IRQHandler
                0x0000000008004306                LCD_IRQHandler
                0x0000000008004306                LETIMER0_IRQHandler
                0x0000000008004306                EUSART1_RX_IRQHandler
                0x0000000008004306                TIMER1_IRQHandler
                0x0000000008004306                HFRCO0_IRQHandler
                0x0000000008004306                SecureFault_Handler
                0x0000000008004306                BUFC_IRQHandler
                0x0000000008004306                DCDC_IRQHandler
                0x0000000008004306                MODEM_IRQHandler
                0x0000000008004306                Default_Handler
                0x0000000008004306                RAC_SEQ_IRQHandler
                0x0000000008004306                FRC_PRI_IRQHandler
                0x0000000008004306                EMU_IRQHandler
                0x0000000008004306                SW3_IRQHandler
                0x0000000008004306                KERNEL0_IRQHandler
                0x0000000008004306                FRC_IRQHandler
                0x0000000008004306                PCNT0_IRQHandler
                0x0000000008004306                KERNEL1_IRQHandler
                0x0000000008004306                AGC_IRQHandler
                0x0000000008004306                EUSART1_TX_IRQHandler
                0x0000000008004306                KEYSCAN_IRQHandler
                0x0000000008004306                sl_app_properties
                0x0000000008004306                HFRCOEM23_IRQHandler
                0x0000000008004306                BURTC_IRQHandler
                0x0000000008004306                SEMBRX_IRQHandler
                0x0000000008004306                RFECA0_IRQHandler
                0x0000000008004306                LFRCO_IRQHandler
                0x0000000008004306                ACMP0_IRQHandler
                0x0000000008004306                USART0_RX_IRQHandler
                0x0000000008004306                MemManage_Handler
                0x0000000008004306                SVC_Handler
                0x0000000008004306                EUSART2_RX_IRQHandler
                0x0000000008004306                SMU_S_PRIVILEGED_IRQHandler
                0x0000000008004306                SW1_IRQHandler
                0x0000000008004306                CMU_IRQHandler
                0x0000000008004306                EUSART0_RX_IRQHandler
                0x0000000008004306                RAC_RSM_IRQHandler
                0x0000000008004306                SETAMPERHOST_IRQHandler
                0x0000000008004306                LESENSE_IRQHandler
                0x0000000008004306                AES_IRQHandler
                0x0000000008004306                M33CTI0_IRQHandler
                0x0000000008004306                ICACHE0_IRQHandler
                0x0000000008004306                SMU_NS_PRIVILEGED_IRQHandler
                0x0000000008004306                FPUEXH_IRQHandler
                0x0000000008004306                PROTIMER_IRQHandler
                0x0000000008004306                ACMP1_IRQHandler
                0x0000000008004306                BusFault_Handler
                0x0000000008004306                ULFRCO_IRQHandler
 .text.SystemCLKIN0Get
                0x0000000008004308        0x4 vscode-build/obj/gecko_sdk_4.3.1/platform/Device/SiliconLabs/EFR32ZG23/Source/system_efr32zg23.o
                0x0000000008004308                SystemCLKIN0Get
 .text.SystemLFRCOClockGet
                0x000000000800430c        0x6 vscode-build/obj/gecko_sdk_4.3.1/platform/Device/SiliconLabs/EFR32ZG23/Source/system_efr32zg23.o
                0x000000000800430c                SystemLFRCOClockGet
 .text.SystemULFRCOClockGet
                0x0000000008004312        0x6 vscode-build/obj/gecko_sdk_4.3.1/platform/Device/SiliconLabs/EFR32ZG23/Source/system_efr32zg23.o
                0x0000000008004312                SystemULFRCOClockGet
 .text.assertEFM
                0x0000000008004318        0x2 vscode-build/obj/gecko_sdk_4.3.1/platform/common/src/sl_assert.o
                0x0000000008004318                assertEFM
 .text.sl_slist_init
                0x000000000800431a        0x6 vscode-build/obj/gecko_sdk_4.3.1/platform/common/src/sl_slist.o
                0x000000000800431a                sl_slist_init
 .text.sl_button_init
                0x0000000008004320        0xa vscode-build/obj/gecko_sdk_4.3.1/platform/driver/button/src/sl_button.o
                0x0000000008004320                sl_button_init
 .text.sl_button_get_state
                0x000000000800432a        0xa vscode-build/obj/gecko_sdk_4.3.1/platform/driver/button/src/sl_button.o
                0x000000000800432a                sl_button_get_state
 .text.sli_simple_button_on_change
                0x0000000008004334       0x28 vscode-build/obj/gecko_sdk_4.3.1/platform/driver/button/src/sl_simple_button.o
 .text.sl_simple_button_get_state
                0x000000000800435c        0x6 vscode-build/obj/gecko_sdk_4.3.1/platform/driver/button/src/sl_simple_button.o
                0x000000000800435c                sl_simple_button_get_state
 .text.sl_simple_button_poll_step
                0x0000000008004362       0x52 vscode-build/obj/gecko_sdk_4.3.1/platform/driver/button/src/sl_simple_button.o
                0x0000000008004362                sl_simple_button_poll_step
 .text.sl_simple_button_enable
                0x00000000080043b4       0x12 vscode-build/obj/gecko_sdk_4.3.1/platform/driver/button/src/sl_simple_button.o
                0x00000000080043b4                sl_simple_button_enable
 .text.sl_simple_button_disable
                0x00000000080043c6       0x30 vscode-build/obj/gecko_sdk_4.3.1/platform/driver/button/src/sl_simple_button.o
                0x00000000080043c6                sl_simple_button_disable
 .text.sl_debug_swo_enable_itm
                0x00000000080043f6       0x18 vscode-build/obj/gecko_sdk_4.3.1/platform/driver/debug/src/sl_debug_swo.o
                0x00000000080043f6                sl_debug_swo_enable_itm
 .text.sl_debug_swo_disable_itm
                0x000000000800440e       0x1a vscode-build/obj/gecko_sdk_4.3.1/platform/driver/debug/src/sl_debug_swo.o
                0x000000000800440e                sl_debug_swo_disable_itm
 .text.sl_led_init
                0x0000000008004428        0x6 vscode-build/obj/gecko_sdk_4.3.1/platform/driver/leddrv/src/sl_led.o
                0x0000000008004428                sl_led_init
 .text.sl_led_toggle
                0x000000000800442e        0x6 vscode-build/obj/gecko_sdk_4.3.1/platform/driver/leddrv/src/sl_led.o
                0x000000000800442e                sl_led_toggle
 .text.sl_simple_led_init
                0x0000000008004434       0x22 vscode-build/obj/gecko_sdk_4.3.1/platform/driver/leddrv/src/sl_simple_led.o
                0x0000000008004434                sl_simple_led_init
 .text.sl_simple_led_turn_on
                0x0000000008004456       0x12 vscode-build/obj/gecko_sdk_4.3.1/platform/driver/leddrv/src/sl_simple_led.o
                0x0000000008004456                sl_simple_led_turn_on
 .text.sl_simple_led_turn_off
                0x0000000008004468       0x12 vscode-build/obj/gecko_sdk_4.3.1/platform/driver/leddrv/src/sl_simple_led.o
                0x0000000008004468                sl_simple_led_turn_off
 .text.BUS_RegMaskedWrite
                0x000000000800447a       0x22 vscode-build/obj/gecko_sdk_4.3.1/platform/emlib/src/em_cmu.o
 .text.waitStateMax
                0x000000000800449c       0x10 vscode-build/obj/gecko_sdk_4.3.1/platform/emlib/src/em_cmu.o
 .text.CMU_UpdateWaitStates
                0x00000000080044ac        0xc vscode-build/obj/gecko_sdk_4.3.1/platform/emlib/src/em_cmu.o
                0x00000000080044ac                CMU_UpdateWaitStates
 .text.pclkDivMax
                0x00000000080044b8        0xa vscode-build/obj/gecko_sdk_4.3.1/platform/emlib/src/em_cmu.o
 .text.sli_em_cmu_SYSCLKInitPostClockSelect
                0x00000000080044c2       0x2a vscode-build/obj/gecko_sdk_4.3.1/platform/emlib/src/em_cmu.o
                0x00000000080044c2                sli_em_cmu_SYSCLKInitPostClockSelect
 .text.CORE_EnterCritical
                0x00000000080044ec        0x8 vscode-build/obj/gecko_sdk_4.3.1/platform/emlib/src/em_core.o
                0x00000000080044ec                CORE_EnterCritical
 .text.CORE_ExitCritical
                0x00000000080044f4        0x6 vscode-build/obj/gecko_sdk_4.3.1/platform/emlib/src/em_core.o
                0x00000000080044f4                CORE_ExitCritical
 .text.CORE_EnterAtomic
                0x00000000080044fa        0xc vscode-build/obj/gecko_sdk_4.3.1/platform/emlib/src/em_core.o
                0x00000000080044fa                CORE_EnterAtomic
 .text.CORE_ExitAtomic
                0x0000000008004506        0x6 vscode-build/obj/gecko_sdk_4.3.1/platform/emlib/src/em_core.o
                0x0000000008004506                CORE_ExitAtomic
 .text.EMU_EFPEM23PresleepHook
                0x000000000800450c        0x2 vscode-build/obj/gecko_sdk_4.3.1/platform/emlib/src/em_emu.o
                0x000000000800450c                EMU_EFPEM23PresleepHook
 .text.EMU_EFPEM23PostsleepHook
                0x000000000800450e        0x2 vscode-build/obj/gecko_sdk_4.3.1/platform/emlib/src/em_emu.o
                0x000000000800450e                EMU_EFPEM23PostsleepHook
 .text.EMU_Save
                0x0000000008004510        0x2 vscode-build/obj/gecko_sdk_4.3.1/platform/emlib/src/em_emu.o
                0x0000000008004510                EMU_Save
 .text.EMU_Restore
                0x0000000008004512        0x2 vscode-build/obj/gecko_sdk_4.3.1/platform/emlib/src/em_emu.o
                0x0000000008004512                EMU_Restore
 .text.EMU_EFPEM01VScale
                0x0000000008004514        0x2 vscode-build/obj/gecko_sdk_4.3.1/platform/emlib/src/em_emu.o
                0x0000000008004514                EMU_EFPEM01VScale
 .text.EMU_DCDCUpdatedHook
                0x0000000008004516        0x2 vscode-build/obj/gecko_sdk_4.3.1/platform/emlib/src/em_emu.o
                0x0000000008004516                EMU_DCDCUpdatedHook
 .text.BUS_RegMaskedWrite
                0x0000000008004518       0x22 vscode-build/obj/gecko_sdk_4.3.1/platform/emlib/src/em_gpio.o
 .text.GPIO_DbgLocationSet
                0x000000000800453a        0x2 vscode-build/obj/gecko_sdk_4.3.1/platform/emlib/src/em_gpio.o
                0x000000000800453a                GPIO_DbgLocationSet
 .text.USART_SpiTransfer
                0x000000000800453c       0x14 vscode-build/obj/gecko_sdk_4.3.1/platform/emlib/src/em_usart.o
                0x000000000800453c                USART_SpiTransfer
 .text.sl_hfxo_manager_init_hardware
                0x0000000008004550        0x4 vscode-build/obj/gecko_sdk_4.3.1/platform/service/hfxo_manager/src/sl_hfxo_manager.o
                0x0000000008004550                sl_hfxo_manager_init_hardware
 .text.HFXO0_IRQHandler
                0x0000000008004554        0x4 vscode-build/obj/gecko_sdk_4.3.1/platform/service/hfxo_manager/src/sl_hfxo_manager_hal_s2.o
                0x0000000008004554                HFXO0_IRQHandler
 .text.sli_power_manager_initiate_restore
                0x0000000008004558       0x18 vscode-build/obj/gecko_sdk_4.3.1/platform/service/power_manager/src/sl_power_manager.o
                0x0000000008004558                sli_power_manager_initiate_restore
 .text.sli_power_manager_save_states
                0x0000000008004570        0x4 vscode-build/obj/gecko_sdk_4.3.1/platform/service/power_manager/src/sl_power_manager_hal_s2.o
                0x0000000008004570                sli_power_manager_save_states
 .text.sli_power_manager_get_default_high_frequency_minimum_offtime
                0x0000000008004574        0x8 vscode-build/obj/gecko_sdk_4.3.1/platform/service/power_manager/src/sl_power_manager_hal_s2.o
                0x0000000008004574                sli_power_manager_get_default_high_frequency_minimum_offtime
 .text.sli_power_manager_low_frequency_restore
                0x000000000800457c        0x2 vscode-build/obj/gecko_sdk_4.3.1/platform/service/power_manager/src/sl_power_manager_hal_s2.o
                0x000000000800457c                sli_power_manager_low_frequency_restore
 .text.sl_sleeptimer_restart_timer
                0x000000000800457e       0x38 vscode-build/obj/gecko_sdk_4.3.1/platform/service/sleeptimer/src/sl_sleeptimer.o
                0x000000000800457e                sl_sleeptimer_restart_timer
 .text.sl_sleeptimer_get_tick_count
                0x00000000080045b6       0x18 vscode-build/obj/gecko_sdk_4.3.1/platform/service/sleeptimer/src/sl_sleeptimer.o
                0x00000000080045b6                sl_sleeptimer_get_tick_count
 .text.sleeptimer_hal_get_compare
                0x00000000080045ce        0x8 vscode-build/obj/gecko_sdk_4.3.1/platform/service/sleeptimer/src/sl_sleeptimer_hal_sysrtc.o
                0x00000000080045ce                sleeptimer_hal_get_compare
 .text.sleeptimer_hal_enable_int
                0x00000000080045d6       0x12 vscode-build/obj/gecko_sdk_4.3.1/platform/service/sleeptimer/src/sl_sleeptimer_hal_sysrtc.o
                0x00000000080045d6                sleeptimer_hal_enable_int
 .text.sli_sleeptimer_hal_is_int_status_set
                0x00000000080045e8       0x22 vscode-build/obj/gecko_sdk_4.3.1/platform/service/sleeptimer/src/sl_sleeptimer_hal_sysrtc.o
                0x00000000080045e8                sli_sleeptimer_hal_is_int_status_set
 .text.SYSRTC_APP_IRQHandler
                0x000000000800460a       0x34 vscode-build/obj/gecko_sdk_4.3.1/platform/service/sleeptimer/src/sl_sleeptimer_hal_sysrtc.o
                0x000000000800460a                SYSRTC_APP_IRQHandler
 .text.sleeptimer_hal_get_timer_frequency
                0x000000000800463e        0x6 vscode-build/obj/gecko_sdk_4.3.1/platform/service/sleeptimer/src/sl_sleeptimer_hal_sysrtc.o
                0x000000000800463e                sleeptimer_hal_get_timer_frequency
 .text.sl_system_init
                0x0000000008004644       0x1a vscode-build/obj/gecko_sdk_4.3.1/platform/service/system/src/sl_system_init.o
                0x0000000008004644                sl_system_init
 .text.sl_system_process_action
                0x000000000800465e       0x16 vscode-build/obj/gecko_sdk_4.3.1/platform/service/system/src/sl_system_process_action.o
                0x000000000800465e                sl_system_process_action
 .text.startup.main
                0x0000000008004674       0x18 vscode-build/obj/main.o
                0x0000000008004674                main
 .text.memset   0x000000000800468c       0x10 /Applications/Simplicity Studio.app/Contents/Eclipse/developer/toolchains/gnu_arm/10.3_2021.10/bin/../lib/gcc/arm-none-eabi/10.3.1/../../../../arm-none-eabi/lib/thumb/v8-m.main+fp/hard/libc_nano.a(lib_a-memset.o)
                0x000000000800468c                memset
                0x000000000800469c                linker_code_end = .
 *(.init)
 .init          0x000000000800469c        0x4 /Applications/Simplicity Studio.app/Contents/Eclipse/developer/toolchains/gnu_arm/10.3_2021.10/bin/../lib/gcc/arm-none-eabi/10.3.1/thumb/v8-m.main+fp/hard/crti.o
                0x000000000800469c                _init
 .init          0x00000000080046a0        0x8 /Applications/Simplicity Studio.app/Contents/Eclipse/developer/toolchains/gnu_arm/10.3_2021.10/bin/../lib/gcc/arm-none-eabi/10.3.1/thumb/v8-m.main+fp/hard/crtn.o
 *(.fini)
 .fini          0x00000000080046a8        0x4 /Applications/Simplicity Studio.app/Contents/Eclipse/developer/toolchains/gnu_arm/10.3_2021.10/bin/../lib/gcc/arm-none-eabi/10.3.1/thumb/v8-m.main+fp/hard/crti.o
                0x00000000080046a8                _fini
 .fini          0x00000000080046ac        0x8 /Applications/Simplicity Studio.app/Contents/Eclipse/developer/toolchains/gnu_arm/10.3_2021.10/bin/../lib/gcc/arm-none-eabi/10.3.1/thumb/v8-m.main+fp/hard/crtn.o
 *crtbegin.o(.ctors)
 *crtbegin?.o(.ctors)
 *(EXCLUDE_FILE(*crtend.o *crtend?.o) .ctors)
 *(SORT_BY_NAME(.ctors.*))
 *(.ctors)
 *crtbegin.o(.dtors)
 *crtbegin?.o(.dtors)
 *(EXCLUDE_FILE(*crtend.o *crtend?.o) .dtors)
 *(SORT_BY_NAME(.dtors.*))
 *(.dtors)
 *(.rodata*)
 .rodata.sl_button_btn0
                0x00000000080046b4       0x18 vscode-build/obj/autogen/sl_simple_button_instances.o
                0x00000000080046b4                sl_button_btn0
 .rodata.sl_button_btn1
                0x00000000080046cc       0x18 vscode-build/obj/autogen/sl_simple_button_instances.o
                0x00000000080046cc                sl_button_btn1
 .rodata.sl_led_led0
                0x00000000080046e4       0x18 vscode-build/obj/autogen/sl_simple_led_instances.o
                0x00000000080046e4                sl_led_led0
 .rodata.sl_led_led1
                0x00000000080046fc       0x18 vscode-build/obj/autogen/sl_simple_led_instances.o
                0x00000000080046fc                sl_led_led1
 .rodata        0x0000000008004714       0x1c vscode-build/obj/gecko_sdk_4.3.1/hardware/driver/mx25_flash_shutdown/src/sl_mx25_flash_shutdown_usart/sl_mx25_flash_shutdown.o
 .rodata.GPIO_PinInGet.str1.1
                0x0000000008004730       0x2d vscode-build/obj/gecko_sdk_4.3.1/platform/driver/button/src/sl_simple_button.o
 .rodata.sl_simple_button_init.str1.1
                0x000000000800475d       0x3e vscode-build/obj/gecko_sdk_4.3.1/platform/driver/button/src/sl_simple_button.o
 .rodata.GPIO_PinOutClear.str1.1
                0x000000000800479b       0x2d vscode-build/obj/gecko_sdk_4.3.1/platform/driver/leddrv/src/sl_simple_led.o
 .rodata.HFRCODPLLDevinfoGet.str1.1
                0x000000000800479b       0x2c vscode-build/obj/gecko_sdk_4.3.1/platform/emlib/src/em_cmu.o
 .rodata.CORE_NvicMaskSetIRQ.str1.1
                0x00000000080047c7       0x2d vscode-build/obj/gecko_sdk_4.3.1/platform/emlib/src/em_core.o
 .rodata.EMU_VScaleEM01.str1.1
                0x00000000080047f4       0x2c vscode-build/obj/gecko_sdk_4.3.1/platform/emlib/src/em_emu.o
 .rodata.BUS_RegBitWrite.str1.1
                0x0000000008004820       0x2c vscode-build/obj/gecko_sdk_4.3.1/platform/emlib/src/em_gpio.o
 .rodata.GPIO_PinOutSet.str1.1
                0x000000000800484c       0x2d vscode-build/obj/gecko_sdk_4.3.1/platform/emlib/src/em_gpio.o
 .rodata.GPIO_ExtIntConfig.str1.1
                0x000000000800484c       0x2d vscode-build/obj/gecko_sdk_4.3.1/platform/emlib/src/em_gpio.o
 .rodata.PRS_ConvertToSyncSource.str1.1
                0x0000000008004879       0x2c vscode-build/obj/gecko_sdk_4.3.1/platform/emlib/src/em_prs.o
 .rodata.USART_BaudrateAsyncSet.str1.1
                0x00000000080048a5       0x2e vscode-build/obj/gecko_sdk_4.3.1/platform/emlib/src/em_usart.o
 .rodata.sl_sysrtc_init_group.str1.1
                0x00000000080048d3       0x3c vscode-build/obj/gecko_sdk_4.3.1/platform/peripheral/src/peripheral_sysrtc.o
 .rodata        0x000000000800490f        0x7 vscode-build/obj/gecko_sdk_4.3.1/platform/service/device_init/src/sl_device_init_dcdc_s2.o
 *fill*         0x0000000008004916        0x2 
 .rodata        0x0000000008004918       0x28 vscode-build/obj/gecko_sdk_4.3.1/platform/service/device_init/src/sl_device_init_hfxo_s2.o
 .rodata        0x0000000008004940       0x14 vscode-build/obj/gecko_sdk_4.3.1/platform/service/device_init/src/sl_device_init_lfxo_s2.o
 .rodata.power_manager_notify_em_transition.str1.1
                0x0000000008004954       0x46 vscode-build/obj/gecko_sdk_4.3.1/platform/service/power_manager/src/sl_power_manager.o
 .rodata.CSWTCH.64
                0x000000000800499a        0x4 vscode-build/obj/gecko_sdk_4.3.1/platform/service/power_manager/src/sl_power_manager.o
 .rodata.sli_power_manager_init_hardware.str1.1
                0x000000000800499e       0x4d vscode-build/obj/gecko_sdk_4.3.1/platform/service/power_manager/src/sl_power_manager_hal_s2.o
 .rodata.process_timer_irq.str1.1
                0x00000000080049eb       0x40 vscode-build/obj/gecko_sdk_4.3.1/platform/service/sleeptimer/src/sl_sleeptimer.o
 .rodata.sl_udelay_wait.str1.1
                0x0000000008004a2b       0x38 vscode-build/obj/gecko_sdk_4.3.1/platform/service/udelay/src/sl_udelay.o
 *fill*         0x0000000008004a63        0x1 
 .rodata._global_impure_ptr
                0x0000000008004a64        0x4 /Applications/Simplicity Studio.app/Contents/Eclipse/developer/toolchains/gnu_arm/10.3_2021.10/bin/../lib/gcc/arm-none-eabi/10.3.1/../../../../arm-none-eabi/lib/thumb/v8-m.main+fp/hard/libc_nano.a(lib_a-impure.o)
                0x0000000008004a64                _global_impure_ptr
 *(.eh_frame*)
 .eh_frame      0x0000000008004a68        0x0 /Applications/Simplicity Studio.app/Contents/Eclipse/developer/toolchains/gnu_arm/10.3_2021.10/bin/../lib/gcc/arm-none-eabi/10.3.1/thumb/v8-m.main+fp/hard/crtbegin.o

.glue_7         0x0000000008004a68        0x0
 .glue_7        0x0000000008004a68        0x0 linker stubs

.glue_7t        0x0000000008004a68        0x0
 .glue_7t       0x0000000008004a68        0x0 linker stubs

.vfp11_veneer   0x0000000008004a68        0x0
 .vfp11_veneer  0x0000000008004a68        0x0 linker stubs

.v4_bx          0x0000000008004a68        0x0
 .v4_bx         0x0000000008004a68        0x0 linker stubs

.iplt           0x0000000008004a68        0x0
 .iplt          0x0000000008004a68        0x0 /Applications/Simplicity Studio.app/Contents/Eclipse/developer/toolchains/gnu_arm/10.3_2021.10/bin/../lib/gcc/arm-none-eabi/10.3.1/thumb/v8-m.main+fp/hard/crtbegin.o

.ARM.extab
 *(.ARM.extab* .gnu.linkonce.armextab.*)
                0x0000000008004a68                __exidx_start = .

.ARM.exidx      0x0000000008004a68        0x8
 *(.ARM.exidx* .gnu.linkonce.armexidx.*)
 .ARM.exidx     0x0000000008004a68        0x8 /Applications/Simplicity Studio.app/Contents/Eclipse/developer/toolchains/gnu_arm/10.3_2021.10/bin/../lib/gcc/arm-none-eabi/10.3.1/../../../../arm-none-eabi/lib/thumb/v8-m.main+fp/hard/crt0.o
                                         0x10 (size before relaxing)
 .ARM.exidx     0x0000000008004a70        0x0 /Applications/Simplicity Studio.app/Contents/Eclipse/developer/toolchains/gnu_arm/10.3_2021.10/bin/../lib/gcc/arm-none-eabi/10.3.1/thumb/v8-m.main+fp/hard/libgcc.a(_udivmoddi4.o)
                                          0x8 (size before relaxing)
                0x0000000008004a70                __exidx_end = .

.rel.dyn        0x0000000008004a70        0x0
 .rel.iplt      0x0000000008004a70        0x0 /Applications/Simplicity Studio.app/Contents/Eclipse/developer/toolchains/gnu_arm/10.3_2021.10/bin/../lib/gcc/arm-none-eabi/10.3.1/thumb/v8-m.main+fp/hard/crtbegin.o

.copy.table     0x0000000008004a70        0xc
                0x0000000008004a70                . = ALIGN (0x4)
                0x0000000008004a70                __copy_table_start__ = .
                0x0000000008004a70        0x4 LONG 0x8004a7c __etext
                0x0000000008004a74        0x4 LONG 0x20001000 __data_start__
                0x0000000008004a78        0x4 LONG 0x28 ((__data_end__ - __data_start__) / 0x4)
                0x0000000008004a7c                __copy_table_end__ = .

.zero.table     0x0000000008004a7c        0x0
                0x0000000008004a7c                . = ALIGN (0x4)
                0x0000000008004a7c                __zero_table_start__ = .
                0x0000000008004a7c                __zero_table_end__ = .
                0x0000000008004a7c                __etext = .
                0x0000000020000000                . = ORIGIN (RAM)

.stack          0x0000000020000000     0x1000
                0x0000000020000000                __StackLimit = .
 *(.stack*)
 .stack         0x0000000020000000     0x1000 vscode-build/obj/gecko_sdk_4.3.1/platform/common/toolchain/src/sl_memory.o
                0x0000000020001000                . = ALIGN (0x4)
                0x0000000020001000                __StackTop = .
                0x0000000020001000                PROVIDE (__stack = __StackTop)

.noinit
 *(.noinit*)

.data           0x0000000020001000       0xa0 load address 0x0000000008004a7c
                0x0000000020001000                . = ALIGN (0x4)
                0x0000000020001000                __data_start__ = .
 *(vtable)
 *(SORT_BY_ALIGNMENT(.data*))
 .data.toggle_delay_ms_led0
                0x0000000020001000        0x4 vscode-build/obj/blink.o
                0x0000000020001000                toggle_delay_ms_led0
 .data.toggle_delay_ms_led1
                0x0000000020001004        0x4 vscode-build/obj/blink.o
                0x0000000020001004                toggle_delay_ms_led1
 .data.SystemCoreClock
                0x0000000020001008        0x4 vscode-build/obj/gecko_sdk_4.3.1/platform/Device/SiliconLabs/EFR32ZG23/Source/system_efr32zg23.o
                0x0000000020001008                SystemCoreClock
 .data.SystemHFRCODPLLClock
                0x000000002000100c        0x4 vscode-build/obj/gecko_sdk_4.3.1/platform/Device/SiliconLabs/EFR32ZG23/Source/system_efr32zg23.o
 .data.SystemHFXOClock
                0x0000000020001010        0x4 vscode-build/obj/gecko_sdk_4.3.1/platform/Device/SiliconLabs/EFR32ZG23/Source/system_efr32zg23.o
 .data.SystemLFXOClock
                0x0000000020001014        0x4 vscode-build/obj/gecko_sdk_4.3.1/platform/Device/SiliconLabs/EFR32ZG23/Source/system_efr32zg23.o
 .data.impure_data
                0x0000000020001018       0x60 /Applications/Simplicity Studio.app/Contents/Eclipse/developer/toolchains/gnu_arm/10.3_2021.10/bin/../lib/gcc/arm-none-eabi/10.3.1/../../../../arm-none-eabi/lib/thumb/v8-m.main+fp/hard/libc_nano.a(lib_a-impure.o)
 .data.simple_btn0_context
                0x0000000020001078        0x8 vscode-build/obj/autogen/sl_simple_button_instances.o
                0x0000000020001078                simple_btn0_context
 .data.simple_btn1_context
                0x0000000020001080        0x8 vscode-build/obj/autogen/sl_simple_button_instances.o
                0x0000000020001080                simple_btn1_context
 .data.hfxo_precision
                0x0000000020001088        0x2 vscode-build/obj/gecko_sdk_4.3.1/platform/emlib/src/em_cmu.o
 .data.lfxo_precision
                0x000000002000108a        0x2 vscode-build/obj/gecko_sdk_4.3.1/platform/emlib/src/em_cmu.o
 .data.simple_led0_context
                0x000000002000108c        0x3 vscode-build/obj/autogen/sl_simple_led_instances.o
                0x000000002000108c                simple_led0_context
 .data.simple_led1_context
                0x000000002000108f        0x3 vscode-build/obj/autogen/sl_simple_led_instances.o
                0x000000002000108f                simple_led1_context
 .data.ctuneDelta
                0x0000000020001092        0x1 vscode-build/obj/gecko_sdk_4.3.1/platform/emlib/src/em_cmu.o
 .data.is_fast_wakeup_enabled
                0x0000000020001093        0x1 vscode-build/obj/gecko_sdk_4.3.1/platform/service/power_manager/src/sl_power_manager_hal_s2.o
 .data.cc1_disabled
                0x0000000020001094        0x1 vscode-build/obj/gecko_sdk_4.3.1/platform/service/sleeptimer/src/sl_sleeptimer_hal_sysrtc.o
 .data.cc_disabled
                0x0000000020001095        0x1 vscode-build/obj/gecko_sdk_4.3.1/platform/service/sleeptimer/src/sl_sleeptimer_hal_sysrtc.o
                0x0000000020001098                . = ALIGN (0x4)
 *fill*         0x0000000020001096        0x2 
                [!provide]                        PROVIDE (__ram_func_section_start = .)
 *(.ram)
                [!provide]                        PROVIDE (__ram_func_section_end = .)
                0x0000000020001098                . = ALIGN (0x4)
                0x0000000020001098                PROVIDE (__preinit_array_start = .)
 *(.preinit_array)
                0x0000000020001098                PROVIDE (__preinit_array_end = .)
                0x0000000020001098                . = ALIGN (0x4)
                0x0000000020001098                PROVIDE (__init_array_start = .)
 *(SORT_BY_NAME(.init_array.*))
 *(.init_array)
 .init_array    0x0000000020001098        0x4 /Applications/Simplicity Studio.app/Contents/Eclipse/developer/toolchains/gnu_arm/10.3_2021.10/bin/../lib/gcc/arm-none-eabi/10.3.1/thumb/v8-m.main+fp/hard/crtbegin.o
                0x000000002000109c                PROVIDE (__init_array_end = .)
                0x000000002000109c                . = ALIGN (0x4)
                [!provide]                        PROVIDE (__fini_array_start = .)
 *(SORT_BY_NAME(.fini_array.*))
 *(.fini_array)
 .fini_array    0x000000002000109c        0x4 /Applications/Simplicity Studio.app/Contents/Eclipse/developer/toolchains/gnu_arm/10.3_2021.10/bin/../lib/gcc/arm-none-eabi/10.3.1/thumb/v8-m.main+fp/hard/crtbegin.o
                [!provide]                        PROVIDE (__fini_array_end = .)
                0x00000000200010a0                . = ALIGN (0x4)
                0x00000000200010a0                __data_end__ = .

.igot.plt       0x00000000200010a0        0x0 load address 0x0000000008004b1c
 .igot.plt      0x00000000200010a0        0x0 /Applications/Simplicity Studio.app/Contents/Eclipse/developer/toolchains/gnu_arm/10.3_2021.10/bin/../lib/gcc/arm-none-eabi/10.3.1/thumb/v8-m.main+fp/hard/crtbegin.o

.bss            0x00000000200010a0      0x2fc load address 0x0000000008004b1c
                0x00000000200010a0                . = ALIGN (0x4)
                0x00000000200010a0                __bss_start__ = .
 *(SORT_BY_ALIGNMENT(.bss*))
 .bss           0x00000000200010a0       0x1c /Applications/Simplicity Studio.app/Contents/Eclipse/developer/toolchains/gnu_arm/10.3_2021.10/bin/../lib/gcc/arm-none-eabi/10.3.1/thumb/v8-m.main+fp/hard/crtbegin.o
 .bss.timer_led0
                0x00000000200010bc       0x20 vscode-build/obj/blink.o
                0x00000000200010bc                timer_led0
 .bss.timer_led1
                0x00000000200010dc       0x20 vscode-build/obj/blink.o
                0x00000000200010dc                timer_led1
 .bss.gpioCallbacks
                0x00000000200010fc      0x200 vscode-build/obj/gecko_sdk_4.3.1/platform/emdrv/gpiointerrupt/src/gpiointerrupt.o
 .bss.hfxo_last_startup_time
                0x00000000200012fc        0x4 vscode-build/obj/gecko_sdk_4.3.1/platform/service/hfxo_manager/src/sl_hfxo_manager.o
 .bss.hfxo_prs_startup_time_tc_initial
                0x0000000020001300        0x4 vscode-build/obj/gecko_sdk_4.3.1/platform/service/hfxo_manager/src/sl_hfxo_manager.o
 .bss.hfxo_startup_time_sum_average
                0x0000000020001304        0x4 vscode-build/obj/gecko_sdk_4.3.1/platform/service/hfxo_manager/src/sl_hfxo_manager.o
 .bss.hfxo_startup_time_table
                0x0000000020001308       0x28 vscode-build/obj/gecko_sdk_4.3.1/platform/service/hfxo_manager/src/sl_hfxo_manager.o
 .bss.hfxo_startup_time_tc_initial
                0x0000000020001330        0x4 vscode-build/obj/gecko_sdk_4.3.1/platform/service/hfxo_manager/src/sl_hfxo_manager.o
 .bss.hfxo_startup_time_tick
                0x0000000020001334        0x4 vscode-build/obj/gecko_sdk_4.3.1/platform/service/hfxo_manager/src/sl_hfxo_manager.o
 .bss.clock_wakeup_timer_handle
                0x0000000020001338       0x20 vscode-build/obj/gecko_sdk_4.3.1/platform/service/power_manager/src/sl_power_manager.o
 .bss.high_frequency_min_offtime_tick
                0x0000000020001358        0x4 vscode-build/obj/gecko_sdk_4.3.1/platform/service/power_manager/src/sl_power_manager.o
                0x0000000020001358                high_frequency_min_offtime_tick
 .bss.power_manager_em_transition_event_list
                0x000000002000135c        0x4 vscode-build/obj/gecko_sdk_4.3.1/platform/service/power_manager/src/sl_power_manager.o
 .bss.sleeptimer_frequency
                0x0000000020001360        0x4 vscode-build/obj/gecko_sdk_4.3.1/platform/service/power_manager/src/sl_power_manager.o
 .bss.wakeup_time_config_overhead_tick
                0x0000000020001364        0x4 vscode-build/obj/gecko_sdk_4.3.1/platform/service/power_manager/src/sl_power_manager.o
                0x0000000020001364                wakeup_time_config_overhead_tick
 .bss.cmu_sys_clock_register
                0x0000000020001368        0x4 vscode-build/obj/gecko_sdk_4.3.1/platform/service/power_manager/src/sl_power_manager_hal_s2.o
                0x0000000020001368                cmu_sys_clock_register
 .bss.process_wakeup_overhead_tick
                0x000000002000136c        0x4 vscode-build/obj/gecko_sdk_4.3.1/platform/service/power_manager/src/sl_power_manager_hal_s2.o
 .bss.last_delta_update_count
                0x0000000020001370        0x4 vscode-build/obj/gecko_sdk_4.3.1/platform/service/sleeptimer/src/sl_sleeptimer.o
 .bss.max_millisecond_conversion
                0x0000000020001374        0x4 vscode-build/obj/gecko_sdk_4.3.1/platform/service/sleeptimer/src/sl_sleeptimer.o
 .bss.timer_frequency
                0x0000000020001378        0x4 vscode-build/obj/gecko_sdk_4.3.1/platform/service/sleeptimer/src/sl_sleeptimer.o
 .bss.timer_head
                0x000000002000137c        0x4 vscode-build/obj/gecko_sdk_4.3.1/platform/service/sleeptimer/src/sl_sleeptimer.o
 .bss.overflow_counter
                0x0000000020001380        0x2 vscode-build/obj/gecko_sdk_4.3.1/platform/service/sleeptimer/src/sl_sleeptimer.o
 .bss.toggle_timeout_led0
                0x0000000020001382        0x1 vscode-build/obj/blink.o
                0x0000000020001382                toggle_timeout_led0
 .bss.toggle_timeout_led1
                0x0000000020001383        0x1 vscode-build/obj/blink.o
                0x0000000020001383                toggle_timeout_led1
 .bss.vScaleEM01Config
                0x0000000020001384        0x1 vscode-build/obj/gecko_sdk_4.3.1/platform/emlib/src/em_emu.o
 .bss.hfxo_measurement_on
                0x0000000020001385        0x1 vscode-build/obj/gecko_sdk_4.3.1/platform/service/hfxo_manager/src/sl_hfxo_manager.o
 .bss.hfxo_prs_measurement_on
                0x0000000020001386        0x1 vscode-build/obj/gecko_sdk_4.3.1/platform/service/hfxo_manager/src/sl_hfxo_manager.o
 .bss.hfxo_startup_time_table_index
                0x0000000020001387        0x1 vscode-build/obj/gecko_sdk_4.3.1/platform/service/hfxo_manager/src/sl_hfxo_manager.o
 .bss.current_em
                0x0000000020001388        0x1 vscode-build/obj/gecko_sdk_4.3.1/platform/service/power_manager/src/sl_power_manager.o
 .bss.is_actively_waiting_for_clock_restore
                0x0000000020001389        0x1 vscode-build/obj/gecko_sdk_4.3.1/platform/service/power_manager/src/sl_power_manager.o
 .bss.is_hf_x_oscillator_not_preserved
                0x000000002000138a        0x1 vscode-build/obj/gecko_sdk_4.3.1/platform/service/power_manager/src/sl_power_manager.o
 .bss.is_initialized
                0x000000002000138b        0x1 vscode-build/obj/gecko_sdk_4.3.1/platform/service/power_manager/src/sl_power_manager.o
 .bss.is_restored_from_hfxo_isr
                0x000000002000138c        0x1 vscode-build/obj/gecko_sdk_4.3.1/platform/service/power_manager/src/sl_power_manager.o
 .bss.is_restored_from_hfxo_isr_internal
                0x000000002000138d        0x1 vscode-build/obj/gecko_sdk_4.3.1/platform/service/power_manager/src/sl_power_manager.o
 .bss.is_sleeping_waiting_for_clock_restore
                0x000000002000138e        0x1 vscode-build/obj/gecko_sdk_4.3.1/platform/service/power_manager/src/sl_power_manager.o
 .bss.is_states_saved
                0x000000002000138f        0x1 vscode-build/obj/gecko_sdk_4.3.1/platform/service/power_manager/src/sl_power_manager.o
 .bss.requirement_em_table
                0x0000000020001390        0x2 vscode-build/obj/gecko_sdk_4.3.1/platform/service/power_manager/src/sl_power_manager.o
 .bss.requirement_high_accuracy_hf_clock_back_to_zero
                0x0000000020001392        0x1 vscode-build/obj/gecko_sdk_4.3.1/platform/service/power_manager/src/sl_power_manager.o
                0x0000000020001392                requirement_high_accuracy_hf_clock_back_to_zero
 .bss.requirement_high_accuracy_hf_clock_counter
                0x0000000020001393        0x1 vscode-build/obj/gecko_sdk_4.3.1/platform/service/power_manager/src/sl_power_manager.o
                0x0000000020001393                requirement_high_accuracy_hf_clock_counter
 .bss.requirement_on_em1_added
                0x0000000020001394        0x1 vscode-build/obj/gecko_sdk_4.3.1/platform/service/power_manager/src/sl_power_manager.o
 .bss.waiting_clock_restore_from_em
                0x0000000020001395        0x1 vscode-build/obj/gecko_sdk_4.3.1/platform/service/power_manager/src/sl_power_manager.o
 .bss.is_entering_deepsleep
                0x0000000020001396        0x1 vscode-build/obj/gecko_sdk_4.3.1/platform/service/power_manager/src/sl_power_manager_hal_s2.o
 .bss.is_hf_x_oscillator_already_started
                0x0000000020001397        0x1 vscode-build/obj/gecko_sdk_4.3.1/platform/service/power_manager/src/sl_power_manager_hal_s2.o
 .bss.is_hf_x_oscillator_used
                0x0000000020001398        0x1 vscode-build/obj/gecko_sdk_4.3.1/platform/service/power_manager/src/sl_power_manager_hal_s2.o
 .bss.is_sleeptimer_initialized
                0x0000000020001399        0x1 vscode-build/obj/gecko_sdk_4.3.1/platform/service/sleeptimer/src/sl_sleeptimer.o
 .bss.next_timer_to_expire_is_power_manager
                0x000000002000139a        0x1 vscode-build/obj/gecko_sdk_4.3.1/platform/service/sleeptimer/src/sl_sleeptimer.o
 .bss.sleep_on_isr_exit
                0x000000002000139b        0x1 vscode-build/obj/gecko_sdk_4.3.1/platform/service/sleeptimer/src/sl_sleeptimer.o
 *(COMMON)
                0x000000002000139c                . = ALIGN (0x4)
                0x000000002000139c                __bss_end__ = .

.heap           0x00000000200013a0      0x800
                0x00000000200013a0                __HeapBase = .
                0x00000000200013a0                __end__ = .
                0x00000000200013a0                end = __end__
                0x00000000200013a0                _end = __end__
 *(.heap*)
 .heap          0x00000000200013a0      0x800 vscode-build/obj/gecko_sdk_4.3.1/platform/common/toolchain/src/sl_memory.o
                0x0000000020010000                __HeapLimit = (ORIGIN (RAM) + LENGTH (RAM))
                0x000000000000ec60                __heap_size = (__HeapLimit - __HeapBase)
                0x0000000020010000                __ram_end__ = 0x20010000
                0x000000000807e000                __main_flash_end__ = 0x807e000

.internal_storage
                0x0000000008004a7c        0x0
 *(.internal_storage*)

.nvm            0x0000000008004a7c        0x0
 *(.simee*)
                0x000000000807e000                linker_nvm_end = __main_flash_end__
                0x000000000807e000                linker_nvm_begin = (linker_nvm_end - SIZEOF (.nvm))
                0x0000000000000000                linker_nvm_size = SIZEOF (.nvm)
                0x000000000807e000                linker_storage_end = linker_nvm_begin
                0x000000000807e000                __nvm3Base = linker_nvm_begin
                0x000000000807e000                linker_storage_begin = (linker_storage_end - SIZEOF (.internal_storage))
                0x0000000000000000                linker_storage_size = SIZEOF (.internal_storage)
                0x0000000000000001                ASSERT ((linker_storage_begin >= (__etext + SIZEOF (.data))), FLASH memory overflowed !)
                0x000000000807e000                app_flash_end = 0x807e000
                0x0000000000000001                ASSERT (((linker_nvm_begin + SIZEOF (.nvm)) <= app_flash_end), NVM3 is excessing the flash size !)
OUTPUT(vscode-build/blink_baremetal_devBoard.out elf32-littlearm)
LOAD linker stubs

.ARM.attributes
                0x0000000000000000       0x36
 .ARM.attributes
                0x0000000000000000       0x22 /Applications/Simplicity Studio.app/Contents/Eclipse/developer/toolchains/gnu_arm/10.3_2021.10/bin/../lib/gcc/arm-none-eabi/10.3.1/thumb/v8-m.main+fp/hard/crti.o
 .ARM.attributes
                0x0000000000000022       0x38 /Applications/Simplicity Studio.app/Contents/Eclipse/developer/toolchains/gnu_arm/10.3_2021.10/bin/../lib/gcc/arm-none-eabi/10.3.1/thumb/v8-m.main+fp/hard/crtbegin.o
 .ARM.attributes
                0x000000000000005a       0x20 /Applications/Simplicity Studio.app/Contents/Eclipse/developer/toolchains/gnu_arm/10.3_2021.10/bin/../lib/gcc/arm-none-eabi/10.3.1/../../../../arm-none-eabi/lib/thumb/v8-m.main+fp/hard/crt0.o
 .ARM.attributes
                0x000000000000007a       0x26 vscode-build/obj/gecko_sdk_4.3.1/platform/service/udelay/src/sl_udelay_armv6m_gcc.o
 .ARM.attributes
                0x00000000000000a0       0x3a vscode-build/obj/app.o
 .ARM.attributes
                0x00000000000000da       0x3a vscode-build/obj/autogen/sl_board_default_init.o
 .ARM.attributes
                0x0000000000000114       0x3a vscode-build/obj/autogen/sl_device_init_clocks.o
 .ARM.attributes
                0x000000000000014e       0x3a vscode-build/obj/autogen/sl_event_handler.o
 .ARM.attributes
                0x0000000000000188       0x3a vscode-build/obj/autogen/sl_power_manager_handler.o
 .ARM.attributes
                0x00000000000001c2       0x3a vscode-build/obj/autogen/sl_simple_button_instances.o
 .ARM.attributes
                0x00000000000001fc       0x3a vscode-build/obj/autogen/sl_simple_led_instances.o
 .ARM.attributes
                0x0000000000000236       0x3a vscode-build/obj/blink.o
 .ARM.attributes
                0x0000000000000270       0x3a vscode-build/obj/gecko_sdk_4.3.1/hardware/board/src/sl_board_control_gpio.o
 .ARM.attributes
                0x00000000000002aa       0x3a vscode-build/obj/gecko_sdk_4.3.1/hardware/board/src/sl_board_init.o
 .ARM.attributes
                0x00000000000002e4       0x3a vscode-build/obj/gecko_sdk_4.3.1/hardware/driver/configuration_over_swo/src/sl_cos.o
 .ARM.attributes